Archive member included to satisfy reference by file (symbol)

c:/progra~2/gnuarm~1/102021~1.10/bin/../lib/gcc/arm-none-eabi/10.3.1/thumb/v6-m/nofp\libgcc.a(_dvmd_tls.o)
                              CMakeFiles/multitest_incremental.dir/C_/Users/matti/Pico/pico-sdk/src/rp2_common/pico_divider/divider.S.obj (__aeabi_idiv0)
c:/progra~2/gnuarm~1/102021~1.10/bin/../lib/gcc/arm-none-eabi/10.3.1/../../../../arm-none-eabi/lib/thumb/v6-m/nofp\libc.a(lib_a-calloc.o)
                              CMakeFiles/multitest_incremental.dir/C_/Users/matti/Pico/pico-sdk/src/rp2_common/pico_malloc/pico_malloc.c.obj (calloc)
c:/progra~2/gnuarm~1/102021~1.10/bin/../lib/gcc/arm-none-eabi/10.3.1/../../../../arm-none-eabi/lib/thumb/v6-m/nofp\libc.a(lib_a-callocr.o)
                              c:/progra~2/gnuarm~1/102021~1.10/bin/../lib/gcc/arm-none-eabi/10.3.1/../../../../arm-none-eabi/lib/thumb/v6-m/nofp\libc.a(lib_a-calloc.o) (_calloc_r)
c:/progra~2/gnuarm~1/102021~1.10/bin/../lib/gcc/arm-none-eabi/10.3.1/../../../../arm-none-eabi/lib/thumb/v6-m/nofp\libc.a(lib_a-errno.o)
                              c:/progra~2/gnuarm~1/102021~1.10/bin/../lib/gcc/arm-none-eabi/10.3.1/../../../../arm-none-eabi/lib/thumb/v6-m/nofp\libc.a(lib_a-callocr.o) (__errno)
c:/progra~2/gnuarm~1/102021~1.10/bin/../lib/gcc/arm-none-eabi/10.3.1/../../../../arm-none-eabi/lib/thumb/v6-m/nofp\libc.a(lib_a-impure.o)
                              c:/progra~2/gnuarm~1/102021~1.10/bin/../lib/gcc/arm-none-eabi/10.3.1/../../../../arm-none-eabi/lib/thumb/v6-m/nofp\libc.a(lib_a-calloc.o) (_impure_ptr)
c:/progra~2/gnuarm~1/102021~1.10/bin/../lib/gcc/arm-none-eabi/10.3.1/../../../../arm-none-eabi/lib/thumb/v6-m/nofp\libc.a(lib_a-init.o)
                              c:/progra~2/gnuarm~1/102021~1.10/bin/../lib/gcc/arm-none-eabi/10.3.1/../../../../arm-none-eabi/lib/thumb/v6-m/nofp/crt0.o (__libc_init_array)
c:/progra~2/gnuarm~1/102021~1.10/bin/../lib/gcc/arm-none-eabi/10.3.1/../../../../arm-none-eabi/lib/thumb/v6-m/nofp\libc.a(lib_a-malloc.o)
                              CMakeFiles/multitest_incremental.dir/C_/Users/matti/Pico/pico-sdk/src/rp2_common/pico_malloc/pico_malloc.c.obj (malloc)
c:/progra~2/gnuarm~1/102021~1.10/bin/../lib/gcc/arm-none-eabi/10.3.1/../../../../arm-none-eabi/lib/thumb/v6-m/nofp\libc.a(lib_a-mallocr.o)
                              c:/progra~2/gnuarm~1/102021~1.10/bin/../lib/gcc/arm-none-eabi/10.3.1/../../../../arm-none-eabi/lib/thumb/v6-m/nofp\libc.a(lib_a-callocr.o) (_malloc_r)
c:/progra~2/gnuarm~1/102021~1.10/bin/../lib/gcc/arm-none-eabi/10.3.1/../../../../arm-none-eabi/lib/thumb/v6-m/nofp\libc.a(lib_a-mlock.o)
                              c:/progra~2/gnuarm~1/102021~1.10/bin/../lib/gcc/arm-none-eabi/10.3.1/../../../../arm-none-eabi/lib/thumb/v6-m/nofp\libc.a(lib_a-mallocr.o) (__malloc_lock)
c:/progra~2/gnuarm~1/102021~1.10/bin/../lib/gcc/arm-none-eabi/10.3.1/../../../../arm-none-eabi/lib/thumb/v6-m/nofp\libc.a(lib_a-realloc.o)
                              CMakeFiles/multitest_incremental.dir/C_/Users/matti/Pico/pico-sdk/src/rp2_common/pico_malloc/pico_malloc.c.obj (realloc)
c:/progra~2/gnuarm~1/102021~1.10/bin/../lib/gcc/arm-none-eabi/10.3.1/../../../../arm-none-eabi/lib/thumb/v6-m/nofp\libc.a(lib_a-reallocr.o)
                              c:/progra~2/gnuarm~1/102021~1.10/bin/../lib/gcc/arm-none-eabi/10.3.1/../../../../arm-none-eabi/lib/thumb/v6-m/nofp\libc.a(lib_a-realloc.o) (_realloc_r)
c:/progra~2/gnuarm~1/102021~1.10/bin/../lib/gcc/arm-none-eabi/10.3.1/../../../../arm-none-eabi/lib/thumb/v6-m/nofp\libc.a(lib_a-sbrkr.o)
                              c:/progra~2/gnuarm~1/102021~1.10/bin/../lib/gcc/arm-none-eabi/10.3.1/../../../../arm-none-eabi/lib/thumb/v6-m/nofp\libc.a(lib_a-mallocr.o) (_sbrk_r)
c:/progra~2/gnuarm~1/102021~1.10/bin/../lib/gcc/arm-none-eabi/10.3.1/../../../../arm-none-eabi/lib/thumb/v6-m/nofp\libc.a(lib_a-strlen-stub.o)
                              CMakeFiles/multitest_incremental.dir/C_/Users/matti/Pico/pico-sdk/src/rp2_common/pico_stdio/stdio.c.obj (strlen)
c:/progra~2/gnuarm~1/102021~1.10/bin/../lib/gcc/arm-none-eabi/10.3.1/../../../../arm-none-eabi/lib/thumb/v6-m/nofp\libc.a(lib_a-freer.o)
                              c:/progra~2/gnuarm~1/102021~1.10/bin/../lib/gcc/arm-none-eabi/10.3.1/../../../../arm-none-eabi/lib/thumb/v6-m/nofp\libc.a(lib_a-malloc.o) (_free_r)
c:/progra~2/gnuarm~1/102021~1.10/bin/../lib/gcc/arm-none-eabi/10.3.1/../../../../arm-none-eabi/lib/thumb/v6-m/nofp\libc.a(lib_a-lock.o)
                              c:/progra~2/gnuarm~1/102021~1.10/bin/../lib/gcc/arm-none-eabi/10.3.1/../../../../arm-none-eabi/lib/thumb/v6-m/nofp\libc.a(lib_a-mlock.o) (__retarget_lock_acquire_recursive)
c:/progra~2/gnuarm~1/102021~1.10/bin/../lib/gcc/arm-none-eabi/10.3.1/../../../../arm-none-eabi/lib/thumb/v6-m/nofp\libc.a(lib_a-memmove.o)
                              c:/progra~2/gnuarm~1/102021~1.10/bin/../lib/gcc/arm-none-eabi/10.3.1/../../../../arm-none-eabi/lib/thumb/v6-m/nofp\libc.a(lib_a-reallocr.o) (memmove)
[...]
Memory Configuration

Name             Origin             Length             Attributes
FLASH            0x10000000         0x00200000         xr
RAM              0x20000000         0x00040000         xrw
SCRATCH_X        0x20040000         0x00001000         xrw
SCRATCH_Y        0x20041000         0x00001000         xrw
*default*        0x00000000         0xffffffff

Linker script and memory map

LOAD c:/progra~2/gnuarm~1/102021~1.10/bin/../lib/gcc/arm-none-eabi/10.3.1/thumb/v6-m/nofp/crti.o
LOAD c:/progra~2/gnuarm~1/102021~1.10/bin/../lib/gcc/arm-none-eabi/10.3.1/thumb/v6-m/nofp/crtbegin.o
LOAD c:/progra~2/gnuarm~1/102021~1.10/bin/../lib/gcc/arm-none-eabi/10.3.1/../../../../arm-none-eabi/lib/thumb/v6-m/nofp/crt0.o

.flash_begin    0x10000000        0x0
                0x10000000                __flash_binary_start = .

.boot2          0x10000000      0x100
                0x10000000                __boot2_start__ = .
 *(.boot2)
 .boot2         0x10000000      0x100 C:\Users\matti\AppData\Local\Temp\cccP6XUU.o
                0x10000100                __boot2_end__ = .
                0x00000001                ASSERT (((__boot2_end__ - __boot2_start__) == 0x100), ERROR: Pico second stage bootloader must be 256 bytes in size)

.text           0x10000100     0x6388
                0x10000100                __logical_binary_start = .
 *(.vectors)
 .vectors       0x10000100       0xd4 CMakeFiles/multitest_incremental.dir/C_/Users/matti/Pico/pico-sdk/src/rp2_common/pico_standard_link/crt0.S.obj
                0x10000100                __VECTOR_TABLE
                0x10000100                __vectors
                0x100001c0                isr_invalid
                0x100001c0                __default_isrs_start
                0x100001c2                isr_nmi
                0x100001c4                isr_hardfault
                0x100001c6                isr_svcall
                0x100001c8                isr_pendsv
                0x100001ca                isr_systick
                0x100001cc                isr_irq23
                0x100001cc                isr_irq18
                0x100001cc                isr_irq11
                0x100001cc                isr_irq28
                0x100001cc                isr_irq19
                0x100001cc                isr_irq0
                0x100001cc                isr_irq6
                0x100001cc                isr_irq5
                0x100001cc                isr_irq12
                0x100001cc                isr_irq22
                0x100001cc                isr_irq31
                0x100001cc                isr_irq17
                0x100001cc                isr_irq27
                0x100001cc                isr_irq30
                0x100001cc                isr_irq2
                0x100001cc                isr_irq10
                0x100001cc                isr_irq8
                0x100001cc                isr_irq24
                0x100001cc                isr_irq1
                0x100001cc                isr_irq7
                0x100001cc                isr_irq21
                0x100001cc                isr_irq20
                0x100001cc                isr_irq15
                0x100001cc                isr_irq25
                0x100001cc                isr_irq13
                0x100001cc                __unhandled_user_irq
                0x100001cc                isr_irq4
                0x100001cc                isr_irq16
                0x100001cc                isr_irq29
                0x100001cc                isr_irq26
                0x100001cc                __default_isrs_end
                0x100001cc                isr_irq3
                0x100001cc                isr_irq14
                0x100001cc                isr_irq9
                0x100001d2                unhandled_user_irq_num_in_r0
 *(.binary_info_header)
 .binary_info_header
                0x100001d4       0x14 CMakeFiles/multitest_incremental.dir/C_/Users/matti/Pico/pico-sdk/src/rp2_common/pico_standard_link/crt0.S.obj
                0x100001e8                __binary_info_header_end = .
 *(.reset)
 .reset         0x100001e8       0xa0 CMakeFiles/multitest_incremental.dir/C_/Users/matti/Pico/pico-sdk/src/rp2_common/pico_standard_link/crt0.S.obj
                0x100001e8                _entry_point
 .reset         0x10000288       0x30 CMakeFiles/multitest_incremental.dir/C_/Users/matti/Pico/pico-sdk/src/rp2_common/pico_standard_link/binary_info.c.obj
 *(.init)
 .init          0x100002b8        0x4 c:/progra~2/gnuarm~1/102021~1.10/bin/../lib/gcc/arm-none-eabi/10.3.1/thumb/v6-m/nofp/crti.o
                0x100002b8                _init
 *(EXCLUDE_FILE(*libm.a: *libc.a:*lib_a-mem*.o *libgcc.a:) .text*)
 .text          0x100002bc       0x48 c:/progra~2/gnuarm~1/102021~1.10/bin/../lib/gcc/arm-none-eabi/10.3.1/thumb/v6-m/nofp/crtbegin.o
 .text.repeating_timer_callback_core_1
                0x10000304       0xf4 CMakeFiles/multitest_incremental.dir/multitest.c.obj
                0x10000304                repeating_timer_callback_core_1
 .text.repeating_timer_callback_core_0
                0x100003f8       0xf8 CMakeFiles/multitest_incremental.dir/multitest.c.obj
                0x100003f8                repeating_timer_callback_core_0
 .text.protothread_core_1
                0x100004f0       0xdc CMakeFiles/multitest_incremental.dir/multitest.c.obj
 .text.protothread_core_0
                0x100005cc       0xdc CMakeFiles/multitest_incremental.dir/multitest.c.obj
 .text.protothread_sched.constprop.0.isra.0
                0x100006a8       0x70 CMakeFiles/multitest_incremental.dir/multitest.c.obj
 .text.protothread_sched1.constprop.0.isra.0
                0x10000718       0x70 CMakeFiles/multitest_incremental.dir/multitest.c.obj
 .text.core1_entry
                0x10000788       0xa4 CMakeFiles/multitest_incremental.dir/multitest.c.obj
                0x10000788                core1_entry
 .text.startup.main
                0x1000082c      0x20c CMakeFiles/multitest_incremental.dir/multitest.c.obj
                0x1000082c                main
 .text.gpio_set_function
                0x10000a38       0x30 CMakeFiles/multitest_incremental.dir/C_/Users/matti/Pico/pico-sdk/src/rp2_common/hardware_gpio/gpio.c.obj
                0x10000a38                gpio_set_function
 .text.gpio_init
                0x10000a68       0x3c CMakeFiles/multitest_incremental.dir/C_/Users/matti/Pico/pico-sdk/src/rp2_common/hardware_gpio/gpio.c.obj
                0x10000a68                gpio_init
 .text.running_on_fpga
                0x10000aa4       0x10 CMakeFiles/multitest_incremental.dir/C_/Users/matti/Pico/pico-sdk/src/rp2_common/pico_platform/platform.c.obj
                0x10000aa4                running_on_fpga
 .text.hw_claim_or_assert
                0x10000ab4       0x44 CMakeFiles/multitest_incremental.dir/C_/Users/matti/Pico/pico-sdk/src/rp2_common/hardware_claim/claim.c.obj
                0x10000ab4                hw_claim_or_assert
 .text.spin_locks_reset
                0x10000af8       0x1c CMakeFiles/multitest_incremental.dir/C_/Users/matti/Pico/pico-sdk/src/rp2_common/hardware_sync/sync.c.obj
                0x10000af8                spin_locks_reset
 .text.spin_lock_init
                0x10000b14       0x18 CMakeFiles/multitest_incremental.dir/C_/Users/matti/Pico/pico-sdk/src/rp2_common/hardware_sync/sync.c.obj
                0x10000b14                spin_lock_init
 .text.next_striped_spin_lock_num
                0x10000b2c       0x18 CMakeFiles/multitest_incremental.dir/C_/Users/matti/Pico/pico-sdk/src/rp2_common/hardware_sync/sync.c.obj
                0x10000b2c                next_striped_spin_lock_num
 .text.irq_set_enabled
                0x10000b44       0x24 CMakeFiles/multitest_incremental.dir/C_/Users/matti/Pico/pico-sdk/src/rp2_common/hardware_irq/irq.c.obj
                0x10000b44                irq_set_enabled
 .text.irq_is_enabled
                0x10000b68       0x18 CMakeFiles/multitest_incremental.dir/C_/Users/matti/Pico/pico-sdk/src/rp2_common/hardware_irq/irq.c.obj
                0x10000b68                irq_is_enabled
 .text.irq_get_vtable_handler
                0x10000b80       0x10 CMakeFiles/multitest_incremental.dir/C_/Users/matti/Pico/pico-sdk/src/rp2_common/hardware_irq/irq.c.obj
                0x10000b80                irq_get_vtable_handler
 .text.irq_set_exclusive_handler
                0x10000b90       0x54 CMakeFiles/multitest_incremental.dir/C_/Users/matti/Pico/pico-sdk/src/rp2_common/hardware_irq/irq.c.obj
                0x10000b90                irq_set_exclusive_handler
 .text.irq_remove_handler
                0x10000be4      0x1b0 CMakeFiles/multitest_incremental.dir/C_/Users/matti/Pico/pico-sdk/src/rp2_common/hardware_irq/irq.c.obj
                0x10000be4                irq_remove_handler
 .text.irq_add_tail_to_free_list
                0x10000d94       0xb4 CMakeFiles/multitest_incremental.dir/C_/Users/matti/Pico/pico-sdk/src/rp2_common/hardware_irq/irq.c.obj
                0x10000d94                irq_add_tail_to_free_list
 .text.irq_init_priorities
                0x10000e48       0x24 CMakeFiles/multitest_incremental.dir/C_/Users/matti/Pico/pico-sdk/src/rp2_common/hardware_irq/irq.c.obj
                0x10000e48                irq_init_priorities
 .text.lock_init
                0x10000e6c       0x10 CMakeFiles/multitest_incremental.dir/C_/Users/matti/Pico/pico-sdk/src/common/pico_sync/lock_core.c.obj
                0x10000e6c                lock_init
 .text.mutex_init
                0x10000e7c       0x1c CMakeFiles/multitest_incremental.dir/C_/Users/matti/Pico/pico-sdk/src/common/pico_sync/mutex.c.obj
                0x10000e7c                mutex_init
 .text.recursive_mutex_init
                0x10000e98       0x1c CMakeFiles/multitest_incremental.dir/C_/Users/matti/Pico/pico-sdk/src/common/pico_sync/mutex.c.obj
                0x10000e98                recursive_mutex_init
 .text.timer_pool_entry_comparator
                0x10000eb4       0x34 CMakeFiles/multitest_incremental.dir/C_/Users/matti/Pico/pico-sdk/src/common/pico_time/time.c.obj
                0x10000eb4                timer_pool_entry_comparator
 .text.repeating_timer_callback
                0x10000ee8       0x1c CMakeFiles/multitest_incremental.dir/C_/Users/matti/Pico/pico-sdk/src/common/pico_time/time.c.obj
 .text.sleep_until_callback
                0x10000f04       0x30 CMakeFiles/multitest_incremental.dir/C_/Users/matti/Pico/pico-sdk/src/common/pico_time/time.c.obj
 .text.add_alarm_under_lock.isra.0
                0x10000f34      0x100 CMakeFiles/multitest_incremental.dir/C_/Users/matti/Pico/pico-sdk/src/common/pico_time/time.c.obj
 .text.alarm_pool_alarm_callback
                0x10001034      0x1bc CMakeFiles/multitest_incremental.dir/C_/Users/matti/Pico/pico-sdk/src/common/pico_time/time.c.obj
 .text.alarm_pool_init_default
                0x100011f0       0x6c CMakeFiles/multitest_incremental.dir/C_/Users/matti/Pico/pico-sdk/src/common/pico_time/time.c.obj
                0x100011f0                alarm_pool_init_default
 .text.alarm_pool_get_default
                0x1000125c        0x8 CMakeFiles/multitest_incremental.dir/C_/Users/matti/Pico/pico-sdk/src/common/pico_time/time.c.obj
                0x1000125c                alarm_pool_get_default
 .text.alarm_pool_create
                0x10001264       0x74 CMakeFiles/multitest_incremental.dir/C_/Users/matti/Pico/pico-sdk/src/common/pico_time/time.c.obj
                0x10001264                alarm_pool_create
 .text.alarm_pool_add_alarm_at
                0x100012d8      0x178 CMakeFiles/multitest_incremental.dir/C_/Users/matti/Pico/pico-sdk/src/common/pico_time/time.c.obj
                0x100012d8                alarm_pool_add_alarm_at
 .text.alarm_pool_add_repeating_timer_us
                0x10001450      0x208 CMakeFiles/multitest_incremental.dir/C_/Users/matti/Pico/pico-sdk/src/common/pico_time/time.c.obj
                0x10001450                alarm_pool_add_repeating_timer_us
 .text.sleep_until
                0x10001658       0xc4 CMakeFiles/multitest_incremental.dir/C_/Users/matti/Pico/pico-sdk/src/common/pico_time/time.c.obj
                0x10001658                sleep_until
 .text.sleep_ms
                0x1000171c       0x34 CMakeFiles/multitest_incremental.dir/C_/Users/matti/Pico/pico-sdk/src/common/pico_time/time.c.obj
                0x1000171c                sleep_ms
 .text.best_effort_wfe_or_timeout
                0x10001750       0xd4 CMakeFiles/multitest_incremental.dir/C_/Users/matti/Pico/pico-sdk/src/common/pico_time/time.c.obj
                0x10001750                best_effort_wfe_or_timeout
 .text.hardware_alarm_irq_handler
                0x10001824       0xbc CMakeFiles/multitest_incremental.dir/C_/Users/matti/Pico/pico-sdk/src/rp2_common/hardware_timer/timer.c.obj
 .text.hardware_alarm_claim
                0x100018e0       0x18 CMakeFiles/multitest_incremental.dir/C_/Users/matti/Pico/pico-sdk/src/rp2_common/hardware_timer/timer.c.obj
                0x100018e0                hardware_alarm_claim
 .text.time_us_64
                0x100018f8       0x14 CMakeFiles/multitest_incremental.dir/C_/Users/matti/Pico/pico-sdk/src/rp2_common/hardware_timer/timer.c.obj
                0x100018f8                time_us_64
 .text.busy_wait_us
                0x1000190c       0x54 CMakeFiles/multitest_incremental.dir/C_/Users/matti/Pico/pico-sdk/src/rp2_common/hardware_timer/timer.c.obj
                0x1000190c                busy_wait_us
 .text.busy_wait_until
                0x10001960       0x20 CMakeFiles/multitest_incremental.dir/C_/Users/matti/Pico/pico-sdk/src/rp2_common/hardware_timer/timer.c.obj
                0x10001960                busy_wait_until
 .text.hardware_alarm_set_callback
                0x10001980       0x8c CMakeFiles/multitest_incremental.dir/C_/Users/matti/Pico/pico-sdk/src/rp2_common/hardware_timer/timer.c.obj
                0x10001980                hardware_alarm_set_callback
 .text.hardware_alarm_set_target
                0x10001a0c       0xd4 CMakeFiles/multitest_incremental.dir/C_/Users/matti/Pico/pico-sdk/src/rp2_common/hardware_timer/timer.c.obj
                0x10001a0c                hardware_alarm_set_target
 .text.hardware_alarm_cancel
                0x10001ae0       0x3c CMakeFiles/multitest_incremental.dir/C_/Users/matti/Pico/pico-sdk/src/rp2_common/hardware_timer/timer.c.obj
                0x10001ae0                hardware_alarm_cancel
 .text.ph_merge_nodes
                0x10001b1c       0x68 CMakeFiles/multitest_incremental.dir/C_/Users/matti/Pico/pico-sdk/src/common/pico_util/pheap.c.obj
 .text.ph_create
                0x10001b84       0x60 CMakeFiles/multitest_incremental.dir/C_/Users/matti/Pico/pico-sdk/src/common/pico_util/pheap.c.obj
                0x10001b84                ph_create
 .text.ph_post_alloc_init
                0x10001be4       0x3c CMakeFiles/multitest_incremental.dir/C_/Users/matti/Pico/pico-sdk/src/common/pico_util/pheap.c.obj
                0x10001be4                ph_post_alloc_init
 .text.ph_merge_two_pass
                0x10001c20       0x90 CMakeFiles/multitest_incremental.dir/C_/Users/matti/Pico/pico-sdk/src/common/pico_util/pheap.c.obj
                0x10001c20                ph_merge_two_pass
 .text.ph_remove_any_head
                0x10001cb0      0x100 CMakeFiles/multitest_incremental.dir/C_/Users/matti/Pico/pico-sdk/src/common/pico_util/pheap.c.obj
 .text.ph_remove_head
                0x10001db0      0x104 CMakeFiles/multitest_incremental.dir/C_/Users/matti/Pico/pico-sdk/src/common/pico_util/pheap.c.obj
                0x10001db0                ph_remove_head
 .text.ph_remove_and_free_node
                0x10001eb4       0x7c CMakeFiles/multitest_incremental.dir/C_/Users/matti/Pico/pico-sdk/src/common/pico_util/pheap.c.obj
                0x10001eb4                ph_remove_and_free_node
 .text.uart_init
                0x10001f30      0x188 CMakeFiles/multitest_incremental.dir/C_/Users/matti/Pico/pico-sdk/src/rp2_common/hardware_uart/uart.c.obj
                0x10001f30                uart_init
 .text.clocks_init
                0x100020b8      0x2d0 CMakeFiles/multitest_incremental.dir/C_/Users/matti/Pico/pico-sdk/src/rp2_common/hardware_clocks/clocks.c.obj
                0x100020b8                clocks_init
 .text.clock_get_hz
                0x10002388        0xc CMakeFiles/multitest_incremental.dir/C_/Users/matti/Pico/pico-sdk/src/rp2_common/hardware_clocks/clocks.c.obj
                0x10002388                clock_get_hz
 .text.pll_init
                0x10002394       0xa0 CMakeFiles/multitest_incremental.dir/C_/Users/matti/Pico/pico-sdk/src/rp2_common/hardware_pll/pll.c.obj
                0x10002394                pll_init
 .text.watchdog_start_tick
                0x10002434       0x10 CMakeFiles/multitest_incremental.dir/C_/Users/matti/Pico/pico-sdk/src/rp2_common/hardware_watchdog/watchdog.c.obj
                0x10002434                watchdog_start_tick
 .text.xosc_init
                0x10002444       0x28 CMakeFiles/multitest_incremental.dir/C_/Users/matti/Pico/pico-sdk/src/rp2_common/hardware_xosc/xosc.c.obj
                0x10002444                xosc_init
 .text.runtime_init
                0x1000246c       0xf0 CMakeFiles/multitest_incremental.dir/C_/Users/matti/Pico/pico-sdk/src/rp2_common/pico_runtime/runtime.c.obj
                0x1000246c                runtime_init
 .text._exit    0x1000255c        0x4 CMakeFiles/multitest_incremental.dir/C_/Users/matti/Pico/pico-sdk/src/rp2_common/pico_runtime/runtime.c.obj
                0x1000255c                _exit
 .text._sbrk    0x10002560       0x34 CMakeFiles/multitest_incremental.dir/C_/Users/matti/Pico/pico-sdk/src/rp2_common/pico_runtime/runtime.c.obj
                0x10002560                _sbrk
 .text.exit     0x10002594        0x8 CMakeFiles/multitest_incremental.dir/C_/Users/matti/Pico/pico-sdk/src/rp2_common/pico_runtime/runtime.c.obj
                0x10002594                exit
 .text.panic    0x1000259c       0x30 CMakeFiles/multitest_incremental.dir/C_/Users/matti/Pico/pico-sdk/src/rp2_common/pico_runtime/runtime.c.obj
                0x1000259c                panic
 .text.hard_assertion_failure
                0x100025cc        0xc CMakeFiles/multitest_incremental.dir/C_/Users/matti/Pico/pico-sdk/src/rp2_common/pico_runtime/runtime.c.obj
                0x100025cc                hard_assertion_failure
 .text._out_null
                0x100025d8        0x4 CMakeFiles/multitest_incremental.dir/C_/Users/matti/Pico/pico-sdk/src/rp2_common/pico_printf/printf.c.obj
 .text._out_rev
                0x100025dc       0x9c CMakeFiles/multitest_incremental.dir/C_/Users/matti/Pico/pico-sdk/src/rp2_common/pico_printf/printf.c.obj
 .text._ntoa_format
                0x10002678      0x1cc CMakeFiles/multitest_incremental.dir/C_/Users/matti/Pico/pico-sdk/src/rp2_common/pico_printf/printf.c.obj
 .text._out_char
                0x10002844       0x10 CMakeFiles/multitest_incremental.dir/C_/Users/matti/Pico/pico-sdk/src/rp2_common/pico_printf/printf.c.obj
 .text._out_fct
                0x10002854       0x10 CMakeFiles/multitest_incremental.dir/C_/Users/matti/Pico/pico-sdk/src/rp2_common/pico_printf/printf.c.obj
 .text._etoa    0x10002864      0x44c CMakeFiles/multitest_incremental.dir/C_/Users/matti/Pico/pico-sdk/src/rp2_common/pico_printf/printf.c.obj
 .text._ftoa    0x10002cb0      0x398 CMakeFiles/multitest_incremental.dir/C_/Users/matti/Pico/pico-sdk/src/rp2_common/pico_printf/printf.c.obj
 .text._vsnprintf
                0x10003048      0xb04 CMakeFiles/multitest_incremental.dir/C_/Users/matti/Pico/pico-sdk/src/rp2_common/pico_printf/printf.c.obj
 .text.vfctprintf
                0x10003b4c       0x20 CMakeFiles/multitest_incremental.dir/C_/Users/matti/Pico/pico-sdk/src/rp2_common/pico_printf/printf.c.obj
                0x10003b4c                vfctprintf
 .text.weak_raw_vprintf
                0x10003b6c       0x30 CMakeFiles/multitest_incremental.dir/C_/Users/matti/Pico/pico-sdk/src/rp2_common/pico_printf/printf.c.obj
                0x10003b6c                weak_raw_vprintf
 .text          0x10003b9c       0x10 CMakeFiles/multitest_incremental.dir/C_/Users/matti/Pico/pico-sdk/src/rp2_common/pico_bit_ops/bit_ops_aeabi.S.obj
 .text.rom_func_lookup
                0x10003bac       0x10 CMakeFiles/multitest_incremental.dir/C_/Users/matti/Pico/pico-sdk/src/rp2_common/pico_bootrom/bootrom.c.obj
                0x10003bac                rom_func_lookup
 .text.rom_data_lookup
                0x10003bbc       0x10 CMakeFiles/multitest_incremental.dir/C_/Users/matti/Pico/pico-sdk/src/rp2_common/pico_bootrom/bootrom.c.obj
                0x10003bbc                rom_data_lookup
 .text.rom_funcs_lookup
                0x10003bcc       0x44 CMakeFiles/multitest_incremental.dir/C_/Users/matti/Pico/pico-sdk/src/rp2_common/pico_bootrom/bootrom.c.obj
                0x10003bcc                rom_funcs_lookup
 .text.__wrap___aeabi_idiv
                0x10003c10       0x50 CMakeFiles/multitest_incremental.dir/C_/Users/matti/Pico/pico-sdk/src/rp2_common/pico_divider/divider.S.obj
                0x10003c10                __wrap___aeabi_idivmod
                0x10003c10                divmod_s32s32
                0x10003c10                div_s32s32
                0x10003c10                __wrap___aeabi_idiv
                0x10003c18                divmod_s32s32_unsafe
                0x10003c44                divmod_s32s32_savestate
 .text.__wrap___aeabi_uidiv
                0x10003c60       0x4c CMakeFiles/multitest_incremental.dir/C_/Users/matti/Pico/pico-sdk/src/rp2_common/pico_divider/divider.S.obj
                0x10003c60                __wrap___aeabi_uidiv
                0x10003c60                __wrap___aeabi_uidivmod
                0x10003c60                div_u32u32
                0x10003c60                divmod_u32u32
                0x10003c68                divmod_u32u32_unsafe
                0x10003c90                divmod_u32u32_savestate
 .text.__wrap___aeabi_ldiv
                0x10003cac      0x424 CMakeFiles/multitest_incremental.dir/C_/Users/matti/Pico/pico-sdk/src/rp2_common/pico_divider/divider.S.obj
                0x10003cac                div_s64s64
                0x10003cac                divmod_s64s64
                0x10003cac                __wrap___aeabi_ldivmod
                0x10003cdc                divmod_u64u64
                0x10003cdc                div_u64u64
                0x10003cdc                __wrap___aeabi_uldivmod
                0x10003cec                divmod_u64u64_savestate
                0x10003d0c                divmod_s64s64_unsafe
                0x10003d94                divmod_u64u64_unsafe
 .text.push_r8_r11
                0x100040d0        0xc CMakeFiles/multitest_incremental.dir/C_/Users/matti/Pico/pico-sdk/src/rp2_common/pico_double/double_aeabi.S.obj
                0x100040d0                push_r8_r11
 .text.pop_r8_r11
                0x100040dc        0xc CMakeFiles/multitest_incremental.dir/C_/Users/matti/Pico/pico-sdk/src/rp2_common/pico_double/double_aeabi.S.obj
                0x100040dc                pop_r8_r11
 .text.__wrap___aeabi_darithmetic
                0x100040e8       0x80 CMakeFiles/multitest_incremental.dir/C_/Users/matti/Pico/pico-sdk/src/rp2_common/pico_double/double_aeabi.S.obj
                0x100040e8                __wrap___aeabi_drsub
                0x100040ee                __wrap___aeabi_dsub
                0x10004100                __wrap___aeabi_dadd
                0x10004112                __wrap___aeabi_ddiv
                0x1000414e                __wrap___aeabi_dmul
 .text.__wrap___aeabi_cdcmple
                0x10004168       0x6c CMakeFiles/multitest_incremental.dir/C_/Users/matti/Pico/pico-sdk/src/rp2_common/pico_double/double_aeabi.S.obj
                0x10004168                __wrap___aeabi_cdrcmple
                0x10004178                __wrap___aeabi_cdcmpeq
                0x10004178                __wrap___aeabi_cdcmple
 .text.__wrap___aeabi_dcmplt
                0x100041d4        0xc CMakeFiles/multitest_incremental.dir/C_/Users/matti/Pico/pico-sdk/src/rp2_common/pico_double/double_aeabi.S.obj
                0x100041d4                __wrap___aeabi_dcmplt
 .text.__wrap___aeabi_dcmple
                0x100041e0       0x10 CMakeFiles/multitest_incremental.dir/C_/Users/matti/Pico/pico-sdk/src/rp2_common/pico_double/double_aeabi.S.obj
                0x100041e0                __wrap___aeabi_dcmple
 .text.__wrap___aeabi_dcmpge
                0x100041f0       0x10 CMakeFiles/multitest_incremental.dir/C_/Users/matti/Pico/pico-sdk/src/rp2_common/pico_double/double_aeabi.S.obj
                0x100041f0                __wrap___aeabi_dcmpge
 .text.__wrap___aeabi_dcmpgt
                0x10004200        0xa CMakeFiles/multitest_incremental.dir/C_/Users/matti/Pico/pico-sdk/src/rp2_common/pico_double/double_aeabi.S.obj
                0x10004200                __wrap___aeabi_dcmpgt
 .text.__wrap___aeabi_dcmpun
                0x1000420a       0x1c CMakeFiles/multitest_incremental.dir/C_/Users/matti/Pico/pico-sdk/src/rp2_common/pico_double/double_aeabi.S.obj
                0x1000420a                __wrap___aeabi_dcmpun
 *fill*         0x10004226        0x2 
 .text.__wrap___aeabi_i2d
                0x10004228       0x38 CMakeFiles/multitest_incremental.dir/C_/Users/matti/Pico/pico-sdk/src/rp2_common/pico_double/double_aeabi.S.obj
                0x10004228                __wrap___aeabi_ui2d
                0x10004230                __wrap___aeabi_i2d
 .text.__wrap___aeabi_d2iz
                0x10004260       0x48 CMakeFiles/multitest_incremental.dir/C_/Users/matti/Pico/pico-sdk/src/rp2_common/pico_double/double_aeabi.S.obj
                0x10004260                double2int_z
                0x10004260                __wrap___aeabi_d2iz
 .text.__wrap___aeabi_d2uiz
                0x100042a8       0x18 CMakeFiles/multitest_incremental.dir/C_/Users/matti/Pico/pico-sdk/src/rp2_common/pico_double/double_aeabi.S.obj
                0x100042a8                __wrap___aeabi_d2uiz
                0x100042a8                double2uint
 .text.fix642double
                0x100042c0       0x18 CMakeFiles/multitest_incremental.dir/C_/Users/matti/Pico/pico-sdk/src/rp2_common/pico_double/double_aeabi.S.obj
                0x100042c0                fix642double
 .text.__wrap_sincostan_remainder
                0x100042d8       0x14 CMakeFiles/multitest_incremental.dir/C_/Users/matti/Pico/pico-sdk/src/rp2_common/pico_double/double_aeabi.S.obj
                0x100042d8                sincostan_remainder
 .text.__wrap_sin
                0x100042ec       0x2c CMakeFiles/multitest_incremental.dir/C_/Users/matti/Pico/pico-sdk/src/rp2_common/pico_double/double_aeabi.S.obj
                0x100042ec                __wrap_sin
 .text.__aeabi_double_init
                0x10004318       0x94 CMakeFiles/multitest_incremental.dir/C_/Users/matti/Pico/pico-sdk/src/rp2_common/pico_double/double_init_rom.c.obj
                0x10004318                __aeabi_double_init
 .text.__wrap_remquo
                0x100043ac      0x2a0 CMakeFiles/multitest_incremental.dir/C_/Users/matti/Pico/pico-sdk/src/rp2_common/pico_double/double_math.c.obj
                0x100043ac                __wrap_remquo
 .text.__wrap_remainder
                0x1000464c       0x10 CMakeFiles/multitest_incremental.dir/C_/Users/matti/Pico/pico-sdk/src/rp2_common/pico_double/double_math.c.obj
                0x1000464c                __wrap_remainder
 .text.double_table_shim_on_use_helper
                0x1000465c       0x2c CMakeFiles/multitest_incremental.dir/C_/Users/matti/Pico/pico-sdk/src/rp2_common/pico_double/double_v1_rom_shim.S.obj
                0x1000465c                double_table_shim_on_use_helper
 .text.__wrap___aeabi_dsub
                0x10004688       0x10 CMakeFiles/multitest_incremental.dir/C_/Users/matti/Pico/pico-sdk/src/rp2_common/pico_double/double_v1_rom_shim.S.obj
                0x10004688                drsub_shim
                0x1000468e                dsub_shim
 .text.dadd_shim
                0x10004698      0x15c CMakeFiles/multitest_incremental.dir/C_/Users/matti/Pico/pico-sdk/src/rp2_common/pico_double/double_v1_rom_shim.S.obj
                0x10004698                dadd_shim
 .text.dmul_shim
                0x100047f4      0x15c CMakeFiles/multitest_incremental.dir/C_/Users/matti/Pico/pico-sdk/src/rp2_common/pico_double/double_v1_rom_shim.S.obj
                0x100047f4                dmul_shim
 .text.ddiv_shim
                0x10004950      0x1b0 CMakeFiles/multitest_incremental.dir/C_/Users/matti/Pico/pico-sdk/src/rp2_common/pico_double/double_v1_rom_shim.S.obj
                0x10004950                ddiv_shim
 .text.dcordic_vec_step
                0x10004b00        0xe CMakeFiles/multitest_incremental.dir/C_/Users/matti/Pico/pico-sdk/src/rp2_common/pico_double/double_v1_rom_shim.S.obj
                0x10004b00                dcordic_vec_step
 .text.dcordic_rot_step
                0x10004b0e       0x76 CMakeFiles/multitest_incremental.dir/C_/Users/matti/Pico/pico-sdk/src/rp2_common/pico_double/double_v1_rom_shim.S.obj
                0x10004b0e                dcordic_rot_step
 .text.double2uint_shim
                0x10004b84        0xe CMakeFiles/multitest_incremental.dir/C_/Users/matti/Pico/pico-sdk/src/rp2_common/pico_double/double_v1_rom_shim.S.obj
                0x10004b84                double2uint_shim
                0x10004b86                double2ufix_shim
 .text.double2int64_shim
                0x10004b92       0x1a CMakeFiles/multitest_incremental.dir/C_/Users/matti/Pico/pico-sdk/src/rp2_common/pico_double/double_v1_rom_shim.S.obj
                0x10004b92                double2int64_shim
                0x10004b94                double2fix64_shim
 .text.double2uint64_shim
                0x10004bac       0x70 CMakeFiles/multitest_incremental.dir/C_/Users/matti/Pico/pico-sdk/src/rp2_common/pico_double/double_v1_rom_shim.S.obj
                0x10004bac                double2uint64_shim
                0x10004bae                double2ufix64_shim
                0x10004bce                d2fix_a
 .text.x2double_shims
                0x10004c1c       0x90 CMakeFiles/multitest_incremental.dir/C_/Users/matti/Pico/pico-sdk/src/rp2_common/pico_double/double_v1_rom_shim.S.obj
                0x10004c1c                uint2double_shim
                0x10004c1e                ufix2double_shim
                0x10004c24                int2double_shim
                0x10004c26                fix2double_shim
                0x10004c2c                uint642double_shim
                0x10004c2e                ufix642double_shim
                0x10004c34                int642double_shim
                0x10004c36                fix642double_shim
 .text.dunpacks
                0x10004cac       0x3c CMakeFiles/multitest_incremental.dir/C_/Users/matti/Pico/pico-sdk/src/rp2_common/pico_double/double_v1_rom_shim.S.obj
                0x10004cac                dunpacks
 .text.dreduce  0x10004ce8       0x82 CMakeFiles/multitest_incremental.dir/C_/Users/matti/Pico/pico-sdk/src/rp2_common/pico_double/double_v1_rom_shim.S.obj
                0x10004ce8                dreduce
 .text.dsin_shim
                0x10004d6a       0x14 CMakeFiles/multitest_incremental.dir/C_/Users/matti/Pico/pico-sdk/src/rp2_common/pico_double/double_v1_rom_shim.S.obj
                0x10004d6a                dsin_shim
 *fill*         0x10004d7e        0x2 
 .text.dtrig_guts
                0x10004d80      0x2ec CMakeFiles/multitest_incremental.dir/C_/Users/matti/Pico/pico-sdk/src/rp2_common/pico_double/double_v1_rom_shim.S.obj
                0x10004e58                datan2_shim
 .text.__aeabi_lmul
                0x1000506c       0x32 CMakeFiles/multitest_incremental.dir/C_/Users/matti/Pico/pico-sdk/src/rp2_common/pico_int64_ops/pico_int64_ops_aeabi.S.obj
                0x1000506c                __wrap___aeabi_lmul
 *fill*         0x1000509e        0x2 
 .text.__wrap___aeabi_i2f
                0x100050a0       0x44 CMakeFiles/multitest_incremental.dir/C_/Users/matti/Pico/pico-sdk/src/rp2_common/pico_float/float_aeabi.S.obj
                0x100050a0                __wrap___aeabi_i2f
 .text.__wrap___aeabi_f2d
                0x100050e4       0x14 CMakeFiles/multitest_incremental.dir/C_/Users/matti/Pico/pico-sdk/src/rp2_common/pico_float/float_aeabi.S.obj
                0x100050e4                __wrap___aeabi_f2d
 .text.__aeabi_float_init
                0x100050f8       0x64 CMakeFiles/multitest_incremental.dir/C_/Users/matti/Pico/pico-sdk/src/rp2_common/pico_float/float_init_rom.c.obj
                0x100050f8                __aeabi_float_init
 .text.float_table_shim_on_use_helper
                0x1000515c       0x2c CMakeFiles/multitest_incremental.dir/C_/Users/matti/Pico/pico-sdk/src/rp2_common/pico_float/float_v1_rom_shim.S.obj
                0x1000515c                float_table_shim_on_use_helper
 .text.float2double_shim
                0x10005188       0x30 CMakeFiles/multitest_incremental.dir/C_/Users/matti/Pico/pico-sdk/src/rp2_common/pico_float/float_v1_rom_shim.S.obj
                0x10005188                float2double_shim
 .text.__wrap_malloc
                0x100051b8       0x3c CMakeFiles/multitest_incremental.dir/C_/Users/matti/Pico/pico-sdk/src/rp2_common/pico_malloc/pico_malloc.c.obj
                0x100051b8                __wrap_malloc
 .text.__wrap_calloc
                0x100051f4       0x40 CMakeFiles/multitest_incremental.dir/C_/Users/matti/Pico/pico-sdk/src/rp2_common/pico_malloc/pico_malloc.c.obj
                0x100051f4                __wrap_calloc
 .text          0x10005234       0x10 CMakeFiles/multitest_incremental.dir/C_/Users/matti/Pico/pico-sdk/src/rp2_common/pico_mem_ops/mem_ops_aeabi.S.obj
                0x10005234                __aeabi_mem_init
 .text.memset   0x10005244        0xc CMakeFiles/multitest_incremental.dir/C_/Users/matti/Pico/pico-sdk/src/rp2_common/pico_mem_ops/mem_ops_aeabi.S.obj
                0x10005244                __wrap_memset
 .text.memcpy   0x10005250        0xc CMakeFiles/multitest_incremental.dir/C_/Users/matti/Pico/pico-sdk/src/rp2_common/pico_mem_ops/mem_ops_aeabi.S.obj
                0x10005250                __wrap_memcpy
                0x10005250                __wrap___aeabi_memcpy
 .text.stdio_out_chars_no_crlf
                0x1000525c       0x10 CMakeFiles/multitest_incremental.dir/C_/Users/matti/Pico/pico-sdk/src/rp2_common/pico_stdio/stdio.c.obj
 .text.stdio_out_chars_crlf
                0x1000526c       0xb4 CMakeFiles/multitest_incremental.dir/C_/Users/matti/Pico/pico-sdk/src/rp2_common/pico_stdio/stdio.c.obj
 .text.stdio_buffered_printer
                0x10005320       0x64 CMakeFiles/multitest_incremental.dir/C_/Users/matti/Pico/pico-sdk/src/rp2_common/pico_stdio/stdio.c.obj
 .text.stdio_put_string.isra.0
                0x10005384       0xfc CMakeFiles/multitest_incremental.dir/C_/Users/matti/Pico/pico-sdk/src/rp2_common/pico_stdio/stdio.c.obj
 .text.__wrap_putchar
                0x10005480       0x98 CMakeFiles/multitest_incremental.dir/C_/Users/matti/Pico/pico-sdk/src/rp2_common/pico_stdio/stdio.c.obj
                0x10005480                __wrap_putchar
 .text.__wrap_puts
                0x10005518       0x3c CMakeFiles/multitest_incremental.dir/C_/Users/matti/Pico/pico-sdk/src/rp2_common/pico_stdio/stdio.c.obj
                0x10005518                __wrap_puts
 .text.stdio_set_driver_enabled
                0x10005554       0x30 CMakeFiles/multitest_incremental.dir/C_/Users/matti/Pico/pico-sdk/src/rp2_common/pico_stdio/stdio.c.obj
                0x10005554                stdio_set_driver_enabled
 .text.__wrap_vprintf
                0x10005584       0xd8 CMakeFiles/multitest_incremental.dir/C_/Users/matti/Pico/pico-sdk/src/rp2_common/pico_stdio/stdio.c.obj
                0x10005584                __wrap_vprintf
 .text.__wrap_printf
                0x1000565c       0x18 CMakeFiles/multitest_incremental.dir/C_/Users/matti/Pico/pico-sdk/src/rp2_common/pico_stdio/stdio.c.obj
                0x1000565c                __wrap_printf
 .text.stdio_init_all
                0x10005674        0xc CMakeFiles/multitest_incremental.dir/C_/Users/matti/Pico/pico-sdk/src/rp2_common/pico_stdio/stdio.c.obj
                0x10005674                stdio_init_all
 .text.stdio_uart_out_chars
                0x10005680       0x4c CMakeFiles/multitest_incremental.dir/C_/Users/matti/Pico/pico-sdk/src/rp2_common/pico_stdio_uart/stdio_uart.c.obj
 .text.stdio_uart_in_chars
                0x100056cc       0x84 CMakeFiles/multitest_incremental.dir/C_/Users/matti/Pico/pico-sdk/src/rp2_common/pico_stdio_uart/stdio_uart.c.obj
                0x100056cc                stdio_uart_in_chars
 .text.on_uart_rx
                0x10005750       0x28 CMakeFiles/multitest_incremental.dir/C_/Users/matti/Pico/pico-sdk/src/rp2_common/pico_stdio_uart/stdio_uart.c.obj
 .text.stdio_uart_set_chars_available_callback
                0x10005778       0x8c CMakeFiles/multitest_incremental.dir/C_/Users/matti/Pico/pico-sdk/src/rp2_common/pico_stdio_uart/stdio_uart.c.obj
 .text.stdio_uart_init
                0x10005804       0x48 CMakeFiles/multitest_incremental.dir/C_/Users/matti/Pico/pico-sdk/src/rp2_common/pico_stdio_uart/stdio_uart.c.obj
                0x10005804                stdio_uart_init
 .text.core1_trampoline
                0x1000584c        0x4 CMakeFiles/multitest_incremental.dir/C_/Users/matti/Pico/pico-sdk/src/rp2_common/pico_multicore/multicore.c.obj
 .text.core1_wrapper
                0x10005850        0xc CMakeFiles/multitest_incremental.dir/C_/Users/matti/Pico/pico-sdk/src/rp2_common/pico_multicore/multicore.c.obj
                0x10005850                core1_wrapper
 .text.multicore_launch_core1_raw
                0x1000585c       0x84 CMakeFiles/multitest_incremental.dir/C_/Users/matti/Pico/pico-sdk/src/rp2_common/pico_multicore/multicore.c.obj
                0x1000585c                multicore_launch_core1_raw
 .text.multicore_launch_core1
                0x100058e0       0x4c CMakeFiles/multitest_incremental.dir/C_/Users/matti/Pico/pico-sdk/src/rp2_common/pico_multicore/multicore.c.obj
                0x100058e0                multicore_launch_core1
 .text.startup.boot_double_tap_check
                0x1000592c       0x60 CMakeFiles/multitest_incremental.dir/C_/Users/matti/Pico/pico-sdk/src/rp2_common/pico_bootsel_via_double_reset/pico_bootsel_via_double_reset.c.obj
 .text.spi_init
                0x1000598c      0x138 CMakeFiles/multitest_incremental.dir/C_/Users/matti/Pico/pico-sdk/src/rp2_common/hardware_spi/spi.c.obj
                0x1000598c                spi_init
 .text.calloc   0x10005ac4       0x18 c:/progra~2/gnuarm~1/102021~1.10/bin/../lib/gcc/arm-none-eabi/10.3.1/../../../../arm-none-eabi/lib/thumb/v6-m/nofp\libc.a(lib_a-calloc.o)
                0x10005ac4                calloc
 .text._calloc_r
                0x10005adc       0x9c c:/progra~2/gnuarm~1/102021~1.10/bin/../lib/gcc/arm-none-eabi/10.3.1/../../../../arm-none-eabi/lib/thumb/v6-m/nofp\libc.a(lib_a-callocr.o)
                0x10005adc                _calloc_r
 .text.__errno  0x10005b78        0xc c:/progra~2/gnuarm~1/102021~1.10/bin/../lib/gcc/arm-none-eabi/10.3.1/../../../../arm-none-eabi/lib/thumb/v6-m/nofp\libc.a(lib_a-errno.o)
                0x10005b78                __errno
 .text.malloc   0x10005b84       0x14 c:/progra~2/gnuarm~1/102021~1.10/bin/../lib/gcc/arm-none-eabi/10.3.1/../../../../arm-none-eabi/lib/thumb/v6-m/nofp\libc.a(lib_a-malloc.o)
                0x10005b84                malloc
 .text._malloc_r
                0x10005b98      0x584 c:/progra~2/gnuarm~1/102021~1.10/bin/../lib/gcc/arm-none-eabi/10.3.1/../../../../arm-none-eabi/lib/thumb/v6-m/nofp\libc.a(lib_a-mallocr.o)
                0x10005b98                _malloc_r
 .text.__malloc_lock
                0x1000611c       0x10 c:/progra~2/gnuarm~1/102021~1.10/bin/../lib/gcc/arm-none-eabi/10.3.1/../../../../arm-none-eabi/lib/thumb/v6-m/nofp\libc.a(lib_a-mlock.o)
                0x1000611c                __malloc_lock
 .text.__malloc_unlock
                0x1000612c       0x10 c:/progra~2/gnuarm~1/102021~1.10/bin/../lib/gcc/arm-none-eabi/10.3.1/../../../../arm-none-eabi/lib/thumb/v6-m/nofp\libc.a(lib_a-mlock.o)
                0x1000612c                __malloc_unlock
 .text._sbrk_r  0x1000613c       0x24 c:/progra~2/gnuarm~1/102021~1.10/bin/../lib/gcc/arm-none-eabi/10.3.1/../../../../arm-none-eabi/lib/thumb/v6-m/nofp\libc.a(lib_a-sbrkr.o)
                0x1000613c                _sbrk_r
 .text.strlen   0x10006160       0x5c c:/progra~2/gnuarm~1/102021~1.10/bin/../lib/gcc/arm-none-eabi/10.3.1/../../../../arm-none-eabi/lib/thumb/v6-m/nofp\libc.a(lib_a-strlen-stub.o)
                0x10006160                strlen
 .text._malloc_trim_r
                0x100061bc       0x9c c:/progra~2/gnuarm~1/102021~1.10/bin/../lib/gcc/arm-none-eabi/10.3.1/../../../../arm-none-eabi/lib/thumb/v6-m/nofp\libc.a(lib_a-freer.o)
                0x100061bc                _malloc_trim_r
 .text._free_r  0x10006258      0x1c4 c:/progra~2/gnuarm~1/102021~1.10/bin/../lib/gcc/arm-none-eabi/10.3.1/../../../../arm-none-eabi/lib/thumb/v6-m/nofp\libc.a(lib_a-freer.o)
                0x10006258                _free_r
 .text.__retarget_lock_acquire_recursive
                0x1000641c        0x4 c:/progra~2/gnuarm~1/102021~1.10/bin/../lib/gcc/arm-none-eabi/10.3.1/../../../../arm-none-eabi/lib/thumb/v6-m/nofp\libc.a(lib_a-lock.o)
                0x1000641c                __retarget_lock_acquire_recursive
 .text.__retarget_lock_release_recursive
                0x10006420        0x4 c:/progra~2/gnuarm~1/102021~1.10/bin/../lib/gcc/arm-none-eabi/10.3.1/../../../../arm-none-eabi/lib/thumb/v6-m/nofp\libc.a(lib_a-lock.o)
                0x10006420                __retarget_lock_release_recursive
 *(.fini)
 .fini          0x10006424        0x4 c:/progra~2/gnuarm~1/102021~1.10/bin/../lib/gcc/arm-none-eabi/10.3.1/thumb/v6-m/nofp/crti.o
                0x10006424                _fini
 .fini.__stub   0x10006428       0x60 linker stubs
 *crtbegin.o(.ctors)
 *crtbegin?.o(.ctors)
 *(EXCLUDE_FILE(*crtend.o *crtend?.o) .ctors)
 *(SORT_BY_NAME(.ctors.*))
 *(.ctors)
 *crtbegin.o(.dtors)
 *crtbegin?.o(.dtors)
 *(EXCLUDE_FILE(*crtend.o *crtend?.o) .dtors)
 *(SORT_BY_NAME(.dtors.*))
 *(.dtors)
 *(.eh_frame*)
 .eh_frame      0x10006488        0x0 c:/progra~2/gnuarm~1/102021~1.10/bin/../lib/gcc/arm-none-eabi/10.3.1/thumb/v6-m/nofp/crtbegin.o
                0x10006488                . = ALIGN (0x4)

.glue_7         0x10006488        0x0
 .glue_7        0x10006488        0x0 linker stubs

.glue_7t        0x10006488        0x0
 .glue_7t       0x10006488        0x0 linker stubs

.vfp11_veneer   0x10006488        0x0
 .vfp11_veneer  0x10006488        0x0 linker stubs

.v4_bx          0x10006488        0x0
 .v4_bx         0x10006488        0x0 linker stubs

.iplt           0x10006488        0x0
 .iplt          0x10006488        0x0 c:/progra~2/gnuarm~1/102021~1.10/bin/../lib/gcc/arm-none-eabi/10.3.1/thumb/v6-m/nofp/crtbegin.o

.rodata         0x10006488      0x3b8
 *(EXCLUDE_FILE(*libm.a: *libc.a:*lib_a-mem*.o *libgcc.a:) .rodata*)
 .rodata.protothread_core_1.str1.4
                0x10006488       0x1a CMakeFiles/multitest_incremental.dir/multitest.c.obj
                                 0x1e (size before relaxing)
 *fill*         0x100064a2        0x2 
 .rodata.protothread_core_0.str1.4
                0x100064a4       0x1a CMakeFiles/multitest_incremental.dir/multitest.c.obj
 *fill*         0x100064be        0x2 
 .rodata.main.str1.4
                0x100064c0       0x10 CMakeFiles/multitest_incremental.dir/multitest.c.obj
 .rodata.hardware_alarm_claim.str1.4
                0x100064d0       0x22 CMakeFiles/multitest_incremental.dir/C_/Users/matti/Pico/pico-sdk/src/rp2_common/hardware_timer/timer.c.obj
 *fill*         0x100064f2        0x2 
 .rodata.panic.str1.4
                0x100064f4       0x10 CMakeFiles/multitest_incremental.dir/C_/Users/matti/Pico/pico-sdk/src/rp2_common/pico_runtime/runtime.c.obj
                                 0x12 (size before relaxing)
 .rodata.hard_assertion_failure.str1.4
                0x10006504        0xc CMakeFiles/multitest_incremental.dir/C_/Users/matti/Pico/pico-sdk/src/rp2_common/pico_runtime/runtime.c.obj
 .rodata._ftoa.str1.4
                0x10006510       0x15 CMakeFiles/multitest_incremental.dir/C_/Users/matti/Pico/pico-sdk/src/rp2_common/pico_printf/printf.c.obj
 *fill*         0x10006525        0x3 
 .rodata._vsnprintf
                0x10006528      0x1e0 CMakeFiles/multitest_incremental.dir/C_/Users/matti/Pico/pico-sdk/src/rp2_common/pico_printf/printf.c.obj
 .rodata.pow10.0
                0x10006708       0x50 CMakeFiles/multitest_incremental.dir/C_/Users/matti/Pico/pico-sdk/src/rp2_common/pico_printf/printf.c.obj
 .rodata.__wrap_malloc.str1.4
                0x10006758        0xe CMakeFiles/multitest_incremental.dir/C_/Users/matti/Pico/pico-sdk/src/rp2_common/pico_malloc/pico_malloc.c.obj
 *fill*         0x10006766        0x2 
 .rodata.str1.4
                0x10006768       0x4c CMakeFiles/multitest_incremental.dir/C_/Users/matti/Pico/pico-sdk/src/rp2_common/pico_standard_link/binary_info.c.obj
 .rodata.__bi_44
                0x100067b4        0xc CMakeFiles/multitest_incremental.dir/C_/Users/matti/Pico/pico-sdk/src/rp2_common/pico_standard_link/binary_info.c.obj
 .rodata.__bi_75
                0x100067c0        0xc CMakeFiles/multitest_incremental.dir/C_/Users/matti/Pico/pico-sdk/src/rp2_common/pico_standard_link/binary_info.c.obj
 .rodata.__bi_81
                0x100067cc        0xc CMakeFiles/multitest_incremental.dir/C_/Users/matti/Pico/pico-sdk/src/rp2_common/pico_standard_link/binary_info.c.obj
 .rodata.crlf_str.0
                0x100067d8        0x2 CMakeFiles/multitest_incremental.dir/C_/Users/matti/Pico/pico-sdk/src/rp2_common/pico_stdio/stdio.c.obj
 *fill*         0x100067da        0x2 
 .rodata.str1.4
                0x100067dc       0x2c CMakeFiles/multitest_incremental.dir/C_/Users/matti/Pico/pico-sdk/src/rp2_common/pico_stdio_uart/stdio_uart.c.obj
 .rodata.__bi_33.4
                0x10006808        0xc CMakeFiles/multitest_incremental.dir/C_/Users/matti/Pico/pico-sdk/src/rp2_common/pico_stdio_uart/stdio_uart.c.obj
 .rodata.__bi_34.5
                0x10006814        0x8 CMakeFiles/multitest_incremental.dir/C_/Users/matti/Pico/pico-sdk/src/rp2_common/pico_stdio_uart/stdio_uart.c.obj
 .rodata.str1.4
                0x1000681c       0x18 CMakeFiles/multitest_incremental.dir/C_/Users/matti/Pico/pico-sdk/src/rp2_common/pico_bootsel_via_double_reset/pico_bootsel_via_double_reset.c.obj
 .rodata.__bi_35
                0x10006834        0xc CMakeFiles/multitest_incremental.dir/C_/Users/matti/Pico/pico-sdk/src/rp2_common/pico_bootsel_via_double_reset/pico_bootsel_via_double_reset.c.obj
                0x10006840                . = ALIGN (0x4)
 *(SORT_BY_ALIGNMENT(SORT_BY_NAME(.flashdata*)))
                0x10006840                . = ALIGN (0x4)

.ARM.extab
 *(.ARM.extab* .gnu.linkonce.armextab.*)
                0x10006840                __exidx_start = .

.ARM.exidx
 *(.ARM.exidx* .gnu.linkonce.armexidx.*)
                0x10006840                __exidx_end = .
                0x10006840                . = ALIGN (0x4)
                0x10006840                __binary_info_start = .

.binary_info    0x10006840       0x28
 *(.binary_info.keep.*)
 .binary_info.keep.__bi_ptr22
                0x10006840        0x4 CMakeFiles/multitest_incremental.dir/C_/Users/matti/Pico/pico-sdk/src/rp2_common/pico_standard_link/binary_info.c.obj
 .binary_info.keep.__bi_ptr30
                0x10006844        0x4 CMakeFiles/multitest_incremental.dir/C_/Users/matti/Pico/pico-sdk/src/rp2_common/pico_standard_link/binary_info.c.obj
 .binary_info.keep.__bi_ptr38
                0x10006848        0x4 CMakeFiles/multitest_incremental.dir/C_/Users/matti/Pico/pico-sdk/src/rp2_common/pico_standard_link/binary_info.c.obj
 .binary_info.keep.__bi_ptr44
                0x1000684c        0x4 CMakeFiles/multitest_incremental.dir/C_/Users/matti/Pico/pico-sdk/src/rp2_common/pico_standard_link/binary_info.c.obj
 .binary_info.keep.__bi_ptr50
                0x10006850        0x4 CMakeFiles/multitest_incremental.dir/C_/Users/matti/Pico/pico-sdk/src/rp2_common/pico_standard_link/binary_info.c.obj
 .binary_info.keep.__bi_ptr75
                0x10006854        0x4 CMakeFiles/multitest_incremental.dir/C_/Users/matti/Pico/pico-sdk/src/rp2_common/pico_standard_link/binary_info.c.obj
 .binary_info.keep.__bi_ptr81
                0x10006858        0x4 CMakeFiles/multitest_incremental.dir/C_/Users/matti/Pico/pico-sdk/src/rp2_common/pico_standard_link/binary_info.c.obj
 .binary_info.keep.__bi_ptr35
                0x1000685c        0x4 CMakeFiles/multitest_incremental.dir/C_/Users/matti/Pico/pico-sdk/src/rp2_common/pico_bootsel_via_double_reset/pico_bootsel_via_double_reset.c.obj
 *(.binary_info.*)
 .binary_info.__bi_ptr33
                0x10006860        0x4 CMakeFiles/multitest_incremental.dir/C_/Users/matti/Pico/pico-sdk/src/rp2_common/pico_stdio_uart/stdio_uart.c.obj
 .binary_info.__bi_ptr34
                0x10006864        0x4 CMakeFiles/multitest_incremental.dir/C_/Users/matti/Pico/pico-sdk/src/rp2_common/pico_stdio_uart/stdio_uart.c.obj
                0x10006868                __binary_info_end = .

.rel.dyn        0x10006868        0x0
 .rel.iplt      0x10006868        0x0 c:/progra~2/gnuarm~1/102021~1.10/bin/../lib/gcc/arm-none-eabi/10.3.1/thumb/v6-m/nofp/crtbegin.o
                0x10006868                . = ALIGN (0x4)

.ram_vector_table
                0x20000000       0xc0
 *(.ram_vector_table)
 .ram_vector_table
                0x20000000       0xc0 CMakeFiles/multitest_incremental.dir/C_/Users/matti/Pico/pico-sdk/src/rp2_common/pico_runtime/runtime.c.obj
                0x20000000                ram_vector_table

.data           0x200000c0      0xa90 load address 0x10006868
                0x200000c0                __data_start__ = .
 *(vtable)
 *(.time_critical*)
 .time_critical.mutex_enter_blocking
                0x200000c0       0x48 CMakeFiles/multitest_incremental.dir/C_/Users/matti/Pico/pico-sdk/src/common/pico_sync/mutex.c.obj
                0x200000c0                mutex_enter_blocking
 .time_critical.mutex_try_enter_block_until
                0x20000108       0x9c CMakeFiles/multitest_incremental.dir/C_/Users/matti/Pico/pico-sdk/src/common/pico_sync/mutex.c.obj
                0x20000108                mutex_try_enter_block_until
 .time_critical.mutex_exit
                0x200001a4       0x28 CMakeFiles/multitest_incremental.dir/C_/Users/matti/Pico/pico-sdk/src/common/pico_sync/mutex.c.obj
                0x200001a4                mutex_exit
 .time_critical.spi_write16_blocking
                0x200001cc       0x50 CMakeFiles/multitest_incremental.dir/C_/Users/matti/Pico/pico-sdk/src/rp2_common/hardware_spi/spi.c.obj
                0x200001cc                spi_write16_blocking
 *(.text*)
 .text          0x2000021c        0x4 c:/progra~2/gnuarm~1/102021~1.10/bin/../lib/gcc/arm-none-eabi/10.3.1/thumb/v6-m/nofp\libgcc.a(_dvmd_tls.o)
                0x2000021c                __aeabi_idiv0
                0x2000021c                __aeabi_ldiv0
 .text.__stub   0x20000220       0x10 linker stubs
                0x20000230                . = ALIGN (0x4)
 *(.rodata*)
                0x20000230                . = ALIGN (0x4)
 *(.data*)
 .data.max_amplitude
                0x20000230        0x4 CMakeFiles/multitest_incremental.dir/multitest.c.obj
                0x20000230                max_amplitude
 .data.phase_incr_main_0
                0x20000234        0x4 CMakeFiles/multitest_incremental.dir/multitest.c.obj
                0x20000234                phase_incr_main_0
 .data.phase_incr_main_1
                0x20000238        0x4 CMakeFiles/multitest_incremental.dir/multitest.c.obj
                0x20000238                phase_incr_main_1
 .data.striped_spin_lock_num
                0x2000023c        0x1 CMakeFiles/multitest_incremental.dir/C_/Users/matti/Pico/pico-sdk/src/rp2_common/hardware_sync/sync.c.obj
 *fill*         0x2000023d        0x3 
 .data          0x20000240       0x48 CMakeFiles/multitest_incremental.dir/C_/Users/matti/Pico/pico-sdk/src/rp2_common/hardware_irq/irq_handler_chain.S.obj
                0x20000240                irq_handler_chain_slots
                0x20000270                irq_handler_chain_first_slot
                0x2000027a                irq_handler_chain_remove_tail
 .data.default_alarm_pool
                0x20000288       0x18 CMakeFiles/multitest_incremental.dir/C_/Users/matti/Pico/pico-sdk/src/common/pico_time/time.c.obj
 .data.default_alarm_pool_heap
                0x200002a0       0x10 CMakeFiles/multitest_incremental.dir/C_/Users/matti/Pico/pico-sdk/src/common/pico_time/time.c.obj
 .data.aeabi_bits_funcs
                0x200002b0       0x10 CMakeFiles/multitest_incremental.dir/C_/Users/matti/Pico/pico-sdk/src/rp2_common/pico_bit_ops/bit_ops_aeabi.S.obj
                0x200002b0                aeabi_bits_funcs
                0x200002c0                aeabi_bits_funcs_end
 .data.aeabi_mem_funcs
                0x200002c0       0x10 CMakeFiles/multitest_incremental.dir/C_/Users/matti/Pico/pico-sdk/src/rp2_common/pico_mem_ops/mem_ops_aeabi.S.obj
                0x200002c0                aeabi_mem_funcs
                0x200002d0                aeabi_mem_funcs_end
 .data.stdio_uart
                0x200002d0       0x18 CMakeFiles/multitest_incremental.dir/C_/Users/matti/Pico/pico-sdk/src/rp2_common/pico_stdio_uart/stdio_uart.c.obj
                0x200002d0                stdio_uart
 .data._impure_ptr
                0x200002e8        0x4 c:/progra~2/gnuarm~1/102021~1.10/bin/../lib/gcc/arm-none-eabi/10.3.1/../../../../arm-none-eabi/lib/thumb/v6-m/nofp\libc.a(lib_a-impure.o)
                0x200002e8                _impure_ptr
 *fill*         0x200002ec        0x4 
 .data.impure_data
                0x200002f0      0x428 c:/progra~2/gnuarm~1/102021~1.10/bin/../lib/gcc/arm-none-eabi/10.3.1/../../../../arm-none-eabi/lib/thumb/v6-m/nofp\libc.a(lib_a-impure.o)
 .data.__malloc_av_
                0x20000718      0x408 c:/progra~2/gnuarm~1/102021~1.10/bin/../lib/gcc/arm-none-eabi/10.3.1/../../../../arm-none-eabi/lib/thumb/v6-m/nofp\libc.a(lib_a-mallocr.o)
                0x20000718                __malloc_av_
 .data.__malloc_sbrk_base
                0x20000b20        0x4 c:/progra~2/gnuarm~1/102021~1.10/bin/../lib/gcc/arm-none-eabi/10.3.1/../../../../arm-none-eabi/lib/thumb/v6-m/nofp\libc.a(lib_a-mallocr.o)
                0x20000b20                __malloc_sbrk_base
 .data.__malloc_trim_threshold
                0x20000b24        0x4 c:/progra~2/gnuarm~1/102021~1.10/bin/../lib/gcc/arm-none-eabi/10.3.1/../../../../arm-none-eabi/lib/thumb/v6-m/nofp\libc.a(lib_a-mallocr.o)
                0x20000b24                __malloc_trim_threshold
                0x20000b28                . = ALIGN (0x4)
 *(.after_data.*)
                0x20000b28                . = ALIGN (0x4)
                0x20000b28                PROVIDE (__mutex_array_start = .)
 *(SORT_BY_NAME(.mutex_array.*))
 *(.mutex_array)
 .mutex_array   0x20000b28        0x8 CMakeFiles/multitest_incremental.dir/C_/Users/matti/Pico/pico-sdk/src/rp2_common/pico_malloc/pico_malloc.c.obj
 .mutex_array   0x20000b30        0x8 CMakeFiles/multitest_incremental.dir/C_/Users/matti/Pico/pico-sdk/src/rp2_common/pico_stdio/stdio.c.obj
                0x20000b38                PROVIDE (__mutex_array_end = .)
                0x20000b38                . = ALIGN (0x4)
                0x20000b38                PROVIDE (__preinit_array_start = .)
 *(SORT_BY_NAME(.preinit_array.*))
 .preinit_array.00001
                0x20000b38        0x4 CMakeFiles/multitest_incremental.dir/C_/Users/matti/Pico/pico-sdk/src/rp2_common/pico_mem_ops/mem_ops_aeabi.S.obj
 .preinit_array.00010
                0x20000b3c        0x4 CMakeFiles/multitest_incremental.dir/C_/Users/matti/Pico/pico-sdk/src/rp2_common/pico_bit_ops/bit_ops_aeabi.S.obj
 .preinit_array.00020
                0x20000b40        0x4 CMakeFiles/multitest_incremental.dir/C_/Users/matti/Pico/pico-sdk/src/rp2_common/pico_double/double_aeabi.S.obj
 .preinit_array.00020
                0x20000b44        0x4 CMakeFiles/multitest_incremental.dir/C_/Users/matti/Pico/pico-sdk/src/rp2_common/pico_float/float_aeabi.S.obj
 *(.preinit_array)
                0x20000b48                PROVIDE (__preinit_array_end = .)
                0x20000b48                . = ALIGN (0x4)
                0x20000b48                PROVIDE (__init_array_start = .)
 *(SORT_BY_NAME(.init_array.*))
 *(.init_array)
 .init_array    0x20000b48        0x4 c:/progra~2/gnuarm~1/102021~1.10/bin/../lib/gcc/arm-none-eabi/10.3.1/thumb/v6-m/nofp/crtbegin.o
 .init_array    0x20000b4c        0x4 CMakeFiles/multitest_incremental.dir/C_/Users/matti/Pico/pico-sdk/src/rp2_common/pico_bootsel_via_double_reset/pico_bootsel_via_double_reset.c.obj
                0x20000b50                PROVIDE (__init_array_end = .)
                0x20000b50                . = ALIGN (0x4)
                [!provide]                PROVIDE (__fini_array_start = .)
 *(SORT_BY_NAME(.fini_array.*))
 *(.fini_array)
                [!provide]                PROVIDE (__fini_array_end = .)
 *(.jcr)
                0x20000b50                . = ALIGN (0x4)
                0x20000b50                __data_end__ = .
                0x10006868                __etext = LOADADDR (.data)

.igot.plt       0x20000b50        0x0 load address 0x100072f8
 .igot.plt      0x20000b50        0x0 c:/progra~2/gnuarm~1/102021~1.10/bin/../lib/gcc/arm-none-eabi/10.3.1/thumb/v6-m/nofp/crtbegin.o

.uninitialized_data
                0x20000b50        0xc load address 0x100072f8
                0x20000b50                . = ALIGN (0x4)
 *(.uninitialized_data*)
 .uninitialized_data.magic_location
                0x20000b50        0xc CMakeFiles/multitest_incremental.dir/C_/Users/matti/Pico/pico-sdk/src/rp2_common/pico_bootsel_via_double_reset/pico_bootsel_via_double_reset.c.obj

.scratch_x      0x20040000        0x0 load address 0x100072f8
                0x20040000                __scratch_x_start__ = .
 *(.scratch_x.*)
                0x20040000                . = ALIGN (0x4)
                0x20040000                __scratch_x_end__ = .
                0x100072f8                __scratch_x_source__ = LOADADDR (.scratch_x)

.scratch_y      0x20041000        0x0 load address 0x100072f8
                0x20041000                __scratch_y_start__ = .
 *(.scratch_y.*)
                0x20041000                . = ALIGN (0x4)
                0x20041000                __scratch_y_end__ = .
                0x100072f8                __scratch_y_source__ = LOADADDR (.scratch_y)

.bss            0x20000b60      0x974
                0x20000b60                . = ALIGN (0x4)
                0x20000b60                __bss_start__ = .
 *(SORT_BY_ALIGNMENT(SORT_BY_NAME(.bss*)))
 .bss.default_alarm_pool_entries
                0x20000b60      0x100 CMakeFiles/multitest_incremental.dir/C_/Users/matti/Pico/pico-sdk/src/common/pico_time/time.c.obj
 .bss.sd_table  0x20000c60      0x100 CMakeFiles/multitest_incremental.dir/C_/Users/matti/Pico/pico-sdk/src/rp2_common/pico_double/double_init_rom.c.obj
                0x20000c60                sd_table
 .bss.sf_table  0x20000d60      0x100 CMakeFiles/multitest_incremental.dir/C_/Users/matti/Pico/pico-sdk/src/rp2_common/pico_float/float_init_rom.c.obj
                0x20000d60                sf_table
 .bss           0x20000e60       0x1c c:/progra~2/gnuarm~1/102021~1.10/bin/../lib/gcc/arm-none-eabi/10.3.1/thumb/v6-m/nofp/crtbegin.o
 .bss.DAC_output_0
                0x20000e7c        0x4 CMakeFiles/multitest_incremental.dir/multitest.c.obj
                0x20000e7c                DAC_output_0
 .bss.DAC_output_1
                0x20000e80        0x4 CMakeFiles/multitest_incremental.dir/multitest.c.obj
                0x20000e80                DAC_output_1
 .bss.STATE_0   0x20000e84        0x4 CMakeFiles/multitest_incremental.dir/multitest.c.obj
                0x20000e84                STATE_0
 .bss.STATE_1   0x20000e88        0x4 CMakeFiles/multitest_incremental.dir/multitest.c.obj
                0x20000e88                STATE_1
 .bss.__lock___malloc_recursive_mutex
                0x20000e8c        0x1 c:/progra~2/gnuarm~1/102021~1.10/bin/../lib/gcc/arm-none-eabi/10.3.1/../../../../arm-none-eabi/lib/thumb/v6-m/nofp\libc.a(lib_a-lock.o)
                0x20000e8c                __lock___malloc_recursive_mutex
 *fill*         0x20000e8d        0x3 
 .bss.__malloc_current_mallinfo
                0x20000e90       0x28 c:/progra~2/gnuarm~1/102021~1.10/bin/../lib/gcc/arm-none-eabi/10.3.1/../../../../arm-none-eabi/lib/thumb/v6-m/nofp\libc.a(lib_a-mallocr.o)
                0x20000e90                __malloc_current_mallinfo
 .bss.__malloc_max_sbrked_mem
                0x20000eb8        0x4 c:/progra~2/gnuarm~1/102021~1.10/bin/../lib/gcc/arm-none-eabi/10.3.1/../../../../arm-none-eabi/lib/thumb/v6-m/nofp\libc.a(lib_a-mallocr.o)
                0x20000eb8                __malloc_max_sbrked_mem
 .bss.__malloc_max_total_mem
                0x20000ebc        0x4 c:/progra~2/gnuarm~1/102021~1.10/bin/../lib/gcc/arm-none-eabi/10.3.1/../../../../arm-none-eabi/lib/thumb/v6-m/nofp\libc.a(lib_a-mallocr.o)
                0x20000ebc                __malloc_max_total_mem
 .bss.__malloc_top_pad
                0x20000ec0        0x4 c:/progra~2/gnuarm~1/102021~1.10/bin/../lib/gcc/arm-none-eabi/10.3.1/../../../../arm-none-eabi/lib/thumb/v6-m/nofp\libc.a(lib_a-mallocr.o)
                0x20000ec0                __malloc_top_pad
 .bss.alarm_callbacks
                0x20000ec4       0x10 CMakeFiles/multitest_incremental.dir/C_/Users/matti/Pico/pico-sdk/src/rp2_common/hardware_timer/timer.c.obj
 .bss.attack_inc
                0x20000ed4        0x4 CMakeFiles/multitest_incremental.dir/multitest.c.obj
                0x20000ed4                attack_inc
 .bss.chars_available_callback
                0x20000ed8        0x4 CMakeFiles/multitest_incremental.dir/C_/Users/matti/Pico/pico-sdk/src/rp2_common/pico_stdio_uart/stdio_uart.c.obj
 .bss.chars_available_param
                0x20000edc        0x4 CMakeFiles/multitest_incremental.dir/C_/Users/matti/Pico/pico-sdk/src/rp2_common/pico_stdio_uart/stdio_uart.c.obj
 .bss.configured_freq
                0x20000ee0       0x28 CMakeFiles/multitest_incremental.dir/C_/Users/matti/Pico/pico-sdk/src/rp2_common/hardware_clocks/clocks.c.obj
 .bss.core_0_go
                0x20000f08        0x4 CMakeFiles/multitest_incremental.dir/multitest.c.obj
                0x20000f08                core_0_go
 .bss.core_1_go
                0x20000f0c        0x4 CMakeFiles/multitest_incremental.dir/multitest.c.obj
                0x20000f0c                core_1_go
 .bss.corenum_0
                0x20000f10        0x4 CMakeFiles/multitest_incremental.dir/multitest.c.obj
                0x20000f10                corenum_0
 .bss.corenum_1
                0x20000f14        0x4 CMakeFiles/multitest_incremental.dir/multitest.c.obj
                0x20000f14                corenum_1
 .bss.count_0   0x20000f18        0x4 CMakeFiles/multitest_incremental.dir/multitest.c.obj
                0x20000f18                count_0
 .bss.count_1   0x20000f1c        0x4 CMakeFiles/multitest_incremental.dir/multitest.c.obj
                0x20000f1c                count_1
 .bss.current_amplitude_0
                0x20000f20        0x4 CMakeFiles/multitest_incremental.dir/multitest.c.obj
                0x20000f20                current_amplitude_0
 .bss.current_amplitude_1
                0x20000f24        0x4 CMakeFiles/multitest_incremental.dir/multitest.c.obj
                0x20000f24                current_amplitude_1
 .bss.decay_inc
                0x20000f28        0x4 CMakeFiles/multitest_incremental.dir/multitest.c.obj
                0x20000f28                decay_inc
 .bss.default_alarm_pool_entry_ids_high
                0x20000f2c       0x10 CMakeFiles/multitest_incremental.dir/C_/Users/matti/Pico/pico-sdk/src/common/pico_time/time.c.obj
 .bss.default_alarm_pool_heap_nodes
                0x20000f3c       0x30 CMakeFiles/multitest_incremental.dir/C_/Users/matti/Pico/pico-sdk/src/common/pico_time/time.c.obj
 .bss.drivers   0x20000f6c        0x4 CMakeFiles/multitest_incremental.dir/C_/Users/matti/Pico/pico-sdk/src/rp2_common/pico_stdio/stdio.c.obj
 .bss.errno     0x20000f70        0x4 c:/progra~2/gnuarm~1/102021~1.10/bin/../lib/gcc/arm-none-eabi/10.3.1/../../../../arm-none-eabi/lib/thumb/v6-m/nofp\libc.a(lib_a-reent.o)
                0x20000f70                errno
 .bss.filter    0x20000f74        0x4 CMakeFiles/multitest_incremental.dir/C_/Users/matti/Pico/pico-sdk/src/rp2_common/pico_stdio/stdio.c.obj
 .bss.global_counter
                0x20000f78        0x4 CMakeFiles/multitest_incremental.dir/multitest.c.obj
                0x20000f78                global_counter
 .bss.heap_end.0
                0x20000f7c        0x4 CMakeFiles/multitest_incremental.dir/C_/Users/matti/Pico/pico-sdk/src/rp2_common/pico_runtime/runtime.c.obj
 .bss.i.0       0x20000f80        0x4 CMakeFiles/multitest_incremental.dir/multitest.c.obj
 .bss.i.1       0x20000f84        0x4 CMakeFiles/multitest_incremental.dir/multitest.c.obj
 .bss.lazy_vsnprintf
                0x20000f88        0x4 CMakeFiles/multitest_incremental.dir/C_/Users/matti/Pico/pico-sdk/src/rp2_common/pico_printf/printf.c.obj
 .bss.phase_accum_main_0
                0x20000f8c        0x4 CMakeFiles/multitest_incremental.dir/multitest.c.obj
                0x20000f8c                phase_accum_main_0
 .bss.phase_accum_main_1
                0x20000f90        0x4 CMakeFiles/multitest_incremental.dir/multitest.c.obj
                0x20000f90                phase_accum_main_1
 .bss.pools     0x20000f94       0x10 CMakeFiles/multitest_incremental.dir/C_/Users/matti/Pico/pico-sdk/src/common/pico_time/time.c.obj
 .bss.pt_sched  0x20000fa4        0x4 CMakeFiles/multitest_incremental.dir/multitest.c.obj
 .bss.pt_sched1
                0x20000fa8        0x4 CMakeFiles/multitest_incremental.dir/multitest.c.obj
 .bss.pt_sched_method
                0x20000fac        0x4 CMakeFiles/multitest_incremental.dir/multitest.c.obj
                0x20000fac                pt_sched_method
 .bss.pt_task_count
                0x20000fb0        0x4 CMakeFiles/multitest_incremental.dir/multitest.c.obj
                0x20000fb0                pt_task_count
 .bss.pt_task_count1
                0x20000fb4        0x4 CMakeFiles/multitest_incremental.dir/multitest.c.obj
                0x20000fb4                pt_task_count1
 .bss.pt_thread_list
                0x20000fb8       0x78 CMakeFiles/multitest_incremental.dir/multitest.c.obj
 .bss.pt_thread_list1
                0x20001030       0x78 CMakeFiles/multitest_incremental.dir/multitest.c.obj
 .bss.sem_lock  0x200010a8        0x4 CMakeFiles/multitest_incremental.dir/multitest.c.obj
                0x200010a8                sem_lock
 .bss.sf_clz_func
                0x200010ac        0x4 CMakeFiles/multitest_incremental.dir/C_/Users/matti/Pico/pico-sdk/src/rp2_common/pico_double/double_init_rom.c.obj
                0x200010ac                sf_clz_func
 .bss.sin_table
                0x200010b0      0x400 CMakeFiles/multitest_incremental.dir/multitest.c.obj
                0x200010b0                sin_table
 .bss.sleep_notifier
                0x200014b0        0x4 CMakeFiles/multitest_incremental.dir/C_/Users/matti/Pico/pico-sdk/src/common/pico_time/time.c.obj
 .bss.target_hi
                0x200014b4       0x10 CMakeFiles/multitest_incremental.dir/C_/Users/matti/Pico/pico-sdk/src/rp2_common/hardware_timer/timer.c.obj
 .bss.uart_char_to_line_feed
                0x200014c4        0x4 CMakeFiles/multitest_incremental.dir/C_/Users/matti/Pico/pico-sdk/src/rp2_common/hardware_uart/uart.c.obj
                0x200014c4                uart_char_to_line_feed
 .bss.uart_instance
                0x200014c8        0x4 CMakeFiles/multitest_incremental.dir/C_/Users/matti/Pico/pico-sdk/src/rp2_common/pico_stdio_uart/stdio_uart.c.obj
 .bss.DAC_data_0
                0x200014cc        0x2 CMakeFiles/multitest_incremental.dir/multitest.c.obj
                0x200014cc                DAC_data_0
 .bss.DAC_data_1
                0x200014ce        0x2 CMakeFiles/multitest_incremental.dir/multitest.c.obj
                0x200014ce                DAC_data_1
 .bss.claimed   0x200014d0        0x1 CMakeFiles/multitest_incremental.dir/C_/Users/matti/Pico/pico-sdk/src/rp2_common/hardware_timer/timer.c.obj
 .bss.irq_hander_chain_free_slot_head
                0x200014d1        0x1 CMakeFiles/multitest_incremental.dir/C_/Users/matti/Pico/pico-sdk/src/rp2_common/hardware_irq/irq.c.obj
 .bss.timer_callbacks_pending
                0x200014d2        0x1 CMakeFiles/multitest_incremental.dir/C_/Users/matti/Pico/pico-sdk/src/rp2_common/hardware_timer/timer.c.obj
 *(COMMON)
                0x200014d4                . = ALIGN (0x4)
 *fill*         0x200014d3        0x1 
                0x200014d4                __bss_end__ = .

.heap           0x200014d4      0x800
                0x200014d4                __end__ = .
                0x200014d4                end = __end__
 *(.heap*)
 .heap          0x200014d4      0x800 CMakeFiles/multitest_incremental.dir/C_/Users/matti/Pico/pico-sdk/src/rp2_common/pico_standard_link/crt0.S.obj
                0x20001cd4                __HeapLimit = .

.stack1_dummy   0x20040000      0x800
 *(.stack1*)
 .stack1        0x20040000      0x800 CMakeFiles/multitest_incremental.dir/C_/Users/matti/Pico/pico-sdk/src/rp2_common/pico_multicore/multicore.c.obj

.stack_dummy    0x20041000      0x800
 *(.stack*)
 .stack         0x20041000      0x800 CMakeFiles/multitest_incremental.dir/C_/Users/matti/Pico/pico-sdk/src/rp2_common/pico_standard_link/crt0.S.obj

.flash_end      0x100072f8        0x0
                0x100072f8                PROVIDE (__flash_binary_end = .)
                0x20040000                __StackLimit = (ORIGIN (RAM) + LENGTH (RAM))
                0x20041000                __StackOneTop = (ORIGIN (SCRATCH_X) + LENGTH (SCRATCH_X))
                0x20042000                __StackTop = (ORIGIN (SCRATCH_Y) + LENGTH (SCRATCH_Y))
                0x20040800                __StackOneBottom = (__StackOneTop - SIZEOF (.stack1_dummy))
                0x20041800                __StackBottom = (__StackTop - SIZEOF (.stack_dummy))
                0x20042000                PROVIDE (__stack = __StackTop)
                0x00000001                ASSERT ((__StackLimit >= __HeapLimit), region RAM overflowed)
                0x00000001                ASSERT (((__binary_info_header_end - __logical_binary_start) <= 0x100), Binary info must be in first 256 bytes of the binary)
LOAD CMakeFiles/multitest_incremental.dir/multitest.c.obj
LOAD CMakeFiles/multitest_incremental.dir/C_/Users/matti/Pico/pico-sdk/src/rp2_common/pico_stdlib/stdlib.c.obj
LOAD CMakeFiles/multitest_incremental.dir/C_/Users/matti/Pico/pico-sdk/src/rp2_common/hardware_gpio/gpio.c.obj
LOAD CMakeFiles/multitest_incremental.dir/C_/Users/matti/Pico/pico-sdk/src/rp2_common/pico_platform/platform.c.obj
LOAD CMakeFiles/multitest_incremental.dir/C_/Users/matti/Pico/pico-sdk/src/rp2_common/hardware_claim/claim.c.obj
LOAD CMakeFiles/multitest_incremental.dir/C_/Users/matti/Pico/pico-sdk/src/rp2_common/hardware_sync/sync.c.obj
LOAD CMakeFiles/multitest_incremental.dir/C_/Users/matti/Pico/pico-sdk/src/rp2_common/hardware_irq/irq.c.obj
LOAD CMakeFiles/multitest_incremental.dir/C_/Users/matti/Pico/pico-sdk/src/rp2_common/hardware_irq/irq_handler_chain.S.obj
LOAD CMakeFiles/multitest_incremental.dir/C_/Users/matti/Pico/pico-sdk/src/common/pico_sync/sem.c.obj
LOAD CMakeFiles/multitest_incremental.dir/C_/Users/matti/Pico/pico-sdk/src/common/pico_sync/lock_core.c.obj
LOAD CMakeFiles/multitest_incremental.dir/C_/Users/matti/Pico/pico-sdk/src/common/pico_sync/mutex.c.obj
LOAD CMakeFiles/multitest_incremental.dir/C_/Users/matti/Pico/pico-sdk/src/common/pico_sync/critical_section.c.obj
LOAD CMakeFiles/multitest_incremental.dir/C_/Users/matti/Pico/pico-sdk/src/common/pico_time/time.c.obj
LOAD CMakeFiles/multitest_incremental.dir/C_/Users/matti/Pico/pico-sdk/src/common/pico_time/timeout_helper.c.obj
LOAD CMakeFiles/multitest_incremental.dir/C_/Users/matti/Pico/pico-sdk/src/rp2_common/hardware_timer/timer.c.obj
LOAD CMakeFiles/multitest_incremental.dir/C_/Users/matti/Pico/pico-sdk/src/common/pico_util/datetime.c.obj
LOAD CMakeFiles/multitest_incremental.dir/C_/Users/matti/Pico/pico-sdk/src/common/pico_util/pheap.c.obj
LOAD CMakeFiles/multitest_incremental.dir/C_/Users/matti/Pico/pico-sdk/src/common/pico_util/queue.c.obj
LOAD CMakeFiles/multitest_incremental.dir/C_/Users/matti/Pico/pico-sdk/src/rp2_common/hardware_uart/uart.c.obj
LOAD CMakeFiles/multitest_incremental.dir/C_/Users/matti/Pico/pico-sdk/src/rp2_common/hardware_clocks/clocks.c.obj
LOAD CMakeFiles/multitest_incremental.dir/C_/Users/matti/Pico/pico-sdk/src/rp2_common/hardware_pll/pll.c.obj
LOAD CMakeFiles/multitest_incremental.dir/C_/Users/matti/Pico/pico-sdk/src/rp2_common/hardware_vreg/vreg.c.obj
LOAD CMakeFiles/multitest_incremental.dir/C_/Users/matti/Pico/pico-sdk/src/rp2_common/hardware_watchdog/watchdog.c.obj
LOAD CMakeFiles/multitest_incremental.dir/C_/Users/matti/Pico/pico-sdk/src/rp2_common/hardware_xosc/xosc.c.obj
LOAD CMakeFiles/multitest_incremental.dir/C_/Users/matti/Pico/pico-sdk/src/rp2_common/hardware_divider/divider.S.obj
LOAD CMakeFiles/multitest_incremental.dir/C_/Users/matti/Pico/pico-sdk/src/rp2_common/pico_runtime/runtime.c.obj
LOAD CMakeFiles/multitest_incremental.dir/C_/Users/matti/Pico/pico-sdk/src/rp2_common/pico_printf/printf.c.obj
LOAD CMakeFiles/multitest_incremental.dir/C_/Users/matti/Pico/pico-sdk/src/rp2_common/pico_bit_ops/bit_ops_aeabi.S.obj
LOAD CMakeFiles/multitest_incremental.dir/C_/Users/matti/Pico/pico-sdk/src/rp2_common/pico_bootrom/bootrom.c.obj
LOAD CMakeFiles/multitest_incremental.dir/C_/Users/matti/Pico/pico-sdk/src/rp2_common/pico_divider/divider.S.obj
LOAD CMakeFiles/multitest_incremental.dir/C_/Users/matti/Pico/pico-sdk/src/rp2_common/pico_double/double_aeabi.S.obj
LOAD CMakeFiles/multitest_incremental.dir/C_/Users/matti/Pico/pico-sdk/src/rp2_common/pico_double/double_init_rom.c.obj
LOAD CMakeFiles/multitest_incremental.dir/C_/Users/matti/Pico/pico-sdk/src/rp2_common/pico_double/double_math.c.obj
LOAD CMakeFiles/multitest_incremental.dir/C_/Users/matti/Pico/pico-sdk/src/rp2_common/pico_double/double_v1_rom_shim.S.obj
LOAD CMakeFiles/multitest_incremental.dir/C_/Users/matti/Pico/pico-sdk/src/rp2_common/pico_int64_ops/pico_int64_ops_aeabi.S.obj
LOAD CMakeFiles/multitest_incremental.dir/C_/Users/matti/Pico/pico-sdk/src/rp2_common/pico_float/float_aeabi.S.obj
LOAD CMakeFiles/multitest_incremental.dir/C_/Users/matti/Pico/pico-sdk/src/rp2_common/pico_float/float_init_rom.c.obj
LOAD CMakeFiles/multitest_incremental.dir/C_/Users/matti/Pico/pico-sdk/src/rp2_common/pico_float/float_math.c.obj
LOAD CMakeFiles/multitest_incremental.dir/C_/Users/matti/Pico/pico-sdk/src/rp2_common/pico_float/float_v1_rom_shim.S.obj
LOAD CMakeFiles/multitest_incremental.dir/C_/Users/matti/Pico/pico-sdk/src/rp2_common/pico_malloc/pico_malloc.c.obj
LOAD CMakeFiles/multitest_incremental.dir/C_/Users/matti/Pico/pico-sdk/src/rp2_common/pico_mem_ops/mem_ops_aeabi.S.obj
LOAD CMakeFiles/multitest_incremental.dir/C_/Users/matti/Pico/pico-sdk/src/rp2_common/pico_standard_link/crt0.S.obj
LOAD CMakeFiles/multitest_incremental.dir/C_/Users/matti/Pico/pico-sdk/src/rp2_common/pico_standard_link/new_delete.cpp.obj
LOAD CMakeFiles/multitest_incremental.dir/C_/Users/matti/Pico/pico-sdk/src/rp2_common/pico_standard_link/binary_info.c.obj
LOAD CMakeFiles/multitest_incremental.dir/C_/Users/matti/Pico/pico-sdk/src/rp2_common/pico_stdio/stdio.c.obj
LOAD CMakeFiles/multitest_incremental.dir/C_/Users/matti/Pico/pico-sdk/src/rp2_common/pico_stdio_uart/stdio_uart.c.obj
LOAD CMakeFiles/multitest_incremental.dir/C_/Users/matti/Pico/pico-sdk/src/rp2_common/pico_multicore/multicore.c.obj
LOAD CMakeFiles/multitest_incremental.dir/C_/Users/matti/Pico/pico-sdk/src/rp2_common/pico_bootsel_via_double_reset/pico_bootsel_via_double_reset.c.obj
LOAD CMakeFiles/multitest_incremental.dir/C_/Users/matti/Pico/pico-sdk/src/rp2_common/hardware_spi/spi.c.obj
LOAD C:\Users\matti\AppData\Local\Temp\cccP6XUU.o
LOAD c:/progra~2/gnuarm~1/102021~1.10/bin/../lib/gcc/arm-none-eabi/10.3.1/../../../../arm-none-eabi/lib/thumb/v6-m/nofp\libstdc++.a
LOAD c:/progra~2/gnuarm~1/102021~1.10/bin/../lib/gcc/arm-none-eabi/10.3.1/../../../../arm-none-eabi/lib/thumb/v6-m/nofp\libm.a
START GROUP
LOAD c:/progra~2/gnuarm~1/102021~1.10/bin/../lib/gcc/arm-none-eabi/10.3.1/thumb/v6-m/nofp\libgcc.a
LOAD c:/progra~2/gnuarm~1/102021~1.10/bin/../lib/gcc/arm-none-eabi/10.3.1/../../../../arm-none-eabi/lib/thumb/v6-m/nofp\libc.a
END GROUP
START GROUP
LOAD c:/progra~2/gnuarm~1/102021~1.10/bin/../lib/gcc/arm-none-eabi/10.3.1/thumb/v6-m/nofp\libgcc.a
LOAD c:/progra~2/gnuarm~1/102021~1.10/bin/../lib/gcc/arm-none-eabi/10.3.1/../../../../arm-none-eabi/lib/thumb/v6-m/nofp\libc.a
LOAD c:/progra~2/gnuarm~1/102021~1.10/bin/../lib/gcc/arm-none-eabi/10.3.1/../../../../arm-none-eabi/lib/thumb/v6-m/nofp\libnosys.a
END GROUP
LOAD c:/progra~2/gnuarm~1/102021~1.10/bin/../lib/gcc/arm-none-eabi/10.3.1/thumb/v6-m/nofp/crtend.o
LOAD c:/progra~2/gnuarm~1/102021~1.10/bin/../lib/gcc/arm-none-eabi/10.3.1/thumb/v6-m/nofp/crtn.o
OUTPUT(multitest_incremental.elf elf32-littlearm)
LOAD linker stubs

.ARM.attributes
                0x00000000       0x28
 .ARM.attributes
                0x00000000       0x1e c:/progra~2/gnuarm~1/102021~1.10/bin/../lib/gcc/arm-none-eabi/10.3.1/thumb/v6-m/nofp/crti.o
 .ARM.attributes
                0x0000001e       0x2c c:/progra~2/gnuarm~1/102021~1.10/bin/../lib/gcc/arm-none-eabi/10.3.1/thumb/v6-m/nofp/crtbegin.o
 .ARM.attributes
                0x0000004a       0x2c CMakeFiles/multitest_incremental.dir/multitest.c.obj
 .ARM.attributes
                0x00000076       0x2c CMakeFiles/multitest_incremental.dir/C_/Users/matti/Pico/pico-sdk/src/rp2_common/hardware_gpio/gpio.c.obj
 .ARM.attributes
                0x000000a2       0x2c CMakeFiles/multitest_incremental.dir/C_/Users/matti/Pico/pico-sdk/src/rp2_common/pico_platform/platform.c.obj
 .ARM.attributes
                0x000000ce       0x2c CMakeFiles/multitest_incremental.dir/C_/Users/matti/Pico/pico-sdk/src/rp2_common/hardware_claim/claim.c.obj
 .ARM.attributes
                0x000000fa       0x2c CMakeFiles/multitest_incremental.dir/C_/Users/matti/Pico/pico-sdk/src/rp2_common/hardware_sync/sync.c.obj
 .ARM.attributes
                0x00000126       0x2c CMakeFiles/multitest_incremental.dir/C_/Users/matti/Pico/pico-sdk/src/rp2_common/hardware_irq/irq.c.obj
 .ARM.attributes
                0x00000152       0x22 CMakeFiles/multitest_incremental.dir/C_/Users/matti/Pico/pico-sdk/src/rp2_common/hardware_irq/irq_handler_chain.S.obj
 .ARM.attributes
                0x00000174       0x2c CMakeFiles/multitest_incremental.dir/C_/Users/matti/Pico/pico-sdk/src/common/pico_sync/lock_core.c.obj
 .ARM.attributes
                0x000001a0       0x2c CMakeFiles/multitest_incremental.dir/C_/Users/matti/Pico/pico-sdk/src/common/pico_sync/mutex.c.obj
 .ARM.attributes
                0x000001cc       0x2c CMakeFiles/multitest_incremental.dir/C_/Users/matti/Pico/pico-sdk/src/common/pico_time/time.c.obj
 .ARM.attributes
                0x000001f8       0x2c CMakeFiles/multitest_incremental.dir/C_/Users/matti/Pico/pico-sdk/src/rp2_common/hardware_timer/timer.c.obj
 .ARM.attributes
                0x00000224       0x2c CMakeFiles/multitest_incremental.dir/C_/Users/matti/Pico/pico-sdk/src/common/pico_util/pheap.c.obj
 .ARM.attributes
                0x00000250       0x2c CMakeFiles/multitest_incremental.dir/C_/Users/matti/Pico/pico-sdk/src/rp2_common/hardware_uart/uart.c.obj
 .ARM.attributes
                0x0000027c       0x2c CMakeFiles/multitest_incremental.dir/C_/Users/matti/Pico/pico-sdk/src/rp2_common/hardware_clocks/clocks.c.obj
 .ARM.attributes
                0x000002a8       0x2c CMakeFiles/multitest_incremental.dir/C_/Users/matti/Pico/pico-sdk/src/rp2_common/hardware_pll/pll.c.obj
 .ARM.attributes
                0x000002d4       0x2c CMakeFiles/multitest_incremental.dir/C_/Users/matti/Pico/pico-sdk/src/rp2_common/hardware_watchdog/watchdog.c.obj
 .ARM.attributes
                0x00000300       0x2c CMakeFiles/multitest_incremental.dir/C_/Users/matti/Pico/pico-sdk/src/rp2_common/hardware_xosc/xosc.c.obj
 .ARM.attributes
                0x0000032c       0x2c CMakeFiles/multitest_incremental.dir/C_/Users/matti/Pico/pico-sdk/src/rp2_common/pico_runtime/runtime.c.obj
 .ARM.attributes
                0x00000358       0x2c CMakeFiles/multitest_incremental.dir/C_/Users/matti/Pico/pico-sdk/src/rp2_common/pico_printf/printf.c.obj
 .ARM.attributes
                0x00000384       0x22 CMakeFiles/multitest_incremental.dir/C_/Users/matti/Pico/pico-sdk/src/rp2_common/pico_bit_ops/bit_ops_aeabi.S.obj
 .ARM.attributes
                0x000003a6       0x2c CMakeFiles/multitest_incremental.dir/C_/Users/matti/Pico/pico-sdk/src/rp2_common/pico_bootrom/bootrom.c.obj
 .ARM.attributes
                0x000003d2       0x22 CMakeFiles/multitest_incremental.dir/C_/Users/matti/Pico/pico-sdk/src/rp2_common/pico_divider/divider.S.obj
 .ARM.attributes
                0x000003f4       0x22 CMakeFiles/multitest_incremental.dir/C_/Users/matti/Pico/pico-sdk/src/rp2_common/pico_double/double_aeabi.S.obj
 .ARM.attributes
                0x00000416       0x2c CMakeFiles/multitest_incremental.dir/C_/Users/matti/Pico/pico-sdk/src/rp2_common/pico_double/double_init_rom.c.obj
 .ARM.attributes
                0x00000442       0x2c CMakeFiles/multitest_incremental.dir/C_/Users/matti/Pico/pico-sdk/src/rp2_common/pico_double/double_math.c.obj
 .ARM.attributes
                0x0000046e       0x22 CMakeFiles/multitest_incremental.dir/C_/Users/matti/Pico/pico-sdk/src/rp2_common/pico_double/double_v1_rom_shim.S.obj
 .ARM.attributes
                0x00000490       0x22 CMakeFiles/multitest_incremental.dir/C_/Users/matti/Pico/pico-sdk/src/rp2_common/pico_int64_ops/pico_int64_ops_aeabi.S.obj
 .ARM.attributes
                0x000004b2       0x22 CMakeFiles/multitest_incremental.dir/C_/Users/matti/Pico/pico-sdk/src/rp2_common/pico_float/float_aeabi.S.obj
 .ARM.attributes
                0x000004d4       0x2c CMakeFiles/multitest_incremental.dir/C_/Users/matti/Pico/pico-sdk/src/rp2_common/pico_float/float_init_rom.c.obj
 .ARM.attributes
                0x00000500       0x22 CMakeFiles/multitest_incremental.dir/C_/Users/matti/Pico/pico-sdk/src/rp2_common/pico_float/float_v1_rom_shim.S.obj
 .ARM.attributes
                0x00000522       0x2c CMakeFiles/multitest_incremental.dir/C_/Users/matti/Pico/pico-sdk/src/rp2_common/pico_malloc/pico_malloc.c.obj
 .ARM.attributes
                0x0000054e       0x22 CMakeFiles/multitest_incremental.dir/C_/Users/matti/Pico/pico-sdk/src/rp2_common/pico_mem_ops/mem_ops_aeabi.S.obj
 .ARM.attributes
                0x00000570       0x22 CMakeFiles/multitest_incremental.dir/C_/Users/matti/Pico/pico-sdk/src/rp2_common/pico_standard_link/crt0.S.obj
 .ARM.attributes
                0x00000592       0x2c CMakeFiles/multitest_incremental.dir/C_/Users/matti/Pico/pico-sdk/src/rp2_common/pico_standard_link/binary_info.c.obj
 .ARM.attributes
                0x000005be       0x2c CMakeFiles/multitest_incremental.dir/C_/Users/matti/Pico/pico-sdk/src/rp2_common/pico_stdio/stdio.c.obj
 .ARM.attributes
                0x000005ea       0x2c CMakeFiles/multitest_incremental.dir/C_/Users/matti/Pico/pico-sdk/src/rp2_common/pico_stdio_uart/stdio_uart.c.obj
 .ARM.attributes
                0x00000616       0x2c CMakeFiles/multitest_incremental.dir/C_/Users/matti/Pico/pico-sdk/src/rp2_common/pico_multicore/multicore.c.obj
 .ARM.attributes
                0x00000642       0x2c CMakeFiles/multitest_incremental.dir/C_/Users/matti/Pico/pico-sdk/src/rp2_common/pico_bootsel_via_double_reset/pico_bootsel_via_double_reset.c.obj
 .ARM.attributes
                0x0000066e       0x2c CMakeFiles/multitest_incremental.dir/C_/Users/matti/Pico/pico-sdk/src/rp2_common/hardware_spi/spi.c.obj
 .ARM.attributes
                0x0000069a       0x22 C:\Users\matti\AppData\Local\Temp\cccP6XUU.o
 .ARM.attributes
                0x000006bc       0x1e c:/progra~2/gnuarm~1/102021~1.10/bin/../lib/gcc/arm-none-eabi/10.3.1/thumb/v6-m/nofp\libgcc.a(_dvmd_tls.o)
 .ARM.attributes
                0x000006da       0x2c c:/progra~2/gnuarm~1/102021~1.10/bin/../lib/gcc/arm-none-eabi/10.3.1/../../../../arm-none-eabi/lib/thumb/v6-m/nofp\libc.a(lib_a-calloc.o)
 .ARM.attributes
                0x00000706       0x2c c:/progra~2/gnuarm~1/102021~1.10/bin/../lib/gcc/arm-none-eabi/10.3.1/../../../../arm-none-eabi/lib/thumb/v6-m/nofp\libc.a(lib_a-callocr.o)
 .ARM.attributes
                0x00000732       0x2c c:/progra~2/gnuarm~1/102021~1.10/bin/../lib/gcc/arm-none-eabi/10.3.1/../../../../arm-none-eabi/lib/thumb/v6-m/nofp\libc.a(lib_a-errno.o)
 .ARM.attributes
                0x0000075e       0x2c c:/progra~2/gnuarm~1/102021~1.10/bin/../lib/gcc/arm-none-eabi/10.3.1/../../../../arm-none-eabi/lib/thumb/v6-m/nofp\libc.a(lib_a-impure.o)
 .ARM.attributes
                0x0000078a       0x2c c:/progra~2/gnuarm~1/102021~1.10/bin/../lib/gcc/arm-none-eabi/10.3.1/../../../../arm-none-eabi/lib/thumb/v6-m/nofp\libc.a(lib_a-malloc.o)
 .ARM.attributes
                0x000007b6       0x2c c:/progra~2/gnuarm~1/102021~1.10/bin/../lib/gcc/arm-none-eabi/10.3.1/../../../../arm-none-eabi/lib/thumb/v6-m/nofp\libc.a(lib_a-mallocr.o)
 .ARM.attributes
                0x000007e2       0x2c c:/progra~2/gnuarm~1/102021~1.10/bin/../lib/gcc/arm-none-eabi/10.3.1/../../../../arm-none-eabi/lib/thumb/v6-m/nofp\libc.a(lib_a-mlock.o)
 .ARM.attributes
                0x0000080e       0x2c c:/progra~2/gnuarm~1/102021~1.10/bin/../lib/gcc/arm-none-eabi/10.3.1/../../../../arm-none-eabi/lib/thumb/v6-m/nofp\libc.a(lib_a-sbrkr.o)
 .ARM.attributes
                0x0000083a       0x2c c:/progra~2/gnuarm~1/102021~1.10/bin/../lib/gcc/arm-none-eabi/10.3.1/../../../../arm-none-eabi/lib/thumb/v6-m/nofp\libc.a(lib_a-strlen-stub.o)
 .ARM.attributes
                0x00000866       0x2c c:/progra~2/gnuarm~1/102021~1.10/bin/../lib/gcc/arm-none-eabi/10.3.1/../../../../arm-none-eabi/lib/thumb/v6-m/nofp\libc.a(lib_a-freer.o)
 .ARM.attributes
                0x00000892       0x2c c:/progra~2/gnuarm~1/102021~1.10/bin/../lib/gcc/arm-none-eabi/10.3.1/../../../../arm-none-eabi/lib/thumb/v6-m/nofp\libc.a(lib_a-lock.o)
 .ARM.attributes
                0x000008be       0x2c c:/progra~2/gnuarm~1/102021~1.10/bin/../lib/gcc/arm-none-eabi/10.3.1/../../../../arm-none-eabi/lib/thumb/v6-m/nofp\libc.a(lib_a-reent.o)

.comment        0x00000000       0x49
 .comment       0x00000000       0x49 CMakeFiles/multitest_incremental.dir/multitest.c.obj
                                 0x4a (size before relaxing)
 .comment       0x00000049       0x4a CMakeFiles/multitest_incremental.dir/C_/Users/matti/Pico/pico-sdk/src/rp2_common/hardware_gpio/gpio.c.obj
 .comment       0x00000049       0x4a CMakeFiles/multitest_incremental.dir/C_/Users/matti/Pico/pico-sdk/src/rp2_common/pico_platform/platform.c.obj
 .comment       0x00000049       0x4a CMakeFiles/multitest_incremental.dir/C_/Users/matti/Pico/pico-sdk/src/rp2_common/hardware_claim/claim.c.obj
 .comment       0x00000049       0x4a CMakeFiles/multitest_incremental.dir/C_/Users/matti/Pico/pico-sdk/src/rp2_common/hardware_sync/sync.c.obj
 .comment       0x00000049       0x4a CMakeFiles/multitest_incremental.dir/C_/Users/matti/Pico/pico-sdk/src/rp2_common/hardware_irq/irq.c.obj
 .comment       0x00000049       0x4a CMakeFiles/multitest_incremental.dir/C_/Users/matti/Pico/pico-sdk/src/common/pico_sync/lock_core.c.obj
 .comment       0x00000049       0x4a CMakeFiles/multitest_incremental.dir/C_/Users/matti/Pico/pico-sdk/src/common/pico_sync/mutex.c.obj
 .comment       0x00000049       0x4a CMakeFiles/multitest_incremental.dir/C_/Users/matti/Pico/pico-sdk/src/common/pico_time/time.c.obj
 .comment       0x00000049       0x4a CMakeFiles/multitest_incremental.dir/C_/Users/matti/Pico/pico-sdk/src/rp2_common/hardware_timer/timer.c.obj
 .comment       0x00000049       0x4a CMakeFiles/multitest_incremental.dir/C_/Users/matti/Pico/pico-sdk/src/common/pico_util/pheap.c.obj
 .comment       0x00000049       0x4a CMakeFiles/multitest_incremental.dir/C_/Users/matti/Pico/pico-sdk/src/rp2_common/hardware_uart/uart.c.obj
 .comment       0x00000049       0x4a CMakeFiles/multitest_incremental.dir/C_/Users/matti/Pico/pico-sdk/src/rp2_common/hardware_clocks/clocks.c.obj
 .comment       0x00000049       0x4a CMakeFiles/multitest_incremental.dir/C_/Users/matti/Pico/pico-sdk/src/rp2_common/hardware_pll/pll.c.obj
 .comment       0x00000049       0x4a CMakeFiles/multitest_incremental.dir/C_/Users/matti/Pico/pico-sdk/src/rp2_common/hardware_watchdog/watchdog.c.obj
 .comment       0x00000049       0x4a CMakeFiles/multitest_incremental.dir/C_/Users/matti/Pico/pico-sdk/src/rp2_common/hardware_xosc/xosc.c.obj
 .comment       0x00000049       0x4a CMakeFiles/multitest_incremental.dir/C_/Users/matti/Pico/pico-sdk/src/rp2_common/pico_runtime/runtime.c.obj
 .comment       0x00000049       0x4a CMakeFiles/multitest_incremental.dir/C_/Users/matti/Pico/pico-sdk/src/rp2_common/pico_printf/printf.c.obj
 .comment       0x00000049       0x4a CMakeFiles/multitest_incremental.dir/C_/Users/matti/Pico/pico-sdk/src/rp2_common/pico_bootrom/bootrom.c.obj
 .comment       0x00000049       0x4a CMakeFiles/multitest_incremental.dir/C_/Users/matti/Pico/pico-sdk/src/rp2_common/pico_double/double_init_rom.c.obj
 .comment       0x00000049       0x4a CMakeFiles/multitest_incremental.dir/C_/Users/matti/Pico/pico-sdk/src/rp2_common/pico_double/double_math.c.obj
 .comment       0x00000049       0x4a CMakeFiles/multitest_incremental.dir/C_/Users/matti/Pico/pico-sdk/src/rp2_common/pico_float/float_init_rom.c.obj
 .comment       0x00000049       0x4a CMakeFiles/multitest_incremental.dir/C_/Users/matti/Pico/pico-sdk/src/rp2_common/pico_malloc/pico_malloc.c.obj
 .comment       0x00000049       0x4a CMakeFiles/multitest_incremental.dir/C_/Users/matti/Pico/pico-sdk/src/rp2_common/pico_standard_link/binary_info.c.obj
 .comment       0x00000049       0x4a CMakeFiles/multitest_incremental.dir/C_/Users/matti/Pico/pico-sdk/src/rp2_common/pico_stdio/stdio.c.obj
 .comment       0x00000049       0x4a CMakeFiles/multitest_incremental.dir/C_/Users/matti/Pico/pico-sdk/src/rp2_common/pico_stdio_uart/stdio_uart.c.obj
 .comment       0x00000049       0x4a CMakeFiles/multitest_incremental.dir/C_/Users/matti/Pico/pico-sdk/src/rp2_common/pico_multicore/multicore.c.obj
 .comment       0x00000049       0x4a CMakeFiles/multitest_incremental.dir/C_/Users/matti/Pico/pico-sdk/src/rp2_common/pico_bootsel_via_double_reset/pico_bootsel_via_double_reset.c.obj
 .comment       0x00000049       0x4a CMakeFiles/multitest_incremental.dir/C_/Users/matti/Pico/pico-sdk/src/rp2_common/hardware_spi/spi.c.obj

.debug_frame    0x00000000      0x2d8
 .debug_frame   0x00000000       0x28 c:/progra~2/gnuarm~1/102021~1.10/bin/../lib/gcc/arm-none-eabi/10.3.1/../../../../arm-none-eabi/lib/thumb/v6-m/nofp\libc.a(lib_a-calloc.o)
 .debug_frame   0x00000028       0x2c c:/progra~2/gnuarm~1/102021~1.10/bin/../lib/gcc/arm-none-eabi/10.3.1/../../../../arm-none-eabi/lib/thumb/v6-m/nofp\libc.a(lib_a-callocr.o)
 .debug_frame   0x00000054       0x20 c:/progra~2/gnuarm~1/102021~1.10/bin/../lib/gcc/arm-none-eabi/10.3.1/../../../../arm-none-eabi/lib/thumb/v6-m/nofp\libc.a(lib_a-errno.o)
 .debug_frame   0x00000074       0x40 c:/progra~2/gnuarm~1/102021~1.10/bin/../lib/gcc/arm-none-eabi/10.3.1/../../../../arm-none-eabi/lib/thumb/v6-m/nofp\libc.a(lib_a-malloc.o)
 .debug_frame   0x000000b4       0x3c c:/progra~2/gnuarm~1/102021~1.10/bin/../lib/gcc/arm-none-eabi/10.3.1/../../../../arm-none-eabi/lib/thumb/v6-m/nofp\libc.a(lib_a-mallocr.o)
 .debug_frame   0x000000f0       0x40 c:/progra~2/gnuarm~1/102021~1.10/bin/../lib/gcc/arm-none-eabi/10.3.1/../../../../arm-none-eabi/lib/thumb/v6-m/nofp\libc.a(lib_a-mlock.o)
 .debug_frame   0x00000130       0x2c c:/progra~2/gnuarm~1/102021~1.10/bin/../lib/gcc/arm-none-eabi/10.3.1/../../../../arm-none-eabi/lib/thumb/v6-m/nofp\libc.a(lib_a-sbrkr.o)
 .debug_frame   0x0000015c       0x28 c:/progra~2/gnuarm~1/102021~1.10/bin/../lib/gcc/arm-none-eabi/10.3.1/../../../../arm-none-eabi/lib/thumb/v6-m/nofp\libc.a(lib_a-strlen-stub.o)
 .debug_frame   0x00000184       0x54 c:/progra~2/gnuarm~1/102021~1.10/bin/../lib/gcc/arm-none-eabi/10.3.1/../../../../arm-none-eabi/lib/thumb/v6-m/nofp\libc.a(lib_a-freer.o)
 .debug_frame   0x000001d8       0xb0 c:/progra~2/gnuarm~1/102021~1.10/bin/../lib/gcc/arm-none-eabi/10.3.1/../../../../arm-none-eabi/lib/thumb/v6-m/nofp\libc.a(lib_a-lock.o)
 .debug_frame   0x00000288       0x50 c:/progra~2/gnuarm~1/102021~1.10/bin/../lib/gcc/arm-none-eabi/10.3.1/../../../../arm-none-eabi/lib/thumb/v6-m/nofp\libc.a(lib_a-reent.o)