Archive member included to satisfy reference by file (symbol)

c:/progra~2/gnuarm~1/102021~1.10/bin/../lib/gcc/arm-none-eabi/10.3.1/thumb/v6-m/nofp\libgcc.a(_dvmd_tls.o)
                              CMakeFiles/protothreads_test.dir/C_/Users/matti/Pico/pico-sdk/src/rp2_common/pico_divider/divider.S.obj (__aeabi_idiv0)
c:/progra~2/gnuarm~1/102021~1.10/bin/../lib/gcc/arm-none-eabi/10.3.1/../../../../arm-none-eabi/lib/thumb/v6-m/nofp\libc.a(lib_a-calloc.o)
                              CMakeFiles/protothreads_test.dir/C_/Users/matti/Pico/pico-sdk/src/rp2_common/pico_malloc/pico_malloc.c.obj (calloc)
c:/progra~2/gnuarm~1/102021~1.10/bin/../lib/gcc/arm-none-eabi/10.3.1/../../../../arm-none-eabi/lib/thumb/v6-m/nofp\libc.a(lib_a-callocr.o)
                              c:/progra~2/gnuarm~1/102021~1.10/bin/../lib/gcc/arm-none-eabi/10.3.1/../../../../arm-none-eabi/lib/thumb/v6-m/nofp\libc.a(lib_a-calloc.o) (_calloc_r)
c:/progra~2/gnuarm~1/102021~1.10/bin/../lib/gcc/arm-none-eabi/10.3.1/../../../../arm-none-eabi/lib/thumb/v6-m/nofp\libc.a(lib_a-errno.o)
                              c:/progra~2/gnuarm~1/102021~1.10/bin/../lib/gcc/arm-none-eabi/10.3.1/../../../../arm-none-eabi/lib/thumb/v6-m/nofp\libc.a(lib_a-callocr.o) (__errno)
c:/progra~2/gnuarm~1/102021~1.10/bin/../lib/gcc/arm-none-eabi/10.3.1/../../../../arm-none-eabi/lib/thumb/v6-m/nofp\libc.a(lib_a-impure.o)
                              c:/progra~2/gnuarm~1/102021~1.10/bin/../lib/gcc/arm-none-eabi/10.3.1/../../../../arm-none-eabi/lib/thumb/v6-m/nofp\libc.a(lib_a-calloc.o) (_impure_ptr)
c:/progra~2/gnuarm~1/102021~1.10/bin/../lib/gcc/arm-none-eabi/10.3.1/../../../../arm-none-eabi/lib/thumb/v6-m/nofp\libc.a(lib_a-init.o)
                              c:/progra~2/gnuarm~1/102021~1.10/bin/../lib/gcc/arm-none-eabi/10.3.1/../../../../arm-none-eabi/lib/thumb/v6-m/nofp/crt0.o (__libc_init_array)
c:/progra~2/gnuarm~1/102021~1.10/bin/../lib/gcc/arm-none-eabi/10.3.1/../../../../arm-none-eabi/lib/thumb/v6-m/nofp\libc.a(lib_a-malloc.o)
                              CMakeFiles/protothreads_test.dir/C_/Users/matti/Pico/pico-sdk/src/rp2_common/pico_malloc/pico_malloc.c.obj (malloc)
c:/progra~2/gnuarm~1/102021~1.10/bin/../lib/gcc/arm-none-eabi/10.3.1/../../../../arm-none-eabi/lib/thumb/v6-m/nofp\libc.a(lib_a-mallocr.o)
                              c:/progra~2/gnuarm~1/102021~1.10/bin/../lib/gcc/arm-none-eabi/10.3.1/../../../../arm-none-eabi/lib/thumb/v6-m/nofp\libc.a(lib_a-callocr.o) (_malloc_r)
c:/progra~2/gnuarm~1/102021~1.10/bin/../lib/gcc/arm-none-eabi/10.3.1/../../../../arm-none-eabi/lib/thumb/v6-m/nofp\libc.a(lib_a-mlock.o)
                              c:/progra~2/gnuarm~1/102021~1.10/bin/../lib/gcc/arm-none-eabi/10.3.1/../../../../arm-none-eabi/lib/thumb/v6-m/nofp\libc.a(lib_a-mallocr.o) (__malloc_lock)
c:/progra~2/gnuarm~1/102021~1.10/bin/../lib/gcc/arm-none-eabi/10.3.1/../../../../arm-none-eabi/lib/thumb/v6-m/nofp\libc.a(lib_a-realloc.o)
                              CMakeFiles/protothreads_test.dir/C_/Users/matti/Pico/pico-sdk/src/rp2_common/pico_malloc/pico_malloc.c.obj (realloc)
c:/progra~2/gnuarm~1/102021~1.10/bin/../lib/gcc/arm-none-eabi/10.3.1/../../../../arm-none-eabi/lib/thumb/v6-m/nofp\libc.a(lib_a-reallocr.o)
                              c:/progra~2/gnuarm~1/102021~1.10/bin/../lib/gcc/arm-none-eabi/10.3.1/../../../../arm-none-eabi/lib/thumb/v6-m/nofp\libc.a(lib_a-realloc.o) (_realloc_r)
c:/progra~2/gnuarm~1/102021~1.10/bin/../lib/gcc/arm-none-eabi/10.3.1/../../../../arm-none-eabi/lib/thumb/v6-m/nofp\libc.a(lib_a-sbrkr.o)
                              c:/progra~2/gnuarm~1/102021~1.10/bin/../lib/gcc/arm-none-eabi/10.3.1/../../../../arm-none-eabi/lib/thumb/v6-m/nofp\libc.a(lib_a-mallocr.o) (_sbrk_r)
c:/progra~2/gnuarm~1/102021~1.10/bin/../lib/gcc/arm-none-eabi/10.3.1/../../../../arm-none-eabi/lib/thumb/v6-m/nofp\libc.a(lib_a-sscanf.o)
                              CMakeFiles/protothreads_test.dir/Protothreads_test_1.c.obj (sscanf)
c:/progra~2/gnuarm~1/102021~1.10/bin/../lib/gcc/arm-none-eabi/10.3.1/../../../../arm-none-eabi/lib/thumb/v6-m/nofp\libc.a(lib_a-stdio.o)
                              c:/progra~2/gnuarm~1/102021~1.10/bin/../lib/gcc/arm-none-eabi/10.3.1/../../../../arm-none-eabi/lib/thumb/v6-m/nofp\libc.a(lib_a-sscanf.o) (__seofread)
c:/progra~2/gnuarm~1/102021~1.10/bin/../lib/gcc/arm-none-eabi/10.3.1/../../../../arm-none-eabi/lib/thumb/v6-m/nofp\libc.a(lib_a-strlen-stub.o)
                              CMakeFiles/protothreads_test.dir/C_/Users/matti/Pico/pico-sdk/src/rp2_common/pico_stdio/stdio.c.obj (strlen)
c:/progra~2/gnuarm~1/102021~1.10/bin/../lib/gcc/arm-none-eabi/10.3.1/../../../../arm-none-eabi/lib/thumb/v6-m/nofp\libc.a(lib_a-svfscanf.o)
                              c:/progra~2/gnuarm~1/102021~1.10/bin/../lib/gcc/arm-none-eabi/10.3.1/../../../../arm-none-eabi/lib/thumb/v6-m/nofp\libc.a(lib_a-sscanf.o) (__ssvfscanf_r)
[...]
Memory Configuration

Name             Origin             Length             Attributes
FLASH            0x10000000         0x00200000         xr
RAM              0x20000000         0x00040000         xrw
SCRATCH_X        0x20040000         0x00001000         xrw
SCRATCH_Y        0x20041000         0x00001000         xrw
*default*        0x00000000         0xffffffff

Linker script and memory map

LOAD c:/progra~2/gnuarm~1/102021~1.10/bin/../lib/gcc/arm-none-eabi/10.3.1/thumb/v6-m/nofp/crti.o
LOAD c:/progra~2/gnuarm~1/102021~1.10/bin/../lib/gcc/arm-none-eabi/10.3.1/thumb/v6-m/nofp/crtbegin.o
LOAD c:/progra~2/gnuarm~1/102021~1.10/bin/../lib/gcc/arm-none-eabi/10.3.1/../../../../arm-none-eabi/lib/thumb/v6-m/nofp/crt0.o

.flash_begin    0x10000000        0x0
                0x10000000                __flash_binary_start = .

.boot2          0x10000000      0x100
                0x10000000                __boot2_start__ = .
 *(.boot2)
 .boot2         0x10000000      0x100 C:\Users\matti\AppData\Local\Temp\cc4WEp7x.o
                0x10000100                __boot2_end__ = .
                0x00000001                ASSERT (((__boot2_end__ - __boot2_start__) == 0x100), ERROR: Pico second stage bootloader must be 256 bytes in size)

.text           0x10000100     0xa538
                0x10000100                __logical_binary_start = .
 *(.vectors)
 .vectors       0x10000100       0xd4 CMakeFiles/protothreads_test.dir/C_/Users/matti/Pico/pico-sdk/src/rp2_common/pico_standard_link/crt0.S.obj
                0x10000100                __VECTOR_TABLE
                0x10000100                __vectors
                0x100001c0                isr_invalid
                0x100001c0                __default_isrs_start
                0x100001c2                isr_nmi
                0x100001c4                isr_hardfault
                0x100001c6                isr_svcall
                0x100001c8                isr_pendsv
                0x100001ca                isr_systick
                0x100001cc                isr_irq23
                0x100001cc                isr_irq18
                0x100001cc                isr_irq11
                0x100001cc                isr_irq28
                0x100001cc                isr_irq19
                0x100001cc                isr_irq0
                0x100001cc                isr_irq6
                0x100001cc                isr_irq5
                0x100001cc                isr_irq12
                0x100001cc                isr_irq22
                0x100001cc                isr_irq31
                0x100001cc                isr_irq17
                0x100001cc                isr_irq27
                0x100001cc                isr_irq30
                0x100001cc                isr_irq2
                0x100001cc                isr_irq10
                0x100001cc                isr_irq8
                0x100001cc                isr_irq24
                0x100001cc                isr_irq1
                0x100001cc                isr_irq7
                0x100001cc                isr_irq21
                0x100001cc                isr_irq20
                0x100001cc                isr_irq15
                0x100001cc                isr_irq25
                0x100001cc                isr_irq13
                0x100001cc                __unhandled_user_irq
                0x100001cc                isr_irq4
                0x100001cc                isr_irq16
                0x100001cc                isr_irq29
                0x100001cc                isr_irq26
                0x100001cc                __default_isrs_end
                0x100001cc                isr_irq3
                0x100001cc                isr_irq14
                0x100001cc                isr_irq9
                0x100001d2                unhandled_user_irq_num_in_r0
 *(.binary_info_header)
 .binary_info_header
                0x100001d4       0x14 CMakeFiles/protothreads_test.dir/C_/Users/matti/Pico/pico-sdk/src/rp2_common/pico_standard_link/crt0.S.obj
                0x100001e8                __binary_info_header_end = .
 *(.reset)
 .reset         0x100001e8       0xa0 CMakeFiles/protothreads_test.dir/C_/Users/matti/Pico/pico-sdk/src/rp2_common/pico_standard_link/crt0.S.obj
                0x100001e8                _entry_point
 .reset         0x10000288       0x30 CMakeFiles/protothreads_test.dir/C_/Users/matti/Pico/pico-sdk/src/rp2_common/pico_standard_link/binary_info.c.obj
 *(.init)
 .init          0x100002b8        0x4 c:/progra~2/gnuarm~1/102021~1.10/bin/../lib/gcc/arm-none-eabi/10.3.1/thumb/v6-m/nofp/crti.o
                0x100002b8                _init
 *(EXCLUDE_FILE(*libm.a: *libc.a:*lib_a-mem*.o *libgcc.a:) .text*)
 .text          0x100002bc       0x48 c:/progra~2/gnuarm~1/102021~1.10/bin/../lib/gcc/arm-none-eabi/10.3.1/thumb/v6-m/nofp/crtbegin.o
 .text.protothread_sum
                0x10000304       0x84 CMakeFiles/protothreads_test.dir/Protothreads_test_1.c.obj
 .text.protothread_toggle_fast
                0x10000388       0x84 CMakeFiles/protothreads_test.dir/Protothreads_test_1.c.obj
 .text.protothread_toggle3
                0x1000040c      0x14c CMakeFiles/protothreads_test.dir/Protothreads_test_1.c.obj
 .text.protothread_toggle2
                0x10000558      0x158 CMakeFiles/protothreads_test.dir/Protothreads_test_1.c.obj
 .text.protothread_toggle25
                0x100006b0       0xc4 CMakeFiles/protothreads_test.dir/Protothreads_test_1.c.obj
 .text.pt_serialin_polled.constprop.0
                0x10000774      0x1b8 CMakeFiles/protothreads_test.dir/Protothreads_test_1.c.obj
 .text.protothread_sched.constprop.0.isra.0
                0x1000092c       0x70 CMakeFiles/protothreads_test.dir/Protothreads_test_1.c.obj
 .text.protothread_sched1.constprop.0.isra.0
                0x1000099c       0x70 CMakeFiles/protothreads_test.dir/Protothreads_test_1.c.obj
 .text.core1_main
                0x10000a0c      0x100 CMakeFiles/protothreads_test.dir/Protothreads_test_1.c.obj
                0x10000a0c                core1_main
 .text.pt_serialout_polled
                0x10000b0c       0x7c CMakeFiles/protothreads_test.dir/Protothreads_test_1.c.obj
                0x10000b0c                pt_serialout_polled
 .text.protothread_serial
                0x10000b88      0x188 CMakeFiles/protothreads_test.dir/Protothreads_test_1.c.obj
 .text.startup.main
                0x10000d10      0x1bc CMakeFiles/protothreads_test.dir/Protothreads_test_1.c.obj
                0x10000d10                main
 .text.gpio_set_function
                0x10000ecc       0x30 CMakeFiles/protothreads_test.dir/C_/Users/matti/Pico/pico-sdk/src/rp2_common/hardware_gpio/gpio.c.obj
                0x10000ecc                gpio_set_function
 .text.gpio_init
                0x10000efc       0x3c CMakeFiles/protothreads_test.dir/C_/Users/matti/Pico/pico-sdk/src/rp2_common/hardware_gpio/gpio.c.obj
                0x10000efc                gpio_init
 .text.running_on_fpga
                0x10000f38       0x10 CMakeFiles/protothreads_test.dir/C_/Users/matti/Pico/pico-sdk/src/rp2_common/pico_platform/platform.c.obj
                0x10000f38                running_on_fpga
 .text.hw_claim_or_assert
                0x10000f48       0x44 CMakeFiles/protothreads_test.dir/C_/Users/matti/Pico/pico-sdk/src/rp2_common/hardware_claim/claim.c.obj
                0x10000f48                hw_claim_or_assert
 .text.spin_locks_reset
                0x10000f8c       0x1c CMakeFiles/protothreads_test.dir/C_/Users/matti/Pico/pico-sdk/src/rp2_common/hardware_sync/sync.c.obj
                0x10000f8c                spin_locks_reset
 .text.spin_lock_init
                0x10000fa8       0x18 CMakeFiles/protothreads_test.dir/C_/Users/matti/Pico/pico-sdk/src/rp2_common/hardware_sync/sync.c.obj
                0x10000fa8                spin_lock_init
 .text.next_striped_spin_lock_num
                0x10000fc0       0x18 CMakeFiles/protothreads_test.dir/C_/Users/matti/Pico/pico-sdk/src/rp2_common/hardware_sync/sync.c.obj
                0x10000fc0                next_striped_spin_lock_num
 .text.irq_set_enabled
                0x10000fd8       0x24 CMakeFiles/protothreads_test.dir/C_/Users/matti/Pico/pico-sdk/src/rp2_common/hardware_irq/irq.c.obj
                0x10000fd8                irq_set_enabled
 .text.irq_is_enabled
                0x10000ffc       0x18 CMakeFiles/protothreads_test.dir/C_/Users/matti/Pico/pico-sdk/src/rp2_common/hardware_irq/irq.c.obj
                0x10000ffc                irq_is_enabled
 .text.irq_get_vtable_handler
                0x10001014       0x10 CMakeFiles/protothreads_test.dir/C_/Users/matti/Pico/pico-sdk/src/rp2_common/hardware_irq/irq.c.obj
                0x10001014                irq_get_vtable_handler
 .text.irq_set_exclusive_handler
                0x10001024       0x54 CMakeFiles/protothreads_test.dir/C_/Users/matti/Pico/pico-sdk/src/rp2_common/hardware_irq/irq.c.obj
                0x10001024                irq_set_exclusive_handler
 .text.irq_remove_handler
                0x10001078      0x1b0 CMakeFiles/protothreads_test.dir/C_/Users/matti/Pico/pico-sdk/src/rp2_common/hardware_irq/irq.c.obj
                0x10001078                irq_remove_handler
 .text.irq_add_tail_to_free_list
                0x10001228       0xb4 CMakeFiles/protothreads_test.dir/C_/Users/matti/Pico/pico-sdk/src/rp2_common/hardware_irq/irq.c.obj
                0x10001228                irq_add_tail_to_free_list
 .text.irq_init_priorities
                0x100012dc       0x24 CMakeFiles/protothreads_test.dir/C_/Users/matti/Pico/pico-sdk/src/rp2_common/hardware_irq/irq.c.obj
                0x100012dc                irq_init_priorities
 .text.lock_init
                0x10001300       0x10 CMakeFiles/protothreads_test.dir/C_/Users/matti/Pico/pico-sdk/src/common/pico_sync/lock_core.c.obj
                0x10001300                lock_init
 .text.mutex_init
                0x10001310       0x1c CMakeFiles/protothreads_test.dir/C_/Users/matti/Pico/pico-sdk/src/common/pico_sync/mutex.c.obj
                0x10001310                mutex_init
 .text.recursive_mutex_init
                0x1000132c       0x1c CMakeFiles/protothreads_test.dir/C_/Users/matti/Pico/pico-sdk/src/common/pico_sync/mutex.c.obj
                0x1000132c                recursive_mutex_init
 .text.timer_pool_entry_comparator
                0x10001348       0x34 CMakeFiles/protothreads_test.dir/C_/Users/matti/Pico/pico-sdk/src/common/pico_time/time.c.obj
                0x10001348                timer_pool_entry_comparator
 .text.sleep_until_callback
                0x1000137c       0x30 CMakeFiles/protothreads_test.dir/C_/Users/matti/Pico/pico-sdk/src/common/pico_time/time.c.obj
 .text.add_alarm_under_lock.isra.0
                0x100013ac      0x100 CMakeFiles/protothreads_test.dir/C_/Users/matti/Pico/pico-sdk/src/common/pico_time/time.c.obj
 .text.alarm_pool_alarm_callback
                0x100014ac      0x1bc CMakeFiles/protothreads_test.dir/C_/Users/matti/Pico/pico-sdk/src/common/pico_time/time.c.obj
 .text.alarm_pool_init_default
                0x10001668       0x6c CMakeFiles/protothreads_test.dir/C_/Users/matti/Pico/pico-sdk/src/common/pico_time/time.c.obj
                0x10001668                alarm_pool_init_default
 .text.alarm_pool_add_alarm_at
                0x100016d4      0x178 CMakeFiles/protothreads_test.dir/C_/Users/matti/Pico/pico-sdk/src/common/pico_time/time.c.obj
                0x100016d4                alarm_pool_add_alarm_at
 .text.best_effort_wfe_or_timeout
                0x1000184c       0xd4 CMakeFiles/protothreads_test.dir/C_/Users/matti/Pico/pico-sdk/src/common/pico_time/time.c.obj
                0x1000184c                best_effort_wfe_or_timeout
 .text.hardware_alarm_irq_handler
                0x10001920       0xbc CMakeFiles/protothreads_test.dir/C_/Users/matti/Pico/pico-sdk/src/rp2_common/hardware_timer/timer.c.obj
 .text.hardware_alarm_claim
                0x100019dc       0x18 CMakeFiles/protothreads_test.dir/C_/Users/matti/Pico/pico-sdk/src/rp2_common/hardware_timer/timer.c.obj
                0x100019dc                hardware_alarm_claim
 .text.time_us_64
                0x100019f4       0x14 CMakeFiles/protothreads_test.dir/C_/Users/matti/Pico/pico-sdk/src/rp2_common/hardware_timer/timer.c.obj
                0x100019f4                time_us_64
 .text.busy_wait_us
                0x10001a08       0x54 CMakeFiles/protothreads_test.dir/C_/Users/matti/Pico/pico-sdk/src/rp2_common/hardware_timer/timer.c.obj
                0x10001a08                busy_wait_us
 .text.hardware_alarm_set_callback
                0x10001a5c       0x8c CMakeFiles/protothreads_test.dir/C_/Users/matti/Pico/pico-sdk/src/rp2_common/hardware_timer/timer.c.obj
                0x10001a5c                hardware_alarm_set_callback
 .text.hardware_alarm_set_target
                0x10001ae8       0xd4 CMakeFiles/protothreads_test.dir/C_/Users/matti/Pico/pico-sdk/src/rp2_common/hardware_timer/timer.c.obj
                0x10001ae8                hardware_alarm_set_target
 .text.hardware_alarm_cancel
                0x10001bbc       0x3c CMakeFiles/protothreads_test.dir/C_/Users/matti/Pico/pico-sdk/src/rp2_common/hardware_timer/timer.c.obj
                0x10001bbc                hardware_alarm_cancel
 .text.ph_merge_nodes
                0x10001bf8       0x68 CMakeFiles/protothreads_test.dir/C_/Users/matti/Pico/pico-sdk/src/common/pico_util/pheap.c.obj
 .text.ph_post_alloc_init
                0x10001c60       0x3c CMakeFiles/protothreads_test.dir/C_/Users/matti/Pico/pico-sdk/src/common/pico_util/pheap.c.obj
                0x10001c60                ph_post_alloc_init
 .text.ph_merge_two_pass
                0x10001c9c       0x90 CMakeFiles/protothreads_test.dir/C_/Users/matti/Pico/pico-sdk/src/common/pico_util/pheap.c.obj
                0x10001c9c                ph_merge_two_pass
 .text.ph_remove_any_head
                0x10001d2c      0x100 CMakeFiles/protothreads_test.dir/C_/Users/matti/Pico/pico-sdk/src/common/pico_util/pheap.c.obj
 .text.ph_remove_head
                0x10001e2c      0x104 CMakeFiles/protothreads_test.dir/C_/Users/matti/Pico/pico-sdk/src/common/pico_util/pheap.c.obj
                0x10001e2c                ph_remove_head
 .text.ph_remove_and_free_node
                0x10001f30       0x7c CMakeFiles/protothreads_test.dir/C_/Users/matti/Pico/pico-sdk/src/common/pico_util/pheap.c.obj
                0x10001f30                ph_remove_and_free_node
 .text.uart_init
                0x10001fac      0x188 CMakeFiles/protothreads_test.dir/C_/Users/matti/Pico/pico-sdk/src/rp2_common/hardware_uart/uart.c.obj
                0x10001fac                uart_init
 .text.clocks_init
                0x10002134      0x2d0 CMakeFiles/protothreads_test.dir/C_/Users/matti/Pico/pico-sdk/src/rp2_common/hardware_clocks/clocks.c.obj
                0x10002134                clocks_init
 .text.clock_get_hz
                0x10002404        0xc CMakeFiles/protothreads_test.dir/C_/Users/matti/Pico/pico-sdk/src/rp2_common/hardware_clocks/clocks.c.obj
                0x10002404                clock_get_hz
 .text.pll_init
                0x10002410       0xa0 CMakeFiles/protothreads_test.dir/C_/Users/matti/Pico/pico-sdk/src/rp2_common/hardware_pll/pll.c.obj
                0x10002410                pll_init
 .text.watchdog_start_tick
                0x100024b0       0x10 CMakeFiles/protothreads_test.dir/C_/Users/matti/Pico/pico-sdk/src/rp2_common/hardware_watchdog/watchdog.c.obj
                0x100024b0                watchdog_start_tick
 .text.xosc_init
                0x100024c0       0x28 CMakeFiles/protothreads_test.dir/C_/Users/matti/Pico/pico-sdk/src/rp2_common/hardware_xosc/xosc.c.obj
                0x100024c0                xosc_init
 .text.runtime_init
                0x100024e8       0xf0 CMakeFiles/protothreads_test.dir/C_/Users/matti/Pico/pico-sdk/src/rp2_common/pico_runtime/runtime.c.obj
                0x100024e8                runtime_init
 .text._exit    0x100025d8        0x4 CMakeFiles/protothreads_test.dir/C_/Users/matti/Pico/pico-sdk/src/rp2_common/pico_runtime/runtime.c.obj
                0x100025d8                _exit
 .text._sbrk    0x100025dc       0x34 CMakeFiles/protothreads_test.dir/C_/Users/matti/Pico/pico-sdk/src/rp2_common/pico_runtime/runtime.c.obj
                0x100025dc                _sbrk
 .text.exit     0x10002610        0x8 CMakeFiles/protothreads_test.dir/C_/Users/matti/Pico/pico-sdk/src/rp2_common/pico_runtime/runtime.c.obj
                0x10002610                exit
 .text.__assert_func
                0x10002618       0x34 CMakeFiles/protothreads_test.dir/C_/Users/matti/Pico/pico-sdk/src/rp2_common/pico_runtime/runtime.c.obj
                0x10002618                __assert_func
 .text.panic    0x1000264c       0x30 CMakeFiles/protothreads_test.dir/C_/Users/matti/Pico/pico-sdk/src/rp2_common/pico_runtime/runtime.c.obj
                0x1000264c                panic
 .text.hard_assertion_failure
                0x1000267c        0xc CMakeFiles/protothreads_test.dir/C_/Users/matti/Pico/pico-sdk/src/rp2_common/pico_runtime/runtime.c.obj
                0x1000267c                hard_assertion_failure
 .text._out_buffer
                0x10002688        0x8 CMakeFiles/protothreads_test.dir/C_/Users/matti/Pico/pico-sdk/src/rp2_common/pico_printf/printf.c.obj
 .text._out_null
                0x10002690        0x4 CMakeFiles/protothreads_test.dir/C_/Users/matti/Pico/pico-sdk/src/rp2_common/pico_printf/printf.c.obj
 .text._out_rev
                0x10002694       0x9c CMakeFiles/protothreads_test.dir/C_/Users/matti/Pico/pico-sdk/src/rp2_common/pico_printf/printf.c.obj
 .text._ntoa_format
                0x10002730      0x1cc CMakeFiles/protothreads_test.dir/C_/Users/matti/Pico/pico-sdk/src/rp2_common/pico_printf/printf.c.obj
 .text._out_char
                0x100028fc       0x10 CMakeFiles/protothreads_test.dir/C_/Users/matti/Pico/pico-sdk/src/rp2_common/pico_printf/printf.c.obj
 .text._out_fct
                0x1000290c       0x10 CMakeFiles/protothreads_test.dir/C_/Users/matti/Pico/pico-sdk/src/rp2_common/pico_printf/printf.c.obj
 .text._etoa    0x1000291c      0x44c CMakeFiles/protothreads_test.dir/C_/Users/matti/Pico/pico-sdk/src/rp2_common/pico_printf/printf.c.obj
 .text._ftoa    0x10002d68      0x398 CMakeFiles/protothreads_test.dir/C_/Users/matti/Pico/pico-sdk/src/rp2_common/pico_printf/printf.c.obj
 .text._vsnprintf
                0x10003100      0xb04 CMakeFiles/protothreads_test.dir/C_/Users/matti/Pico/pico-sdk/src/rp2_common/pico_printf/printf.c.obj
 .text.__wrap_sprintf
                0x10003c04       0x28 CMakeFiles/protothreads_test.dir/C_/Users/matti/Pico/pico-sdk/src/rp2_common/pico_printf/printf.c.obj
                0x10003c04                __wrap_sprintf
 .text.vfctprintf
                0x10003c2c       0x20 CMakeFiles/protothreads_test.dir/C_/Users/matti/Pico/pico-sdk/src/rp2_common/pico_printf/printf.c.obj
                0x10003c2c                vfctprintf
 .text.weak_raw_printf
                0x10003c4c       0x40 CMakeFiles/protothreads_test.dir/C_/Users/matti/Pico/pico-sdk/src/rp2_common/pico_printf/printf.c.obj
                0x10003c4c                weak_raw_printf
 .text.weak_raw_vprintf
                0x10003c8c       0x30 CMakeFiles/protothreads_test.dir/C_/Users/matti/Pico/pico-sdk/src/rp2_common/pico_printf/printf.c.obj
                0x10003c8c                weak_raw_vprintf
 .text          0x10003cbc       0x10 CMakeFiles/protothreads_test.dir/C_/Users/matti/Pico/pico-sdk/src/rp2_common/pico_bit_ops/bit_ops_aeabi.S.obj
 .text.rom_func_lookup
                0x10003ccc       0x10 CMakeFiles/protothreads_test.dir/C_/Users/matti/Pico/pico-sdk/src/rp2_common/pico_bootrom/bootrom.c.obj
                0x10003ccc                rom_func_lookup
 .text.rom_data_lookup
                0x10003cdc       0x10 CMakeFiles/protothreads_test.dir/C_/Users/matti/Pico/pico-sdk/src/rp2_common/pico_bootrom/bootrom.c.obj
                0x10003cdc                rom_data_lookup
 .text.rom_funcs_lookup
                0x10003cec       0x44 CMakeFiles/protothreads_test.dir/C_/Users/matti/Pico/pico-sdk/src/rp2_common/pico_bootrom/bootrom.c.obj
                0x10003cec                rom_funcs_lookup
 .text.__wrap___aeabi_idiv
                0x10003d30       0x50 CMakeFiles/protothreads_test.dir/C_/Users/matti/Pico/pico-sdk/src/rp2_common/pico_divider/divider.S.obj
                0x10003d30                __wrap___aeabi_idivmod
                0x10003d30                divmod_s32s32
                0x10003d30                div_s32s32
                0x10003d30                __wrap___aeabi_idiv
                0x10003d38                divmod_s32s32_unsafe
                0x10003d64                divmod_s32s32_savestate
 .text.__wrap___aeabi_uidiv
                0x10003d80       0x4c CMakeFiles/protothreads_test.dir/C_/Users/matti/Pico/pico-sdk/src/rp2_common/pico_divider/divider.S.obj
                0x10003d80                __wrap___aeabi_uidiv
                0x10003d80                __wrap___aeabi_uidivmod
                0x10003d80                div_u32u32
                0x10003d80                divmod_u32u32
                0x10003d88                divmod_u32u32_unsafe
                0x10003db0                divmod_u32u32_savestate
 .text.__wrap___aeabi_ldiv
                0x10003dcc      0x424 CMakeFiles/protothreads_test.dir/C_/Users/matti/Pico/pico-sdk/src/rp2_common/pico_divider/divider.S.obj
                0x10003dcc                div_s64s64
                0x10003dcc                divmod_s64s64
                0x10003dcc                __wrap___aeabi_ldivmod
                0x10003dfc                divmod_u64u64
                0x10003dfc                div_u64u64
                0x10003dfc                __wrap___aeabi_uldivmod
                0x10003e0c                divmod_u64u64_savestate
                0x10003e2c                divmod_s64s64_unsafe
                0x10003eb4                divmod_u64u64_unsafe
 .text.__wrap___aeabi_darithmetic
                0x100041f0       0x80 CMakeFiles/protothreads_test.dir/C_/Users/matti/Pico/pico-sdk/src/rp2_common/pico_double/double_aeabi.S.obj
                0x100041f0                __wrap___aeabi_drsub
                0x100041f6                __wrap___aeabi_dsub
                0x10004208                __wrap___aeabi_dadd
                0x1000421a                __wrap___aeabi_ddiv
                0x10004256                __wrap___aeabi_dmul
 .text.__wrap___aeabi_cdcmple
                0x10004270       0x6c CMakeFiles/protothreads_test.dir/C_/Users/matti/Pico/pico-sdk/src/rp2_common/pico_double/double_aeabi.S.obj
                0x10004270                __wrap___aeabi_cdrcmple
                0x10004280                __wrap___aeabi_cdcmpeq
                0x10004280                __wrap___aeabi_cdcmple
 .text.__wrap___aeabi_dcmpeq
                0x100042dc       0x10 CMakeFiles/protothreads_test.dir/C_/Users/matti/Pico/pico-sdk/src/rp2_common/pico_double/double_aeabi.S.obj
                0x100042dc                __wrap___aeabi_dcmpeq
 .text.__wrap___aeabi_dcmplt
                0x100042ec        0xc CMakeFiles/protothreads_test.dir/C_/Users/matti/Pico/pico-sdk/src/rp2_common/pico_double/double_aeabi.S.obj
                0x100042ec                __wrap___aeabi_dcmplt
 .text.__wrap___aeabi_dcmple
                0x100042f8       0x10 CMakeFiles/protothreads_test.dir/C_/Users/matti/Pico/pico-sdk/src/rp2_common/pico_double/double_aeabi.S.obj
                0x100042f8                __wrap___aeabi_dcmple
 .text.__wrap___aeabi_dcmpge
                0x10004308       0x10 CMakeFiles/protothreads_test.dir/C_/Users/matti/Pico/pico-sdk/src/rp2_common/pico_double/double_aeabi.S.obj
                0x10004308                __wrap___aeabi_dcmpge
 .text.__wrap___aeabi_dcmpgt
                0x10004318        0xa CMakeFiles/protothreads_test.dir/C_/Users/matti/Pico/pico-sdk/src/rp2_common/pico_double/double_aeabi.S.obj
                0x10004318                __wrap___aeabi_dcmpgt
 .text.__wrap___aeabi_dcmpun
                0x10004322       0x1c CMakeFiles/protothreads_test.dir/C_/Users/matti/Pico/pico-sdk/src/rp2_common/pico_double/double_aeabi.S.obj
                0x10004322                __wrap___aeabi_dcmpun
 *fill*         0x1000433e        0x2 
 .text.__wrap___aeabi_i2d
                0x10004340       0x38 CMakeFiles/protothreads_test.dir/C_/Users/matti/Pico/pico-sdk/src/rp2_common/pico_double/double_aeabi.S.obj
                0x10004340                __wrap___aeabi_ui2d
                0x10004348                __wrap___aeabi_i2d
 .text.__wrap___aeabi_d2iz
                0x10004378       0x48 CMakeFiles/protothreads_test.dir/C_/Users/matti/Pico/pico-sdk/src/rp2_common/pico_double/double_aeabi.S.obj
                0x10004378                double2int_z
                0x10004378                __wrap___aeabi_d2iz
 .text.__wrap___aeabi_d2uiz
                0x100043c0       0x18 CMakeFiles/protothreads_test.dir/C_/Users/matti/Pico/pico-sdk/src/rp2_common/pico_double/double_aeabi.S.obj
                0x100043c0                __wrap___aeabi_d2uiz
                0x100043c0                double2uint
 .text.__wrap___aeabi_l2d
                0x100043d8       0x18 CMakeFiles/protothreads_test.dir/C_/Users/matti/Pico/pico-sdk/src/rp2_common/pico_double/double_aeabi.S.obj
                0x100043d8                __wrap___aeabi_l2d
 .text.__wrap___aeabi_d2lz
                0x100043f0       0x26 CMakeFiles/protothreads_test.dir/C_/Users/matti/Pico/pico-sdk/src/rp2_common/pico_double/double_aeabi.S.obj
                0x100043f0                double2int64_z
                0x100043f0                __wrap___aeabi_d2lz
 *fill*         0x10004416        0x2 
 .text.double2int64
                0x10004418       0x18 CMakeFiles/protothreads_test.dir/C_/Users/matti/Pico/pico-sdk/src/rp2_common/pico_double/double_aeabi.S.obj
                0x10004418                double2int64
 .text.double2ufix64
                0x10004430       0x18 CMakeFiles/protothreads_test.dir/C_/Users/matti/Pico/pico-sdk/src/rp2_common/pico_double/double_aeabi.S.obj
                0x10004430                double2ufix64
 .text.__wrap___aeabi_d2f
                0x10004448       0x18 CMakeFiles/protothreads_test.dir/C_/Users/matti/Pico/pico-sdk/src/rp2_common/pico_double/double_aeabi.S.obj
                0x10004448                __wrap___aeabi_d2f
 .text.__aeabi_double_init
                0x10004460       0x94 CMakeFiles/protothreads_test.dir/C_/Users/matti/Pico/pico-sdk/src/rp2_common/pico_double/double_init_rom.c.obj
                0x10004460                __aeabi_double_init
 .text.double_table_shim_on_use_helper
                0x100044f4       0x2c CMakeFiles/protothreads_test.dir/C_/Users/matti/Pico/pico-sdk/src/rp2_common/pico_double/double_v1_rom_shim.S.obj
                0x100044f4                double_table_shim_on_use_helper
 .text.__wrap___aeabi_dsub
                0x10004520       0x10 CMakeFiles/protothreads_test.dir/C_/Users/matti/Pico/pico-sdk/src/rp2_common/pico_double/double_v1_rom_shim.S.obj
                0x10004520                drsub_shim
                0x10004526                dsub_shim
 .text.dadd_shim
                0x10004530      0x15c CMakeFiles/protothreads_test.dir/C_/Users/matti/Pico/pico-sdk/src/rp2_common/pico_double/double_v1_rom_shim.S.obj
                0x10004530                dadd_shim
 .text.dmul_shim
                0x1000468c      0x15c CMakeFiles/protothreads_test.dir/C_/Users/matti/Pico/pico-sdk/src/rp2_common/pico_double/double_v1_rom_shim.S.obj
                0x1000468c                dmul_shim
 .text.ddiv_shim
                0x100047e8      0x1b0 CMakeFiles/protothreads_test.dir/C_/Users/matti/Pico/pico-sdk/src/rp2_common/pico_double/double_v1_rom_shim.S.obj
                0x100047e8                ddiv_shim
 .text.double2uint_shim
                0x10004998        0xe CMakeFiles/protothreads_test.dir/C_/Users/matti/Pico/pico-sdk/src/rp2_common/pico_double/double_v1_rom_shim.S.obj
                0x10004998                double2uint_shim
                0x1000499a                double2ufix_shim
 .text.double2int64_shim
                0x100049a6       0x1a CMakeFiles/protothreads_test.dir/C_/Users/matti/Pico/pico-sdk/src/rp2_common/pico_double/double_v1_rom_shim.S.obj
                0x100049a6                double2int64_shim
                0x100049a8                double2fix64_shim
 .text.double2uint64_shim
                0x100049c0       0x70 CMakeFiles/protothreads_test.dir/C_/Users/matti/Pico/pico-sdk/src/rp2_common/pico_double/double_v1_rom_shim.S.obj
                0x100049c0                double2uint64_shim
                0x100049c2                double2ufix64_shim
                0x100049e2                d2fix_a
 .text.double2float_shim
                0x10004a30       0x5c CMakeFiles/protothreads_test.dir/C_/Users/matti/Pico/pico-sdk/src/rp2_common/pico_double/double_v1_rom_shim.S.obj
                0x10004a30                double2float_shim
 .text.x2double_shims
                0x10004a8c       0x90 CMakeFiles/protothreads_test.dir/C_/Users/matti/Pico/pico-sdk/src/rp2_common/pico_double/double_v1_rom_shim.S.obj
                0x10004a8c                uint2double_shim
                0x10004a8e                ufix2double_shim
                0x10004a94                int2double_shim
                0x10004a96                fix2double_shim
                0x10004a9c                uint642double_shim
                0x10004a9e                ufix642double_shim
                0x10004aa4                int642double_shim
                0x10004aa6                fix642double_shim
 .text.dunpacks
                0x10004b1c       0x3c CMakeFiles/protothreads_test.dir/C_/Users/matti/Pico/pico-sdk/src/rp2_common/pico_double/double_v1_rom_shim.S.obj
                0x10004b1c                dunpacks
 .text.__aeabi_lmul
                0x10004b58       0x32 CMakeFiles/protothreads_test.dir/C_/Users/matti/Pico/pico-sdk/src/rp2_common/pico_int64_ops/pico_int64_ops_aeabi.S.obj
                0x10004b58                __wrap___aeabi_lmul
 *fill*         0x10004b8a        0x2 
 .text.__aeabi_float_init
                0x10004b8c       0x64 CMakeFiles/protothreads_test.dir/C_/Users/matti/Pico/pico-sdk/src/rp2_common/pico_float/float_init_rom.c.obj
                0x10004b8c                __aeabi_float_init
 .text.float_table_shim_on_use_helper
                0x10004bf0       0x2c CMakeFiles/protothreads_test.dir/C_/Users/matti/Pico/pico-sdk/src/rp2_common/pico_float/float_v1_rom_shim.S.obj
                0x10004bf0                float_table_shim_on_use_helper
 .text.__wrap_malloc
                0x10004c1c       0x3c CMakeFiles/protothreads_test.dir/C_/Users/matti/Pico/pico-sdk/src/rp2_common/pico_malloc/pico_malloc.c.obj
                0x10004c1c                __wrap_malloc
 .text.__wrap_realloc
                0x10004c58       0x40 CMakeFiles/protothreads_test.dir/C_/Users/matti/Pico/pico-sdk/src/rp2_common/pico_malloc/pico_malloc.c.obj
                0x10004c58                __wrap_realloc
 .text.__wrap_free
                0x10004c98       0x20 CMakeFiles/protothreads_test.dir/C_/Users/matti/Pico/pico-sdk/src/rp2_common/pico_malloc/pico_malloc.c.obj
                0x10004c98                __wrap_free
 .text          0x10004cb8       0x10 CMakeFiles/protothreads_test.dir/C_/Users/matti/Pico/pico-sdk/src/rp2_common/pico_mem_ops/mem_ops_aeabi.S.obj
                0x10004cb8                __aeabi_mem_init
 .text.memset   0x10004cc8        0xc CMakeFiles/protothreads_test.dir/C_/Users/matti/Pico/pico-sdk/src/rp2_common/pico_mem_ops/mem_ops_aeabi.S.obj
                0x10004cc8                __wrap_memset
 .text.memcpy   0x10004cd4        0xc CMakeFiles/protothreads_test.dir/C_/Users/matti/Pico/pico-sdk/src/rp2_common/pico_mem_ops/mem_ops_aeabi.S.obj
                0x10004cd4                __wrap_memcpy
                0x10004cd4                __wrap___aeabi_memcpy
 .text.stdio_out_chars_no_crlf
                0x10004ce0       0x10 CMakeFiles/protothreads_test.dir/C_/Users/matti/Pico/pico-sdk/src/rp2_common/pico_stdio/stdio.c.obj
 .text.stdio_out_chars_crlf
                0x10004cf0       0xb4 CMakeFiles/protothreads_test.dir/C_/Users/matti/Pico/pico-sdk/src/rp2_common/pico_stdio/stdio.c.obj
 .text.stdio_buffered_printer
                0x10004da4       0x64 CMakeFiles/protothreads_test.dir/C_/Users/matti/Pico/pico-sdk/src/rp2_common/pico_stdio/stdio.c.obj
 .text.stdio_put_string.isra.0
                0x10004e08       0xfc CMakeFiles/protothreads_test.dir/C_/Users/matti/Pico/pico-sdk/src/rp2_common/pico_stdio/stdio.c.obj
 .text.__wrap_putchar
                0x10004f04       0x98 CMakeFiles/protothreads_test.dir/C_/Users/matti/Pico/pico-sdk/src/rp2_common/pico_stdio/stdio.c.obj
                0x10004f04                __wrap_putchar
 .text.__wrap_puts
                0x10004f9c       0x3c CMakeFiles/protothreads_test.dir/C_/Users/matti/Pico/pico-sdk/src/rp2_common/pico_stdio/stdio.c.obj
                0x10004f9c                __wrap_puts
 .text.stdio_set_driver_enabled
                0x10004fd8       0x30 CMakeFiles/protothreads_test.dir/C_/Users/matti/Pico/pico-sdk/src/rp2_common/pico_stdio/stdio.c.obj
                0x10004fd8                stdio_set_driver_enabled
 .text.__wrap_vprintf
                0x10005008       0xd8 CMakeFiles/protothreads_test.dir/C_/Users/matti/Pico/pico-sdk/src/rp2_common/pico_stdio/stdio.c.obj
                0x10005008                __wrap_vprintf
 .text.__wrap_printf
                0x100050e0       0x18 CMakeFiles/protothreads_test.dir/C_/Users/matti/Pico/pico-sdk/src/rp2_common/pico_stdio/stdio.c.obj
                0x100050e0                __wrap_printf
 .text.stdio_init_all
                0x100050f8        0xc CMakeFiles/protothreads_test.dir/C_/Users/matti/Pico/pico-sdk/src/rp2_common/pico_stdio/stdio.c.obj
                0x100050f8                stdio_init_all
 .text.stdio_uart_out_chars
                0x10005104       0x4c CMakeFiles/protothreads_test.dir/C_/Users/matti/Pico/pico-sdk/src/rp2_common/pico_stdio_uart/stdio_uart.c.obj
 .text.stdio_uart_in_chars
                0x10005150       0x84 CMakeFiles/protothreads_test.dir/C_/Users/matti/Pico/pico-sdk/src/rp2_common/pico_stdio_uart/stdio_uart.c.obj
                0x10005150                stdio_uart_in_chars
 .text.on_uart_rx
                0x100051d4       0x28 CMakeFiles/protothreads_test.dir/C_/Users/matti/Pico/pico-sdk/src/rp2_common/pico_stdio_uart/stdio_uart.c.obj
 .text.stdio_uart_set_chars_available_callback
                0x100051fc       0x8c CMakeFiles/protothreads_test.dir/C_/Users/matti/Pico/pico-sdk/src/rp2_common/pico_stdio_uart/stdio_uart.c.obj
 .text.stdio_uart_init
                0x10005288       0x48 CMakeFiles/protothreads_test.dir/C_/Users/matti/Pico/pico-sdk/src/rp2_common/pico_stdio_uart/stdio_uart.c.obj
                0x10005288                stdio_uart_init
 .text.startup.boot_double_tap_check
                0x100052d0       0x60 CMakeFiles/protothreads_test.dir/C_/Users/matti/Pico/pico-sdk/src/rp2_common/pico_bootsel_via_double_reset/pico_bootsel_via_double_reset.c.obj
 .text.core1_trampoline
                0x10005330        0x4 CMakeFiles/protothreads_test.dir/C_/Users/matti/Pico/pico-sdk/src/rp2_common/pico_multicore/multicore.c.obj
 .text.core1_wrapper
                0x10005334        0xc CMakeFiles/protothreads_test.dir/C_/Users/matti/Pico/pico-sdk/src/rp2_common/pico_multicore/multicore.c.obj
                0x10005334                core1_wrapper
 .text.multicore_fifo_push_blocking
                0x10005340       0x14 CMakeFiles/protothreads_test.dir/C_/Users/matti/Pico/pico-sdk/src/rp2_common/pico_multicore/multicore.c.obj
                0x10005340                multicore_fifo_push_blocking
 .text.multicore_fifo_pop_blocking
                0x10005354       0x1c CMakeFiles/protothreads_test.dir/C_/Users/matti/Pico/pico-sdk/src/rp2_common/pico_multicore/multicore.c.obj
                0x10005354                multicore_fifo_pop_blocking
 .text.multicore_reset_core1
                0x10005370       0x24 CMakeFiles/protothreads_test.dir/C_/Users/matti/Pico/pico-sdk/src/rp2_common/pico_multicore/multicore.c.obj
                0x10005370                multicore_reset_core1
 .text.multicore_launch_core1_raw
                0x10005394       0x84 CMakeFiles/protothreads_test.dir/C_/Users/matti/Pico/pico-sdk/src/rp2_common/pico_multicore/multicore.c.obj
                0x10005394                multicore_launch_core1_raw
 .text.multicore_launch_core1
                0x10005418       0x4c CMakeFiles/protothreads_test.dir/C_/Users/matti/Pico/pico-sdk/src/rp2_common/pico_multicore/multicore.c.obj
                0x10005418                multicore_launch_core1
 .text._calloc_r
                0x10005464       0x9c c:/progra~2/gnuarm~1/102021~1.10/bin/../lib/gcc/arm-none-eabi/10.3.1/../../../../arm-none-eabi/lib/thumb/v6-m/nofp\libc.a(lib_a-callocr.o)
                0x10005464                _calloc_r
 .text.__errno  0x10005500        0xc c:/progra~2/gnuarm~1/102021~1.10/bin/../lib/gcc/arm-none-eabi/10.3.1/../../../../arm-none-eabi/lib/thumb/v6-m/nofp\libc.a(lib_a-errno.o)
                0x10005500                __errno
 .text.malloc   0x1000550c       0x14 c:/progra~2/gnuarm~1/102021~1.10/bin/../lib/gcc/arm-none-eabi/10.3.1/../../../../arm-none-eabi/lib/thumb/v6-m/nofp\libc.a(lib_a-malloc.o)
                0x1000550c                malloc
 .text.free     0x10005520       0x14 c:/progra~2/gnuarm~1/102021~1.10/bin/../lib/gcc/arm-none-eabi/10.3.1/../../../../arm-none-eabi/lib/thumb/v6-m/nofp\libc.a(lib_a-malloc.o)
                0x10005520                free
 .text._malloc_r
                0x10005534      0x584 c:/progra~2/gnuarm~1/102021~1.10/bin/../lib/gcc/arm-none-eabi/10.3.1/../../../../arm-none-eabi/lib/thumb/v6-m/nofp\libc.a(lib_a-mallocr.o)
                0x10005534                _malloc_r
 .text.__malloc_lock
                0x10005ab8       0x10 c:/progra~2/gnuarm~1/102021~1.10/bin/../lib/gcc/arm-none-eabi/10.3.1/../../../../arm-none-eabi/lib/thumb/v6-m/nofp\libc.a(lib_a-mlock.o)
                0x10005ab8                __malloc_lock
 .text.__malloc_unlock
                0x10005ac8       0x10 c:/progra~2/gnuarm~1/102021~1.10/bin/../lib/gcc/arm-none-eabi/10.3.1/../../../../arm-none-eabi/lib/thumb/v6-m/nofp\libc.a(lib_a-mlock.o)
                0x10005ac8                __malloc_unlock
 .text.realloc  0x10005ad8       0x18 c:/progra~2/gnuarm~1/102021~1.10/bin/../lib/gcc/arm-none-eabi/10.3.1/../../../../arm-none-eabi/lib/thumb/v6-m/nofp\libc.a(lib_a-realloc.o)
                0x10005ad8                realloc
 .text._realloc_r
                0x10005af0      0x354 c:/progra~2/gnuarm~1/102021~1.10/bin/../lib/gcc/arm-none-eabi/10.3.1/../../../../arm-none-eabi/lib/thumb/v6-m/nofp\libc.a(lib_a-reallocr.o)
                0x10005af0                _realloc_r
 .text._sbrk_r  0x10005e44       0x24 c:/progra~2/gnuarm~1/102021~1.10/bin/../lib/gcc/arm-none-eabi/10.3.1/../../../../arm-none-eabi/lib/thumb/v6-m/nofp\libc.a(lib_a-sbrkr.o)
                0x10005e44                _sbrk_r
 .text.sscanf   0x10005e68       0x50 c:/progra~2/gnuarm~1/102021~1.10/bin/../lib/gcc/arm-none-eabi/10.3.1/../../../../arm-none-eabi/lib/thumb/v6-m/nofp\libc.a(lib_a-sscanf.o)
                0x10005e68                sscanf
 .text.__seofread
                0x10005eb8        0x4 c:/progra~2/gnuarm~1/102021~1.10/bin/../lib/gcc/arm-none-eabi/10.3.1/../../../../arm-none-eabi/lib/thumb/v6-m/nofp\libc.a(lib_a-stdio.o)
                0x10005eb8                __seofread
 .text.strlen   0x10005ebc       0x5c c:/progra~2/gnuarm~1/102021~1.10/bin/../lib/gcc/arm-none-eabi/10.3.1/../../../../arm-none-eabi/lib/thumb/v6-m/nofp\libc.a(lib_a-strlen-stub.o)
                0x10005ebc                strlen
 .text.__ssvfscanf_r
                0x10005f18     0x17a0 c:/progra~2/gnuarm~1/102021~1.10/bin/../lib/gcc/arm-none-eabi/10.3.1/../../../../arm-none-eabi/lib/thumb/v6-m/nofp\libc.a(lib_a-svfscanf.o)
                0x10005f18                __ssvfscanf_r
 .text._malloc_trim_r
                0x100076b8       0x9c c:/progra~2/gnuarm~1/102021~1.10/bin/../lib/gcc/arm-none-eabi/10.3.1/../../../../arm-none-eabi/lib/thumb/v6-m/nofp\libc.a(lib_a-freer.o)
                0x100076b8                _malloc_trim_r
 .text._free_r  0x10007754      0x1c4 c:/progra~2/gnuarm~1/102021~1.10/bin/../lib/gcc/arm-none-eabi/10.3.1/../../../../arm-none-eabi/lib/thumb/v6-m/nofp\libc.a(lib_a-freer.o)
                0x10007754                _free_r
 .text.iswspace
                0x10007918        0xc c:/progra~2/gnuarm~1/102021~1.10/bin/../lib/gcc/arm-none-eabi/10.3.1/../../../../arm-none-eabi/lib/thumb/v6-m/nofp\libc.a(lib_a-iswspace.o)
                0x10007918                iswspace
 .text.iswspace_l
                0x10007924       0x18 c:/progra~2/gnuarm~1/102021~1.10/bin/../lib/gcc/arm-none-eabi/10.3.1/../../../../arm-none-eabi/lib/thumb/v6-m/nofp\libc.a(lib_a-iswspace_l.o)
                0x10007924                iswspace_l
 .text.__locale_mb_cur_max
                0x1000793c       0x10 c:/progra~2/gnuarm~1/102021~1.10/bin/../lib/gcc/arm-none-eabi/10.3.1/../../../../arm-none-eabi/lib/thumb/v6-m/nofp\libc.a(lib_a-locale.o)
                0x1000793c                __locale_mb_cur_max
 .text._localeconv_r
                0x1000794c        0x8 c:/progra~2/gnuarm~1/102021~1.10/bin/../lib/gcc/arm-none-eabi/10.3.1/../../../../arm-none-eabi/lib/thumb/v6-m/nofp\libc.a(lib_a-localeconv.o)
                0x1000794c                _localeconv_r
 .text.__retarget_lock_acquire_recursive
                0x10007954        0x4 c:/progra~2/gnuarm~1/102021~1.10/bin/../lib/gcc/arm-none-eabi/10.3.1/../../../../arm-none-eabi/lib/thumb/v6-m/nofp\libc.a(lib_a-lock.o)
                0x10007954                __retarget_lock_acquire_recursive
 .text.__retarget_lock_release_recursive
                0x10007958        0x4 c:/progra~2/gnuarm~1/102021~1.10/bin/../lib/gcc/arm-none-eabi/10.3.1/../../../../arm-none-eabi/lib/thumb/v6-m/nofp\libc.a(lib_a-lock.o)
                0x10007958                __retarget_lock_release_recursive
 .text._mbrtowc_r
                0x1000795c       0x4c c:/progra~2/gnuarm~1/102021~1.10/bin/../lib/gcc/arm-none-eabi/10.3.1/../../../../arm-none-eabi/lib/thumb/v6-m/nofp\libc.a(lib_a-mbrtowc.o)
                0x1000795c                _mbrtowc_r
 .text.__ascii_mbtowc
                0x100079a8       0x2c c:/progra~2/gnuarm~1/102021~1.10/bin/../lib/gcc/arm-none-eabi/10.3.1/../../../../arm-none-eabi/lib/thumb/v6-m/nofp\libc.a(lib_a-mbtowc_r.o)
                0x100079a8                __ascii_mbtowc
 .text.__sccl   0x100079d4       0x80 c:/progra~2/gnuarm~1/102021~1.10/bin/../lib/gcc/arm-none-eabi/10.3.1/../../../../arm-none-eabi/lib/thumb/v6-m/nofp\libc.a(lib_a-sccl.o)
                0x100079d4                __sccl
 .text.nanf     0x10007a54        0x8 c:/progra~2/gnuarm~1/102021~1.10/bin/../lib/gcc/arm-none-eabi/10.3.1/../../../../arm-none-eabi/lib/thumb/v6-m/nofp\libc.a(lib_a-sf_nan.o)
                0x10007a54                nanf
 .text._strtod_l
                0x10007a5c      0xf78 c:/progra~2/gnuarm~1/102021~1.10/bin/../lib/gcc/arm-none-eabi/10.3.1/../../../../arm-none-eabi/lib/thumb/v6-m/nofp\libc.a(lib_a-strtod.o)
                0x10007a5c                _strtod_l
 .text._strtod_r
                0x100089d4       0x10 c:/progra~2/gnuarm~1/102021~1.10/bin/../lib/gcc/arm-none-eabi/10.3.1/../../../../arm-none-eabi/lib/thumb/v6-m/nofp\libc.a(lib_a-strtod.o)
                0x100089d4                _strtod_r
 .text._strtol_l.part.0
                0x100089e4      0x144 c:/progra~2/gnuarm~1/102021~1.10/bin/../lib/gcc/arm-none-eabi/10.3.1/../../../../arm-none-eabi/lib/thumb/v6-m/nofp\libc.a(lib_a-strtol.o)
 .text._strtol_r
                0x10008b28       0x1c c:/progra~2/gnuarm~1/102021~1.10/bin/../lib/gcc/arm-none-eabi/10.3.1/../../../../arm-none-eabi/lib/thumb/v6-m/nofp\libc.a(lib_a-strtol.o)
                0x10008b28                _strtol_r
 .text._strtoll_l.constprop.0
                0x10008b44      0x198 c:/progra~2/gnuarm~1/102021~1.10/bin/../lib/gcc/arm-none-eabi/10.3.1/../../../../arm-none-eabi/lib/thumb/v6-m/nofp\libc.a(lib_a-strtoll.o)
 .text._strtoll_r
                0x10008cdc        0x8 c:/progra~2/gnuarm~1/102021~1.10/bin/../lib/gcc/arm-none-eabi/10.3.1/../../../../arm-none-eabi/lib/thumb/v6-m/nofp\libc.a(lib_a-strtoll.o)
                0x10008cdc                _strtoll_r
 .text._strtoul_l.constprop.0
                0x10008ce4      0x148 c:/progra~2/gnuarm~1/102021~1.10/bin/../lib/gcc/arm-none-eabi/10.3.1/../../../../arm-none-eabi/lib/thumb/v6-m/nofp\libc.a(lib_a-strtoul.o)
 .text._strtoul_r
                0x10008e2c        0x8 c:/progra~2/gnuarm~1/102021~1.10/bin/../lib/gcc/arm-none-eabi/10.3.1/../../../../arm-none-eabi/lib/thumb/v6-m/nofp\libc.a(lib_a-strtoul.o)
                0x10008e2c                _strtoul_r
 .text._strtoull_l.constprop.0
                0x10008e34      0x1bc c:/progra~2/gnuarm~1/102021~1.10/bin/../lib/gcc/arm-none-eabi/10.3.1/../../../../arm-none-eabi/lib/thumb/v6-m/nofp\libc.a(lib_a-strtoull.o)
 .text._strtoull_r
                0x10008ff0        0x8 c:/progra~2/gnuarm~1/102021~1.10/bin/../lib/gcc/arm-none-eabi/10.3.1/../../../../arm-none-eabi/lib/thumb/v6-m/nofp\libc.a(lib_a-strtoull.o)
                0x10008ff0                _strtoull_r
 .text._sungetc_r
                0x10008ff8       0x84 c:/progra~2/gnuarm~1/102021~1.10/bin/../lib/gcc/arm-none-eabi/10.3.1/../../../../arm-none-eabi/lib/thumb/v6-m/nofp\libc.a(lib_a-svfiscanf.o)
                0x10008ff8                _sungetc_r
 .text.__ssrefill_r
                0x1000907c       0x40 c:/progra~2/gnuarm~1/102021~1.10/bin/../lib/gcc/arm-none-eabi/10.3.1/../../../../arm-none-eabi/lib/thumb/v6-m/nofp\libc.a(lib_a-svfiscanf.o)
                0x1000907c                __ssrefill_r
 .text._sfread_r
                0x100090bc       0xc4 c:/progra~2/gnuarm~1/102021~1.10/bin/../lib/gcc/arm-none-eabi/10.3.1/../../../../arm-none-eabi/lib/thumb/v6-m/nofp\libc.a(lib_a-svfiscanf.o)
                0x100090bc                _sfread_r
 .text.__submore
                0x10009180       0x84 c:/progra~2/gnuarm~1/102021~1.10/bin/../lib/gcc/arm-none-eabi/10.3.1/../../../../arm-none-eabi/lib/thumb/v6-m/nofp\libc.a(lib_a-ungetc.o)
                0x10009180                __submore
 .text.__ascii_wctomb
                0x10009204       0x1c c:/progra~2/gnuarm~1/102021~1.10/bin/../lib/gcc/arm-none-eabi/10.3.1/../../../../arm-none-eabi/lib/thumb/v6-m/nofp\libc.a(lib_a-wctomb_r.o)
                0x10009204                __ascii_wctomb
 .text.rshift   0x10009220       0xa4 c:/progra~2/gnuarm~1/102021~1.10/bin/../lib/gcc/arm-none-eabi/10.3.1/../../../../arm-none-eabi/lib/thumb/v6-m/nofp\libc.a(lib_a-gdtoa-gethex.o)
 .text.__gethex
                0x100092c4      0x5cc c:/progra~2/gnuarm~1/102021~1.10/bin/../lib/gcc/arm-none-eabi/10.3.1/../../../../arm-none-eabi/lib/thumb/v6-m/nofp\libc.a(lib_a-gdtoa-gethex.o)
                0x100092c4                __gethex
 .text.__match  0x10009890       0x2c c:/progra~2/gnuarm~1/102021~1.10/bin/../lib/gcc/arm-none-eabi/10.3.1/../../../../arm-none-eabi/lib/thumb/v6-m/nofp\libc.a(lib_a-gdtoa-hexnan.o)
                0x10009890                __match
 .text.__hexnan
                0x100098bc      0x1d0 c:/progra~2/gnuarm~1/102021~1.10/bin/../lib/gcc/arm-none-eabi/10.3.1/../../../../arm-none-eabi/lib/thumb/v6-m/nofp\libc.a(lib_a-gdtoa-hexnan.o)
                0x100098bc                __hexnan
 .text._Balloc  0x10009a8c       0x50 c:/progra~2/gnuarm~1/102021~1.10/bin/../lib/gcc/arm-none-eabi/10.3.1/../../../../arm-none-eabi/lib/thumb/v6-m/nofp\libc.a(lib_a-mprec.o)
                0x10009a8c                _Balloc
 .text._Bfree   0x10009adc       0x14 c:/progra~2/gnuarm~1/102021~1.10/bin/../lib/gcc/arm-none-eabi/10.3.1/../../../../arm-none-eabi/lib/thumb/v6-m/nofp\libc.a(lib_a-mprec.o)
                0x10009adc                _Bfree
 .text.__multadd
                0x10009af0       0xa8 c:/progra~2/gnuarm~1/102021~1.10/bin/../lib/gcc/arm-none-eabi/10.3.1/../../../../arm-none-eabi/lib/thumb/v6-m/nofp\libc.a(lib_a-mprec.o)
                0x10009af0                __multadd
 .text.__s2b    0x10009b98       0xb0 c:/progra~2/gnuarm~1/102021~1.10/bin/../lib/gcc/arm-none-eabi/10.3.1/../../../../arm-none-eabi/lib/thumb/v6-m/nofp\libc.a(lib_a-mprec.o)
                0x10009b98                __s2b
 .text.__hi0bits
                0x10009c48       0x38 c:/progra~2/gnuarm~1/102021~1.10/bin/../lib/gcc/arm-none-eabi/10.3.1/../../../../arm-none-eabi/lib/thumb/v6-m/nofp\libc.a(lib_a-mprec.o)
                0x10009c48                __hi0bits
 .text.__lo0bits
                0x10009c80       0x5c c:/progra~2/gnuarm~1/102021~1.10/bin/../lib/gcc/arm-none-eabi/10.3.1/../../../../arm-none-eabi/lib/thumb/v6-m/nofp\libc.a(lib_a-mprec.o)
                0x10009c80                __lo0bits
 .text.__i2b    0x10009cdc       0x60 c:/progra~2/gnuarm~1/102021~1.10/bin/../lib/gcc/arm-none-eabi/10.3.1/../../../../arm-none-eabi/lib/thumb/v6-m/nofp\libc.a(lib_a-mprec.o)
                0x10009cdc                __i2b
 .text.__multiply
                0x10009d3c      0x1a4 c:/progra~2/gnuarm~1/102021~1.10/bin/../lib/gcc/arm-none-eabi/10.3.1/../../../../arm-none-eabi/lib/thumb/v6-m/nofp\libc.a(lib_a-mprec.o)
                0x10009d3c                __multiply
 .text.__pow5mult
                0x10009ee0       0xd8 c:/progra~2/gnuarm~1/102021~1.10/bin/../lib/gcc/arm-none-eabi/10.3.1/../../../../arm-none-eabi/lib/thumb/v6-m/nofp\libc.a(lib_a-mprec.o)
                0x10009ee0                __pow5mult
 .text.__lshift
                0x10009fb8       0xfc c:/progra~2/gnuarm~1/102021~1.10/bin/../lib/gcc/arm-none-eabi/10.3.1/../../../../arm-none-eabi/lib/thumb/v6-m/nofp\libc.a(lib_a-mprec.o)
                0x10009fb8                __lshift
 .text.__mcmp   0x1000a0b4       0x34 c:/progra~2/gnuarm~1/102021~1.10/bin/../lib/gcc/arm-none-eabi/10.3.1/../../../../arm-none-eabi/lib/thumb/v6-m/nofp\libc.a(lib_a-mprec.o)
                0x1000a0b4                __mcmp
 .text.__mdiff  0x1000a0e8      0x18c c:/progra~2/gnuarm~1/102021~1.10/bin/../lib/gcc/arm-none-eabi/10.3.1/../../../../arm-none-eabi/lib/thumb/v6-m/nofp\libc.a(lib_a-mprec.o)
                0x1000a0e8                __mdiff
 .text.__ulp    0x1000a274       0x48 c:/progra~2/gnuarm~1/102021~1.10/bin/../lib/gcc/arm-none-eabi/10.3.1/../../../../arm-none-eabi/lib/thumb/v6-m/nofp\libc.a(lib_a-mprec.o)
                0x1000a274                __ulp
 .text.__b2d    0x1000a2bc       0xc8 c:/progra~2/gnuarm~1/102021~1.10/bin/../lib/gcc/arm-none-eabi/10.3.1/../../../../arm-none-eabi/lib/thumb/v6-m/nofp\libc.a(lib_a-mprec.o)
                0x1000a2bc                __b2d
 .text.__d2b    0x1000a384       0xd8 c:/progra~2/gnuarm~1/102021~1.10/bin/../lib/gcc/arm-none-eabi/10.3.1/../../../../arm-none-eabi/lib/thumb/v6-m/nofp\libc.a(lib_a-mprec.o)
                0x1000a384                __d2b
 .text.__ratio  0x1000a45c       0x68 c:/progra~2/gnuarm~1/102021~1.10/bin/../lib/gcc/arm-none-eabi/10.3.1/../../../../arm-none-eabi/lib/thumb/v6-m/nofp\libc.a(lib_a-mprec.o)
                0x1000a45c                __ratio
 .text.__copybits
                0x1000a4c4       0x40 c:/progra~2/gnuarm~1/102021~1.10/bin/../lib/gcc/arm-none-eabi/10.3.1/../../../../arm-none-eabi/lib/thumb/v6-m/nofp\libc.a(lib_a-mprec.o)
                0x1000a4c4                __copybits
 .text.__any_on
                0x1000a504       0x50 c:/progra~2/gnuarm~1/102021~1.10/bin/../lib/gcc/arm-none-eabi/10.3.1/../../../../arm-none-eabi/lib/thumb/v6-m/nofp\libc.a(lib_a-mprec.o)
                0x1000a504                __any_on
 .text.nan      0x1000a554        0xc c:/progra~2/gnuarm~1/102021~1.10/bin/../lib/gcc/arm-none-eabi/10.3.1/../../../../arm-none-eabi/lib/thumb/v6-m/nofp\libc.a(lib_a-s_nan.o)
                0x1000a554                nan
 .text.strncmp  0x1000a560       0x74 c:/progra~2/gnuarm~1/102021~1.10/bin/../lib/gcc/arm-none-eabi/10.3.1/../../../../arm-none-eabi/lib/thumb/v6-m/nofp\libc.a(lib_a-strncmp.o)
                0x1000a560                strncmp
 *(.fini)
 .fini          0x1000a5d4        0x4 c:/progra~2/gnuarm~1/102021~1.10/bin/../lib/gcc/arm-none-eabi/10.3.1/thumb/v6-m/nofp/crti.o
                0x1000a5d4                _fini
 .fini.__stub   0x1000a5d8       0x60 linker stubs
 *crtbegin.o(.ctors)
 *crtbegin?.o(.ctors)
 *(EXCLUDE_FILE(*crtend.o *crtend?.o) .ctors)
 *(SORT_BY_NAME(.ctors.*))
 *(.ctors)
 *crtbegin.o(.dtors)
 *crtbegin?.o(.dtors)
 *(EXCLUDE_FILE(*crtend.o *crtend?.o) .dtors)
 *(SORT_BY_NAME(.dtors.*))
 *(.dtors)
 *(.eh_frame*)
 .eh_frame      0x1000a638        0x0 c:/progra~2/gnuarm~1/102021~1.10/bin/../lib/gcc/arm-none-eabi/10.3.1/thumb/v6-m/nofp/crtbegin.o
                0x1000a638                . = ALIGN (0x4)

.glue_7         0x1000a638        0x0
 .glue_7        0x1000a638        0x0 linker stubs

.glue_7t        0x1000a638        0x0
 .glue_7t       0x1000a638        0x0 linker stubs

.vfp11_veneer   0x1000a638        0x0
 .vfp11_veneer  0x1000a638        0x0 linker stubs

.v4_bx          0x1000a638        0x0
 .v4_bx         0x1000a638        0x0 linker stubs

.iplt           0x1000a638        0x0
 .iplt          0x1000a638        0x0 c:/progra~2/gnuarm~1/102021~1.10/bin/../lib/gcc/arm-none-eabi/10.3.1/thumb/v6-m/nofp/crtbegin.o

.rodata         0x1000a638      0xdc4
 *(EXCLUDE_FILE(*libm.a: *libc.a:*lib_a-mem*.o *libgcc.a:) .rodata*)
 .rodata.protothread_toggle25.str1.4
                0x1000a638       0x21 CMakeFiles/protothreads_test.dir/Protothreads_test_1.c.obj
 *fill*         0x1000a659        0x3 
 .rodata.protothread_serial.str1.4
                0x1000a65c       0x62 CMakeFiles/protothreads_test.dir/Protothreads_test_1.c.obj
 *fill*         0x1000a6be        0x2 
 .rodata.main.str1.4
                0x1000a6c0       0x26 CMakeFiles/protothreads_test.dir/Protothreads_test_1.c.obj
 *fill*         0x1000a6e6        0x2 
 .rodata.hardware_alarm_claim.str1.4
                0x1000a6e8       0x22 CMakeFiles/protothreads_test.dir/C_/Users/matti/Pico/pico-sdk/src/rp2_common/hardware_timer/timer.c.obj
 *fill*         0x1000a70a        0x2 
 .rodata.__assert_func.str1.4
                0x1000a70c       0x3f CMakeFiles/protothreads_test.dir/C_/Users/matti/Pico/pico-sdk/src/rp2_common/pico_runtime/runtime.c.obj
                                 0x43 (size before relaxing)
 *fill*         0x1000a74b        0x1 
 .rodata.panic.str1.4
                0x1000a74c       0x12 CMakeFiles/protothreads_test.dir/C_/Users/matti/Pico/pico-sdk/src/rp2_common/pico_runtime/runtime.c.obj
 *fill*         0x1000a75e        0x2 
 .rodata.hard_assertion_failure.str1.4
                0x1000a760        0xc CMakeFiles/protothreads_test.dir/C_/Users/matti/Pico/pico-sdk/src/rp2_common/pico_runtime/runtime.c.obj
 .rodata._ftoa.str1.4
                0x1000a76c       0x15 CMakeFiles/protothreads_test.dir/C_/Users/matti/Pico/pico-sdk/src/rp2_common/pico_printf/printf.c.obj
 *fill*         0x1000a781        0x3 
 .rodata._vsnprintf
                0x1000a784      0x1e0 CMakeFiles/protothreads_test.dir/C_/Users/matti/Pico/pico-sdk/src/rp2_common/pico_printf/printf.c.obj
 *fill*         0x1000a964        0x4 
 .rodata.pow10.0
                0x1000a968       0x50 CMakeFiles/protothreads_test.dir/C_/Users/matti/Pico/pico-sdk/src/rp2_common/pico_printf/printf.c.obj
 .rodata.__wrap_malloc.str1.4
                0x1000a9b8        0xe CMakeFiles/protothreads_test.dir/C_/Users/matti/Pico/pico-sdk/src/rp2_common/pico_malloc/pico_malloc.c.obj
 *fill*         0x1000a9c6        0x2 
 .rodata.str1.4
                0x1000a9c8       0x48 CMakeFiles/protothreads_test.dir/C_/Users/matti/Pico/pico-sdk/src/rp2_common/pico_standard_link/binary_info.c.obj
 .rodata.__bi_44
                0x1000aa10        0xc CMakeFiles/protothreads_test.dir/C_/Users/matti/Pico/pico-sdk/src/rp2_common/pico_standard_link/binary_info.c.obj
 .rodata.__bi_75
                0x1000aa1c        0xc CMakeFiles/protothreads_test.dir/C_/Users/matti/Pico/pico-sdk/src/rp2_common/pico_standard_link/binary_info.c.obj
 .rodata.__bi_81
                0x1000aa28        0xc CMakeFiles/protothreads_test.dir/C_/Users/matti/Pico/pico-sdk/src/rp2_common/pico_standard_link/binary_info.c.obj
 .rodata.crlf_str.0
                0x1000aa34        0x2 CMakeFiles/protothreads_test.dir/C_/Users/matti/Pico/pico-sdk/src/rp2_common/pico_stdio/stdio.c.obj
 *fill*         0x1000aa36        0x2 
 .rodata.str1.4
                0x1000aa38       0x2c CMakeFiles/protothreads_test.dir/C_/Users/matti/Pico/pico-sdk/src/rp2_common/pico_stdio_uart/stdio_uart.c.obj
 .rodata.__bi_33.4
                0x1000aa64        0xc CMakeFiles/protothreads_test.dir/C_/Users/matti/Pico/pico-sdk/src/rp2_common/pico_stdio_uart/stdio_uart.c.obj
 .rodata.__bi_34.5
                0x1000aa70        0x8 CMakeFiles/protothreads_test.dir/C_/Users/matti/Pico/pico-sdk/src/rp2_common/pico_stdio_uart/stdio_uart.c.obj
 .rodata.str1.4
                0x1000aa78       0x18 CMakeFiles/protothreads_test.dir/C_/Users/matti/Pico/pico-sdk/src/rp2_common/pico_bootsel_via_double_reset/pico_bootsel_via_double_reset.c.obj
 .rodata.__bi_35
                0x1000aa90        0xc CMakeFiles/protothreads_test.dir/C_/Users/matti/Pico/pico-sdk/src/rp2_common/pico_bootsel_via_double_reset/pico_bootsel_via_double_reset.c.obj
 .rodata.__ssvfscanf_r.str1.4
                0x1000aa9c        0x5 c:/progra~2/gnuarm~1/102021~1.10/bin/../lib/gcc/arm-none-eabi/10.3.1/../../../../arm-none-eabi/lib/thumb/v6-m/nofp\libc.a(lib_a-svfscanf.o)
                                  0x9 (size before relaxing)
 *fill*         0x1000aaa1        0x3 
 .rodata.__ssvfscanf_r
                0x1000aaa4      0x3cc c:/progra~2/gnuarm~1/102021~1.10/bin/../lib/gcc/arm-none-eabi/10.3.1/../../../../arm-none-eabi/lib/thumb/v6-m/nofp\libc.a(lib_a-svfscanf.o)
 .rodata.basefix.0
                0x1000ae70       0x22 c:/progra~2/gnuarm~1/102021~1.10/bin/../lib/gcc/arm-none-eabi/10.3.1/../../../../arm-none-eabi/lib/thumb/v6-m/nofp\libc.a(lib_a-svfscanf.o)
 *fill*         0x1000ae92        0x2 
 .rodata._ctype_
                0x1000ae94      0x101 c:/progra~2/gnuarm~1/102021~1.10/bin/../lib/gcc/arm-none-eabi/10.3.1/../../../../arm-none-eabi/lib/thumb/v6-m/nofp\libc.a(lib_a-ctype_.o)
                0x1000ae94                _ctype_
 *fill*         0x1000af95        0x3 
 .rodata._setlocale_r.str1.4
                0x1000af98        0xa c:/progra~2/gnuarm~1/102021~1.10/bin/../lib/gcc/arm-none-eabi/10.3.1/../../../../arm-none-eabi/lib/thumb/v6-m/nofp\libc.a(lib_a-locale.o)
                                  0xd (size before relaxing)
 *fill*         0x1000afa2        0x2 
 .rodata.str1.4
                0x1000afa4        0x2 c:/progra~2/gnuarm~1/102021~1.10/bin/../lib/gcc/arm-none-eabi/10.3.1/../../../../arm-none-eabi/lib/thumb/v6-m/nofp\libc.a(lib_a-locale.o)
 .rodata._mbrtowc_r.str1.4
                0x1000afa6        0x1 c:/progra~2/gnuarm~1/102021~1.10/bin/../lib/gcc/arm-none-eabi/10.3.1/../../../../arm-none-eabi/lib/thumb/v6-m/nofp\libc.a(lib_a-mbrtowc.o)
 *fill*         0x1000afa6        0x2 
 .rodata._strtod_l.str1.4
                0x1000afa8        0xf c:/progra~2/gnuarm~1/102021~1.10/bin/../lib/gcc/arm-none-eabi/10.3.1/../../../../arm-none-eabi/lib/thumb/v6-m/nofp\libc.a(lib_a-strtod.o)
                                 0x11 (size before relaxing)
 *fill*         0x1000afb7        0x1 
 .rodata._strtod_l
                0x1000afb8       0xd0 c:/progra~2/gnuarm~1/102021~1.10/bin/../lib/gcc/arm-none-eabi/10.3.1/../../../../arm-none-eabi/lib/thumb/v6-m/nofp\libc.a(lib_a-strtod.o)
 .rodata.fpi.1  0x1000b088       0x14 c:/progra~2/gnuarm~1/102021~1.10/bin/../lib/gcc/arm-none-eabi/10.3.1/../../../../arm-none-eabi/lib/thumb/v6-m/nofp\libc.a(lib_a-strtod.o)
 .rodata.fpinan.0
                0x1000b09c       0x14 c:/progra~2/gnuarm~1/102021~1.10/bin/../lib/gcc/arm-none-eabi/10.3.1/../../../../arm-none-eabi/lib/thumb/v6-m/nofp\libc.a(lib_a-strtod.o)
 .rodata.tinytens
                0x1000b0b0       0x28 c:/progra~2/gnuarm~1/102021~1.10/bin/../lib/gcc/arm-none-eabi/10.3.1/../../../../arm-none-eabi/lib/thumb/v6-m/nofp\libc.a(lib_a-strtod.o)
 .rodata.__gethex.str1.4
                0x1000b0d8       0x9a c:/progra~2/gnuarm~1/102021~1.10/bin/../lib/gcc/arm-none-eabi/10.3.1/../../../../arm-none-eabi/lib/thumb/v6-m/nofp\libc.a(lib_a-gdtoa-gethex.o)
 *fill*         0x1000b172        0x2 
 .rodata.__hexdig
                0x1000b174      0x100 c:/progra~2/gnuarm~1/102021~1.10/bin/../lib/gcc/arm-none-eabi/10.3.1/../../../../arm-none-eabi/lib/thumb/v6-m/nofp\libc.a(lib_a-gdtoa-gethex.o)
                0x1000b174                __hexdig
 .rodata.str1.4
                0x1000b274        0x5 c:/progra~2/gnuarm~1/102021~1.10/bin/../lib/gcc/arm-none-eabi/10.3.1/../../../../arm-none-eabi/lib/thumb/v6-m/nofp\libc.a(lib_a-lnumeric.o)
 .rodata._C_numeric_locale
                0x1000b274        0xc c:/progra~2/gnuarm~1/102021~1.10/bin/../lib/gcc/arm-none-eabi/10.3.1/../../../../arm-none-eabi/lib/thumb/v6-m/nofp\libc.a(lib_a-lnumeric.o)
                0x1000b274                _C_numeric_locale
 .rodata.__multadd.str1.4
                0x1000b280       0x7f c:/progra~2/gnuarm~1/102021~1.10/bin/../lib/gcc/arm-none-eabi/10.3.1/../../../../arm-none-eabi/lib/thumb/v6-m/nofp\libc.a(lib_a-mprec.o)
                                 0x93 (size before relaxing)
 *fill*         0x1000b2ff        0x1 
 .rodata.__mprec_bigtens
                0x1000b300       0x28 c:/progra~2/gnuarm~1/102021~1.10/bin/../lib/gcc/arm-none-eabi/10.3.1/../../../../arm-none-eabi/lib/thumb/v6-m/nofp\libc.a(lib_a-mprec.o)
                0x1000b300                __mprec_bigtens
 .rodata.__mprec_tens
                0x1000b328       0xc8 c:/progra~2/gnuarm~1/102021~1.10/bin/../lib/gcc/arm-none-eabi/10.3.1/../../../../arm-none-eabi/lib/thumb/v6-m/nofp\libc.a(lib_a-mprec.o)
                0x1000b328                __mprec_tens
 .rodata.p05.0  0x1000b3f0        0xc c:/progra~2/gnuarm~1/102021~1.10/bin/../lib/gcc/arm-none-eabi/10.3.1/../../../../arm-none-eabi/lib/thumb/v6-m/nofp\libc.a(lib_a-mprec.o)
                0x1000b3fc                . = ALIGN (0x4)
 *(SORT_BY_ALIGNMENT(SORT_BY_NAME(.flashdata*)))
                0x1000b3fc                . = ALIGN (0x4)

.ARM.extab
 *(.ARM.extab* .gnu.linkonce.armextab.*)
                0x1000b3fc                __exidx_start = .

.ARM.exidx
 *(.ARM.exidx* .gnu.linkonce.armexidx.*)
                0x1000b3fc                __exidx_end = .
                0x1000b3fc                . = ALIGN (0x4)
                0x1000b3fc                __binary_info_start = .

.binary_info    0x1000b3fc       0x28
 *(.binary_info.keep.*)
 .binary_info.keep.__bi_ptr22
                0x1000b3fc        0x4 CMakeFiles/protothreads_test.dir/C_/Users/matti/Pico/pico-sdk/src/rp2_common/pico_standard_link/binary_info.c.obj
 .binary_info.keep.__bi_ptr30
                0x1000b400        0x4 CMakeFiles/protothreads_test.dir/C_/Users/matti/Pico/pico-sdk/src/rp2_common/pico_standard_link/binary_info.c.obj
 .binary_info.keep.__bi_ptr38
                0x1000b404        0x4 CMakeFiles/protothreads_test.dir/C_/Users/matti/Pico/pico-sdk/src/rp2_common/pico_standard_link/binary_info.c.obj
 .binary_info.keep.__bi_ptr44
                0x1000b408        0x4 CMakeFiles/protothreads_test.dir/C_/Users/matti/Pico/pico-sdk/src/rp2_common/pico_standard_link/binary_info.c.obj
 .binary_info.keep.__bi_ptr50
                0x1000b40c        0x4 CMakeFiles/protothreads_test.dir/C_/Users/matti/Pico/pico-sdk/src/rp2_common/pico_standard_link/binary_info.c.obj
 .binary_info.keep.__bi_ptr75
                0x1000b410        0x4 CMakeFiles/protothreads_test.dir/C_/Users/matti/Pico/pico-sdk/src/rp2_common/pico_standard_link/binary_info.c.obj
 .binary_info.keep.__bi_ptr81
                0x1000b414        0x4 CMakeFiles/protothreads_test.dir/C_/Users/matti/Pico/pico-sdk/src/rp2_common/pico_standard_link/binary_info.c.obj
 .binary_info.keep.__bi_ptr35
                0x1000b418        0x4 CMakeFiles/protothreads_test.dir/C_/Users/matti/Pico/pico-sdk/src/rp2_common/pico_bootsel_via_double_reset/pico_bootsel_via_double_reset.c.obj
 *(.binary_info.*)
 .binary_info.__bi_ptr33
                0x1000b41c        0x4 CMakeFiles/protothreads_test.dir/C_/Users/matti/Pico/pico-sdk/src/rp2_common/pico_stdio_uart/stdio_uart.c.obj
 .binary_info.__bi_ptr34
                0x1000b420        0x4 CMakeFiles/protothreads_test.dir/C_/Users/matti/Pico/pico-sdk/src/rp2_common/pico_stdio_uart/stdio_uart.c.obj
                0x1000b424                __binary_info_end = .

.rel.dyn        0x1000b424        0x0
 .rel.iplt      0x1000b424        0x0 c:/progra~2/gnuarm~1/102021~1.10/bin/../lib/gcc/arm-none-eabi/10.3.1/thumb/v6-m/nofp/crtbegin.o
                0x1000b424                . = ALIGN (0x4)

.ram_vector_table
                0x20000000       0xc0
 *(.ram_vector_table)
 .ram_vector_table
                0x20000000       0xc0 CMakeFiles/protothreads_test.dir/C_/Users/matti/Pico/pico-sdk/src/rp2_common/pico_runtime/runtime.c.obj
                0x20000000                ram_vector_table

.data           0x200000c0      0xc60 load address 0x1000b424
                0x200000c0                __data_start__ = .
 *(vtable)
 *(.time_critical*)
 .time_critical.mutex_enter_blocking
                0x200000c0       0x48 CMakeFiles/protothreads_test.dir/C_/Users/matti/Pico/pico-sdk/src/common/pico_sync/mutex.c.obj
                0x200000c0                mutex_enter_blocking
 .time_critical.mutex_try_enter_block_until
                0x20000108       0x9c CMakeFiles/protothreads_test.dir/C_/Users/matti/Pico/pico-sdk/src/common/pico_sync/mutex.c.obj
                0x20000108                mutex_try_enter_block_until
 .time_critical.mutex_exit
                0x200001a4       0x28 CMakeFiles/protothreads_test.dir/C_/Users/matti/Pico/pico-sdk/src/common/pico_sync/mutex.c.obj
                0x200001a4                mutex_exit
 *(.text*)
 .text          0x200001cc        0x4 c:/progra~2/gnuarm~1/102021~1.10/bin/../lib/gcc/arm-none-eabi/10.3.1/thumb/v6-m/nofp\libgcc.a(_dvmd_tls.o)
                0x200001cc                __aeabi_idiv0
                0x200001cc                __aeabi_ldiv0
 .text.memmove  0x200001d0       0xac c:/progra~2/gnuarm~1/102021~1.10/bin/../lib/gcc/arm-none-eabi/10.3.1/../../../../arm-none-eabi/lib/thumb/v6-m/nofp\libc.a(lib_a-memmove.o)
                0x200001d0                memmove
 *fill*         0x2000027c        0x4 
 .text.memmove.__stub
                0x20000280       0x10 linker stubs
                0x20000290                . = ALIGN (0x4)
 *(.rodata*)
                0x20000290                . = ALIGN (0x4)
 *(.data*)
 .data.striped_spin_lock_num
                0x20000290        0x1 CMakeFiles/protothreads_test.dir/C_/Users/matti/Pico/pico-sdk/src/rp2_common/hardware_sync/sync.c.obj
 *fill*         0x20000291        0x3 
 .data          0x20000294       0x48 CMakeFiles/protothreads_test.dir/C_/Users/matti/Pico/pico-sdk/src/rp2_common/hardware_irq/irq_handler_chain.S.obj
                0x20000294                irq_handler_chain_slots
                0x200002c4                irq_handler_chain_first_slot
                0x200002ce                irq_handler_chain_remove_tail
 .data.default_alarm_pool
                0x200002dc       0x18 CMakeFiles/protothreads_test.dir/C_/Users/matti/Pico/pico-sdk/src/common/pico_time/time.c.obj
 .data.default_alarm_pool_heap
                0x200002f4       0x10 CMakeFiles/protothreads_test.dir/C_/Users/matti/Pico/pico-sdk/src/common/pico_time/time.c.obj
 *fill*         0x20000304        0xc 
 .data.aeabi_bits_funcs
                0x20000310       0x10 CMakeFiles/protothreads_test.dir/C_/Users/matti/Pico/pico-sdk/src/rp2_common/pico_bit_ops/bit_ops_aeabi.S.obj
                0x20000310                aeabi_bits_funcs
                0x20000320                aeabi_bits_funcs_end
 .data.aeabi_mem_funcs
                0x20000320       0x10 CMakeFiles/protothreads_test.dir/C_/Users/matti/Pico/pico-sdk/src/rp2_common/pico_mem_ops/mem_ops_aeabi.S.obj
                0x20000320                aeabi_mem_funcs
                0x20000330                aeabi_mem_funcs_end
 .data.stdio_uart
                0x20000330       0x18 CMakeFiles/protothreads_test.dir/C_/Users/matti/Pico/pico-sdk/src/rp2_common/pico_stdio_uart/stdio_uart.c.obj
                0x20000330                stdio_uart
 .data._impure_ptr
                0x20000348        0x4 c:/progra~2/gnuarm~1/102021~1.10/bin/../lib/gcc/arm-none-eabi/10.3.1/../../../../arm-none-eabi/lib/thumb/v6-m/nofp\libc.a(lib_a-impure.o)
                0x20000348                _impure_ptr
 *fill*         0x2000034c        0x4 
 .data.impure_data
                0x20000350      0x428 c:/progra~2/gnuarm~1/102021~1.10/bin/../lib/gcc/arm-none-eabi/10.3.1/../../../../arm-none-eabi/lib/thumb/v6-m/nofp\libc.a(lib_a-impure.o)
 .data.__malloc_av_
                0x20000778      0x408 c:/progra~2/gnuarm~1/102021~1.10/bin/../lib/gcc/arm-none-eabi/10.3.1/../../../../arm-none-eabi/lib/thumb/v6-m/nofp\libc.a(lib_a-mallocr.o)
                0x20000778                __malloc_av_
 .data.__malloc_sbrk_base
                0x20000b80        0x4 c:/progra~2/gnuarm~1/102021~1.10/bin/../lib/gcc/arm-none-eabi/10.3.1/../../../../arm-none-eabi/lib/thumb/v6-m/nofp\libc.a(lib_a-mallocr.o)
                0x20000b80                __malloc_sbrk_base
 .data.__malloc_trim_threshold
                0x20000b84        0x4 c:/progra~2/gnuarm~1/102021~1.10/bin/../lib/gcc/arm-none-eabi/10.3.1/../../../../arm-none-eabi/lib/thumb/v6-m/nofp\libc.a(lib_a-mallocr.o)
                0x20000b84                __malloc_trim_threshold
 .data.__global_locale
                0x20000b88      0x16c c:/progra~2/gnuarm~1/102021~1.10/bin/../lib/gcc/arm-none-eabi/10.3.1/../../../../arm-none-eabi/lib/thumb/v6-m/nofp\libc.a(lib_a-locale.o)
                0x20000b88                __global_locale
 .data.numempty
                0x20000cf4        0x2 c:/progra~2/gnuarm~1/102021~1.10/bin/../lib/gcc/arm-none-eabi/10.3.1/../../../../arm-none-eabi/lib/thumb/v6-m/nofp\libc.a(lib_a-lnumeric.o)
                0x20000cf8                . = ALIGN (0x4)
 *fill*         0x20000cf6        0x2 
 *(.after_data.*)
                0x20000cf8                . = ALIGN (0x4)
                0x20000cf8                PROVIDE (__mutex_array_start = .)
 *(SORT_BY_NAME(.mutex_array.*))
 *(.mutex_array)
 .mutex_array   0x20000cf8        0x8 CMakeFiles/protothreads_test.dir/C_/Users/matti/Pico/pico-sdk/src/rp2_common/pico_malloc/pico_malloc.c.obj
 .mutex_array   0x20000d00        0x8 CMakeFiles/protothreads_test.dir/C_/Users/matti/Pico/pico-sdk/src/rp2_common/pico_stdio/stdio.c.obj
                0x20000d08                PROVIDE (__mutex_array_end = .)
                0x20000d08                . = ALIGN (0x4)
                0x20000d08                PROVIDE (__preinit_array_start = .)
 *(SORT_BY_NAME(.preinit_array.*))
 .preinit_array.00001
                0x20000d08        0x4 CMakeFiles/protothreads_test.dir/C_/Users/matti/Pico/pico-sdk/src/rp2_common/pico_mem_ops/mem_ops_aeabi.S.obj
 .preinit_array.00010
                0x20000d0c        0x4 CMakeFiles/protothreads_test.dir/C_/Users/matti/Pico/pico-sdk/src/rp2_common/pico_bit_ops/bit_ops_aeabi.S.obj
 .preinit_array.00020
                0x20000d10        0x4 CMakeFiles/protothreads_test.dir/C_/Users/matti/Pico/pico-sdk/src/rp2_common/pico_double/double_aeabi.S.obj
 .preinit_array.00020
                0x20000d14        0x4 CMakeFiles/protothreads_test.dir/C_/Users/matti/Pico/pico-sdk/src/rp2_common/pico_float/float_aeabi.S.obj
 *(.preinit_array)
                0x20000d18                PROVIDE (__preinit_array_end = .)
                0x20000d18                . = ALIGN (0x4)
                0x20000d18                PROVIDE (__init_array_start = .)
 *(SORT_BY_NAME(.init_array.*))
 *(.init_array)
 .init_array    0x20000d18        0x4 c:/progra~2/gnuarm~1/102021~1.10/bin/../lib/gcc/arm-none-eabi/10.3.1/thumb/v6-m/nofp/crtbegin.o
 .init_array    0x20000d1c        0x4 CMakeFiles/protothreads_test.dir/C_/Users/matti/Pico/pico-sdk/src/rp2_common/pico_bootsel_via_double_reset/pico_bootsel_via_double_reset.c.obj
                0x20000d20                PROVIDE (__init_array_end = .)
                0x20000d20                . = ALIGN (0x4)
                [!provide]                PROVIDE (__fini_array_start = .)
 *(SORT_BY_NAME(.fini_array.*))
 *(.fini_array)
                [!provide]                PROVIDE (__fini_array_end = .)
 *(.jcr)
                0x20000d20                . = ALIGN (0x4)
                0x20000d20                __data_end__ = .
                0x1000b424                __etext = LOADADDR (.data)

.igot.plt       0x20000d20        0x0 load address 0x1000c084
 .igot.plt      0x20000d20        0x0 c:/progra~2/gnuarm~1/102021~1.10/bin/../lib/gcc/arm-none-eabi/10.3.1/thumb/v6-m/nofp/crtbegin.o

.uninitialized_data
                0x20000d20        0xc load address 0x1000c084
                0x20000d20                . = ALIGN (0x4)
 *(.uninitialized_data*)
 .uninitialized_data.magic_location
                0x20000d20        0xc CMakeFiles/protothreads_test.dir/C_/Users/matti/Pico/pico-sdk/src/rp2_common/pico_bootsel_via_double_reset/pico_bootsel_via_double_reset.c.obj

.scratch_x      0x20040000        0x0 load address 0x1000c084
                0x20040000                __scratch_x_start__ = .
 *(.scratch_x.*)
                0x20040000                . = ALIGN (0x4)
                0x20040000                __scratch_x_end__ = .
                0x1000c084                __scratch_x_source__ = LOADADDR (.scratch_x)

.scratch_y      0x20041000        0x0 load address 0x1000c084
                0x20041000                __scratch_y_start__ = .
 *(.scratch_y.*)
                0x20041000                . = ALIGN (0x4)
                0x20041000                __scratch_y_end__ = .
                0x1000c084                __scratch_y_source__ = LOADADDR (.scratch_y)

.bss            0x20000d30      0x648
                0x20000d30                . = ALIGN (0x4)
                0x20000d30                __bss_start__ = .
 *(SORT_BY_ALIGNMENT(SORT_BY_NAME(.bss*)))
 .bss.default_alarm_pool_entries
                0x20000d30      0x100 CMakeFiles/protothreads_test.dir/C_/Users/matti/Pico/pico-sdk/src/common/pico_time/time.c.obj
 .bss.sd_table  0x20000e30      0x100 CMakeFiles/protothreads_test.dir/C_/Users/matti/Pico/pico-sdk/src/rp2_common/pico_double/double_init_rom.c.obj
                0x20000e30                sd_table
 .bss.sf_table  0x20000f30      0x100 CMakeFiles/protothreads_test.dir/C_/Users/matti/Pico/pico-sdk/src/rp2_common/pico_float/float_init_rom.c.obj
                0x20000f30                sf_table
 .bss           0x20001030       0x1c c:/progra~2/gnuarm~1/102021~1.10/bin/../lib/gcc/arm-none-eabi/10.3.1/thumb/v6-m/nofp/crtbegin.o
 .bss.__lock___malloc_recursive_mutex
                0x2000104c        0x1 c:/progra~2/gnuarm~1/102021~1.10/bin/../lib/gcc/arm-none-eabi/10.3.1/../../../../arm-none-eabi/lib/thumb/v6-m/nofp\libc.a(lib_a-lock.o)
                0x2000104c                __lock___malloc_recursive_mutex
 *fill*         0x2000104d        0x3 
 .bss.__malloc_current_mallinfo
                0x20001050       0x28 c:/progra~2/gnuarm~1/102021~1.10/bin/../lib/gcc/arm-none-eabi/10.3.1/../../../../arm-none-eabi/lib/thumb/v6-m/nofp\libc.a(lib_a-mallocr.o)
                0x20001050                __malloc_current_mallinfo
 .bss.__malloc_max_sbrked_mem
                0x20001078        0x4 c:/progra~2/gnuarm~1/102021~1.10/bin/../lib/gcc/arm-none-eabi/10.3.1/../../../../arm-none-eabi/lib/thumb/v6-m/nofp\libc.a(lib_a-mallocr.o)
                0x20001078                __malloc_max_sbrked_mem
 .bss.__malloc_max_total_mem
                0x2000107c        0x4 c:/progra~2/gnuarm~1/102021~1.10/bin/../lib/gcc/arm-none-eabi/10.3.1/../../../../arm-none-eabi/lib/thumb/v6-m/nofp\libc.a(lib_a-mallocr.o)
                0x2000107c                __malloc_max_total_mem
 .bss.__malloc_top_pad
                0x20001080        0x4 c:/progra~2/gnuarm~1/102021~1.10/bin/../lib/gcc/arm-none-eabi/10.3.1/../../../../arm-none-eabi/lib/thumb/v6-m/nofp\libc.a(lib_a-mallocr.o)
                0x20001080                __malloc_top_pad
 .bss.alarm_callbacks
                0x20001084       0x10 CMakeFiles/protothreads_test.dir/C_/Users/matti/Pico/pico-sdk/src/rp2_common/hardware_timer/timer.c.obj
 .bss.chars_available_callback
                0x20001094        0x4 CMakeFiles/protothreads_test.dir/C_/Users/matti/Pico/pico-sdk/src/rp2_common/pico_stdio_uart/stdio_uart.c.obj
 .bss.chars_available_param
                0x20001098        0x4 CMakeFiles/protothreads_test.dir/C_/Users/matti/Pico/pico-sdk/src/rp2_common/pico_stdio_uart/stdio_uart.c.obj
 .bss.configured_freq
                0x2000109c       0x28 CMakeFiles/protothreads_test.dir/C_/Users/matti/Pico/pico-sdk/src/rp2_common/hardware_clocks/clocks.c.obj
 .bss.default_alarm_pool_entry_ids_high
                0x200010c4       0x10 CMakeFiles/protothreads_test.dir/C_/Users/matti/Pico/pico-sdk/src/common/pico_time/time.c.obj
 .bss.default_alarm_pool_heap_nodes
                0x200010d4       0x30 CMakeFiles/protothreads_test.dir/C_/Users/matti/Pico/pico-sdk/src/common/pico_time/time.c.obj
 .bss.delta_count
                0x20001104        0x4 CMakeFiles/protothreads_test.dir/Protothreads_test_1.c.obj
                0x20001104                delta_count
 .bss.drivers   0x20001108        0x4 CMakeFiles/protothreads_test.dir/C_/Users/matti/Pico/pico-sdk/src/rp2_common/pico_stdio/stdio.c.obj
 .bss.errno     0x2000110c        0x4 c:/progra~2/gnuarm~1/102021~1.10/bin/../lib/gcc/arm-none-eabi/10.3.1/../../../../arm-none-eabi/lib/thumb/v6-m/nofp\libc.a(lib_a-reent.o)
                0x2000110c                errno
 .bss.error_count
                0x20001110        0x4 CMakeFiles/protothreads_test.dir/Protothreads_test_1.c.obj
                0x20001110                error_count
 .bss.filter    0x20001114        0x4 CMakeFiles/protothreads_test.dir/C_/Users/matti/Pico/pico-sdk/src/rp2_common/pico_stdio/stdio.c.obj
 .bss.heap_end.0
                0x20001118        0x4 CMakeFiles/protothreads_test.dir/C_/Users/matti/Pico/pico-sdk/src/rp2_common/pico_runtime/runtime.c.obj
 .bss.i.10      0x2000111c        0x4 CMakeFiles/protothreads_test.dir/Protothreads_test_1.c.obj
 .bss.i.9       0x20001120        0x4 CMakeFiles/protothreads_test.dir/Protothreads_test_1.c.obj
 .bss.in1.16    0x20001124        0x4 CMakeFiles/protothreads_test.dir/Protothreads_test_1.c.obj
 .bss.in2.15    0x20001128        0x4 CMakeFiles/protothreads_test.dir/Protothreads_test_1.c.obj
 .bss.lazy_vsnprintf
                0x2000112c        0x4 CMakeFiles/protothreads_test.dir/C_/Users/matti/Pico/pico-sdk/src/rp2_common/pico_printf/printf.c.obj
 .bss.lock_delta_count
                0x20001130        0x4 CMakeFiles/protothreads_test.dir/Protothreads_test_1.c.obj
                0x20001130                lock_delta_count
 .bss.lock_error_count
                0x20001134        0x4 CMakeFiles/protothreads_test.dir/Protothreads_test_1.c.obj
                0x20001134                lock_error_count
 .bss.lock_lock
                0x20001138        0x4 CMakeFiles/protothreads_test.dir/Protothreads_test_1.c.obj
                0x20001138                lock_lock
 .bss.num_send_chars.17
                0x2000113c        0x4 CMakeFiles/protothreads_test.dir/Protothreads_test_1.c.obj
 .bss.pools     0x20001140       0x10 CMakeFiles/protothreads_test.dir/C_/Users/matti/Pico/pico-sdk/src/common/pico_time/time.c.obj
 .bss.pt_current_char_count.1
                0x20001150        0x4 CMakeFiles/protothreads_test.dir/Protothreads_test_1.c.obj
 .bss.pt_interval_marker.12
                0x20001154        0x4 CMakeFiles/protothreads_test.dir/Protothreads_test_1.c.obj
 .bss.pt_interval_marker.13
                0x20001158        0x4 CMakeFiles/protothreads_test.dir/Protothreads_test_1.c.obj
 .bss.pt_interval_marker.6
                0x2000115c        0x4 CMakeFiles/protothreads_test.dir/Protothreads_test_1.c.obj
 .bss.pt_interval_marker.7
                0x20001160        0x4 CMakeFiles/protothreads_test.dir/Protothreads_test_1.c.obj
 .bss.pt_sched  0x20001164        0x4 CMakeFiles/protothreads_test.dir/Protothreads_test_1.c.obj
 .bss.pt_sched1
                0x20001168        0x4 CMakeFiles/protothreads_test.dir/Protothreads_test_1.c.obj
 .bss.pt_sched_method
                0x2000116c        0x4 CMakeFiles/protothreads_test.dir/Protothreads_test_1.c.obj
                0x2000116c                pt_sched_method
 .bss.pt_serial_in_buffer
                0x20001170       0x64 CMakeFiles/protothreads_test.dir/Protothreads_test_1.c.obj
                0x20001170                pt_serial_in_buffer
 .bss.pt_serial_out_buffer
                0x200011d4       0x64 CMakeFiles/protothreads_test.dir/Protothreads_test_1.c.obj
                0x200011d4                pt_serial_out_buffer
 .bss.pt_serialin
                0x20001238        0x4 CMakeFiles/protothreads_test.dir/Protothreads_test_1.c.obj
 .bss.pt_serialout
                0x2000123c        0x4 CMakeFiles/protothreads_test.dir/Protothreads_test_1.c.obj
 .bss.pt_task_count
                0x20001240        0x4 CMakeFiles/protothreads_test.dir/Protothreads_test_1.c.obj
                0x20001240                pt_task_count
 .bss.pt_task_count1
                0x20001244        0x4 CMakeFiles/protothreads_test.dir/Protothreads_test_1.c.obj
                0x20001244                pt_task_count1
 .bss.pt_thread_list
                0x20001248       0x78 CMakeFiles/protothreads_test.dir/Protothreads_test_1.c.obj
 .bss.pt_thread_list1
                0x200012c0       0x78 CMakeFiles/protothreads_test.dir/Protothreads_test_1.c.obj
 .bss.sem_lock  0x20001338        0x4 CMakeFiles/protothreads_test.dir/Protothreads_test_1.c.obj
                0x20001338                sem_lock
 .bss.sf_clz_func
                0x2000133c        0x4 CMakeFiles/protothreads_test.dir/C_/Users/matti/Pico/pico-sdk/src/rp2_common/pico_double/double_init_rom.c.obj
                0x2000133c                sf_clz_func
 .bss.sleep_notifier
                0x20001340        0x4 CMakeFiles/protothreads_test.dir/C_/Users/matti/Pico/pico-sdk/src/common/pico_time/time.c.obj
 .bss.target_hi
                0x20001344       0x10 CMakeFiles/protothreads_test.dir/C_/Users/matti/Pico/pico-sdk/src/rp2_common/hardware_timer/timer.c.obj
 .bss.test_in1.4
                0x20001354        0x4 CMakeFiles/protothreads_test.dir/Protothreads_test_1.c.obj
 .bss.test_in2.3
                0x20001358        0x4 CMakeFiles/protothreads_test.dir/Protothreads_test_1.c.obj
 .bss.thread2_go_s
                0x2000135c        0x4 CMakeFiles/protothreads_test.dir/Protothreads_test_1.c.obj
                0x2000135c                thread2_go_s
 .bss.thread3_go_s
                0x20001360        0x4 CMakeFiles/protothreads_test.dir/Protothreads_test_1.c.obj
                0x20001360                thread3_go_s
 .bss.thread_count
                0x20001364        0x4 CMakeFiles/protothreads_test.dir/Protothreads_test_1.c.obj
                0x20001364                thread_count
 .bss.uart_char_to_line_feed
                0x20001368        0x4 CMakeFiles/protothreads_test.dir/C_/Users/matti/Pico/pico-sdk/src/rp2_common/hardware_uart/uart.c.obj
                0x20001368                uart_char_to_line_feed
 .bss.uart_instance
                0x2000136c        0x4 CMakeFiles/protothreads_test.dir/C_/Users/matti/Pico/pico-sdk/src/rp2_common/pico_stdio_uart/stdio_uart.c.obj
 .bss.LED_state.11
                0x20001370        0x1 CMakeFiles/protothreads_test.dir/Protothreads_test_1.c.obj
 .bss.LED_state.14
                0x20001371        0x1 CMakeFiles/protothreads_test.dir/Protothreads_test_1.c.obj
 .bss.LED_state.5
                0x20001372        0x1 CMakeFiles/protothreads_test.dir/Protothreads_test_1.c.obj
 .bss.LED_state.8
                0x20001373        0x1 CMakeFiles/protothreads_test.dir/Protothreads_test_1.c.obj
 .bss.ch.0      0x20001374        0x1 CMakeFiles/protothreads_test.dir/Protothreads_test_1.c.obj
 .bss.claimed   0x20001375        0x1 CMakeFiles/protothreads_test.dir/C_/Users/matti/Pico/pico-sdk/src/rp2_common/hardware_timer/timer.c.obj
 .bss.irq_hander_chain_free_slot_head
                0x20001376        0x1 CMakeFiles/protothreads_test.dir/C_/Users/matti/Pico/pico-sdk/src/rp2_common/hardware_irq/irq.c.obj
 .bss.timer_callbacks_pending
                0x20001377        0x1 CMakeFiles/protothreads_test.dir/C_/Users/matti/Pico/pico-sdk/src/rp2_common/hardware_timer/timer.c.obj
 *(COMMON)
                0x20001378                . = ALIGN (0x4)
                0x20001378                __bss_end__ = .

.heap           0x20001378      0x800
                0x20001378                __end__ = .
                0x20001378                end = __end__
 *(.heap*)
 .heap          0x20001378      0x800 CMakeFiles/protothreads_test.dir/C_/Users/matti/Pico/pico-sdk/src/rp2_common/pico_standard_link/crt0.S.obj
                0x20001b78                __HeapLimit = .

.stack1_dummy   0x20040000      0x800
 *(.stack1*)
 .stack1        0x20040000      0x800 CMakeFiles/protothreads_test.dir/C_/Users/matti/Pico/pico-sdk/src/rp2_common/pico_multicore/multicore.c.obj

.stack_dummy    0x20041000      0x800
 *(.stack*)
 .stack         0x20041000      0x800 CMakeFiles/protothreads_test.dir/C_/Users/matti/Pico/pico-sdk/src/rp2_common/pico_standard_link/crt0.S.obj

.flash_end      0x1000c084        0x0
                0x1000c084                PROVIDE (__flash_binary_end = .)
                0x20040000                __StackLimit = (ORIGIN (RAM) + LENGTH (RAM))
                0x20041000                __StackOneTop = (ORIGIN (SCRATCH_X) + LENGTH (SCRATCH_X))
                0x20042000                __StackTop = (ORIGIN (SCRATCH_Y) + LENGTH (SCRATCH_Y))
                0x20040800                __StackOneBottom = (__StackOneTop - SIZEOF (.stack1_dummy))
                0x20041800                __StackBottom = (__StackTop - SIZEOF (.stack_dummy))
                0x20042000                PROVIDE (__stack = __StackTop)
                0x00000001                ASSERT ((__StackLimit >= __HeapLimit), region RAM overflowed)
                0x00000001                ASSERT (((__binary_info_header_end - __logical_binary_start) <= 0x100), Binary info must be in first 256 bytes of the binary)
LOAD CMakeFiles/protothreads_test.dir/Protothreads_test_1.c.obj
LOAD CMakeFiles/protothreads_test.dir/C_/Users/matti/Pico/pico-sdk/src/rp2_common/pico_stdlib/stdlib.c.obj
LOAD CMakeFiles/protothreads_test.dir/C_/Users/matti/Pico/pico-sdk/src/rp2_common/hardware_gpio/gpio.c.obj
LOAD CMakeFiles/protothreads_test.dir/C_/Users/matti/Pico/pico-sdk/src/rp2_common/pico_platform/platform.c.obj
LOAD CMakeFiles/protothreads_test.dir/C_/Users/matti/Pico/pico-sdk/src/rp2_common/hardware_claim/claim.c.obj
LOAD CMakeFiles/protothreads_test.dir/C_/Users/matti/Pico/pico-sdk/src/rp2_common/hardware_sync/sync.c.obj
LOAD CMakeFiles/protothreads_test.dir/C_/Users/matti/Pico/pico-sdk/src/rp2_common/hardware_irq/irq.c.obj
LOAD CMakeFiles/protothreads_test.dir/C_/Users/matti/Pico/pico-sdk/src/rp2_common/hardware_irq/irq_handler_chain.S.obj
LOAD CMakeFiles/protothreads_test.dir/C_/Users/matti/Pico/pico-sdk/src/common/pico_sync/sem.c.obj
LOAD CMakeFiles/protothreads_test.dir/C_/Users/matti/Pico/pico-sdk/src/common/pico_sync/lock_core.c.obj
LOAD CMakeFiles/protothreads_test.dir/C_/Users/matti/Pico/pico-sdk/src/common/pico_sync/mutex.c.obj
LOAD CMakeFiles/protothreads_test.dir/C_/Users/matti/Pico/pico-sdk/src/common/pico_sync/critical_section.c.obj
LOAD CMakeFiles/protothreads_test.dir/C_/Users/matti/Pico/pico-sdk/src/common/pico_time/time.c.obj
LOAD CMakeFiles/protothreads_test.dir/C_/Users/matti/Pico/pico-sdk/src/common/pico_time/timeout_helper.c.obj
LOAD CMakeFiles/protothreads_test.dir/C_/Users/matti/Pico/pico-sdk/src/rp2_common/hardware_timer/timer.c.obj
LOAD CMakeFiles/protothreads_test.dir/C_/Users/matti/Pico/pico-sdk/src/common/pico_util/datetime.c.obj
LOAD CMakeFiles/protothreads_test.dir/C_/Users/matti/Pico/pico-sdk/src/common/pico_util/pheap.c.obj
LOAD CMakeFiles/protothreads_test.dir/C_/Users/matti/Pico/pico-sdk/src/common/pico_util/queue.c.obj
LOAD CMakeFiles/protothreads_test.dir/C_/Users/matti/Pico/pico-sdk/src/rp2_common/hardware_uart/uart.c.obj
LOAD CMakeFiles/protothreads_test.dir/C_/Users/matti/Pico/pico-sdk/src/rp2_common/hardware_clocks/clocks.c.obj
LOAD CMakeFiles/protothreads_test.dir/C_/Users/matti/Pico/pico-sdk/src/rp2_common/hardware_pll/pll.c.obj
LOAD CMakeFiles/protothreads_test.dir/C_/Users/matti/Pico/pico-sdk/src/rp2_common/hardware_vreg/vreg.c.obj
LOAD CMakeFiles/protothreads_test.dir/C_/Users/matti/Pico/pico-sdk/src/rp2_common/hardware_watchdog/watchdog.c.obj
LOAD CMakeFiles/protothreads_test.dir/C_/Users/matti/Pico/pico-sdk/src/rp2_common/hardware_xosc/xosc.c.obj
LOAD CMakeFiles/protothreads_test.dir/C_/Users/matti/Pico/pico-sdk/src/rp2_common/hardware_divider/divider.S.obj
LOAD CMakeFiles/protothreads_test.dir/C_/Users/matti/Pico/pico-sdk/src/rp2_common/pico_runtime/runtime.c.obj
LOAD CMakeFiles/protothreads_test.dir/C_/Users/matti/Pico/pico-sdk/src/rp2_common/pico_printf/printf.c.obj
LOAD CMakeFiles/protothreads_test.dir/C_/Users/matti/Pico/pico-sdk/src/rp2_common/pico_bit_ops/bit_ops_aeabi.S.obj
LOAD CMakeFiles/protothreads_test.dir/C_/Users/matti/Pico/pico-sdk/src/rp2_common/pico_bootrom/bootrom.c.obj
LOAD CMakeFiles/protothreads_test.dir/C_/Users/matti/Pico/pico-sdk/src/rp2_common/pico_divider/divider.S.obj
LOAD CMakeFiles/protothreads_test.dir/C_/Users/matti/Pico/pico-sdk/src/rp2_common/pico_double/double_aeabi.S.obj
LOAD CMakeFiles/protothreads_test.dir/C_/Users/matti/Pico/pico-sdk/src/rp2_common/pico_double/double_init_rom.c.obj
LOAD CMakeFiles/protothreads_test.dir/C_/Users/matti/Pico/pico-sdk/src/rp2_common/pico_double/double_math.c.obj
LOAD CMakeFiles/protothreads_test.dir/C_/Users/matti/Pico/pico-sdk/src/rp2_common/pico_double/double_v1_rom_shim.S.obj
LOAD CMakeFiles/protothreads_test.dir/C_/Users/matti/Pico/pico-sdk/src/rp2_common/pico_int64_ops/pico_int64_ops_aeabi.S.obj
LOAD CMakeFiles/protothreads_test.dir/C_/Users/matti/Pico/pico-sdk/src/rp2_common/pico_float/float_aeabi.S.obj
LOAD CMakeFiles/protothreads_test.dir/C_/Users/matti/Pico/pico-sdk/src/rp2_common/pico_float/float_init_rom.c.obj
LOAD CMakeFiles/protothreads_test.dir/C_/Users/matti/Pico/pico-sdk/src/rp2_common/pico_float/float_math.c.obj
LOAD CMakeFiles/protothreads_test.dir/C_/Users/matti/Pico/pico-sdk/src/rp2_common/pico_float/float_v1_rom_shim.S.obj
LOAD CMakeFiles/protothreads_test.dir/C_/Users/matti/Pico/pico-sdk/src/rp2_common/pico_malloc/pico_malloc.c.obj
LOAD CMakeFiles/protothreads_test.dir/C_/Users/matti/Pico/pico-sdk/src/rp2_common/pico_mem_ops/mem_ops_aeabi.S.obj
LOAD CMakeFiles/protothreads_test.dir/C_/Users/matti/Pico/pico-sdk/src/rp2_common/pico_standard_link/crt0.S.obj
LOAD CMakeFiles/protothreads_test.dir/C_/Users/matti/Pico/pico-sdk/src/rp2_common/pico_standard_link/new_delete.cpp.obj
LOAD CMakeFiles/protothreads_test.dir/C_/Users/matti/Pico/pico-sdk/src/rp2_common/pico_standard_link/binary_info.c.obj
LOAD CMakeFiles/protothreads_test.dir/C_/Users/matti/Pico/pico-sdk/src/rp2_common/pico_stdio/stdio.c.obj
LOAD CMakeFiles/protothreads_test.dir/C_/Users/matti/Pico/pico-sdk/src/rp2_common/pico_stdio_uart/stdio_uart.c.obj
LOAD CMakeFiles/protothreads_test.dir/C_/Users/matti/Pico/pico-sdk/src/rp2_common/pico_bootsel_via_double_reset/pico_bootsel_via_double_reset.c.obj
LOAD CMakeFiles/protothreads_test.dir/C_/Users/matti/Pico/pico-sdk/src/rp2_common/pico_multicore/multicore.c.obj
LOAD C:\Users\matti\AppData\Local\Temp\cc4WEp7x.o
LOAD c:/progra~2/gnuarm~1/102021~1.10/bin/../lib/gcc/arm-none-eabi/10.3.1/../../../../arm-none-eabi/lib/thumb/v6-m/nofp\libstdc++.a
LOAD c:/progra~2/gnuarm~1/102021~1.10/bin/../lib/gcc/arm-none-eabi/10.3.1/../../../../arm-none-eabi/lib/thumb/v6-m/nofp\libm.a
START GROUP
LOAD c:/progra~2/gnuarm~1/102021~1.10/bin/../lib/gcc/arm-none-eabi/10.3.1/thumb/v6-m/nofp\libgcc.a
LOAD c:/progra~2/gnuarm~1/102021~1.10/bin/../lib/gcc/arm-none-eabi/10.3.1/../../../../arm-none-eabi/lib/thumb/v6-m/nofp\libc.a
END GROUP
START GROUP
LOAD c:/progra~2/gnuarm~1/102021~1.10/bin/../lib/gcc/arm-none-eabi/10.3.1/thumb/v6-m/nofp\libgcc.a
LOAD c:/progra~2/gnuarm~1/102021~1.10/bin/../lib/gcc/arm-none-eabi/10.3.1/../../../../arm-none-eabi/lib/thumb/v6-m/nofp\libc.a
LOAD c:/progra~2/gnuarm~1/102021~1.10/bin/../lib/gcc/arm-none-eabi/10.3.1/../../../../arm-none-eabi/lib/thumb/v6-m/nofp\libnosys.a
END GROUP
LOAD c:/progra~2/gnuarm~1/102021~1.10/bin/../lib/gcc/arm-none-eabi/10.3.1/thumb/v6-m/nofp/crtend.o
LOAD c:/progra~2/gnuarm~1/102021~1.10/bin/../lib/gcc/arm-none-eabi/10.3.1/thumb/v6-m/nofp/crtn.o
OUTPUT(protothreads_test.elf elf32-littlearm)
LOAD linker stubs

.ARM.attributes
                0x00000000       0x28
 .ARM.attributes
                0x00000000       0x1e c:/progra~2/gnuarm~1/102021~1.10/bin/../lib/gcc/arm-none-eabi/10.3.1/thumb/v6-m/nofp/crti.o
 .ARM.attributes
                0x0000001e       0x2c c:/progra~2/gnuarm~1/102021~1.10/bin/../lib/gcc/arm-none-eabi/10.3.1/thumb/v6-m/nofp/crtbegin.o
 .ARM.attributes
                0x0000004a       0x2c CMakeFiles/protothreads_test.dir/Protothreads_test_1.c.obj
 .ARM.attributes
                0x00000076       0x2c CMakeFiles/protothreads_test.dir/C_/Users/matti/Pico/pico-sdk/src/rp2_common/hardware_gpio/gpio.c.obj
 .ARM.attributes
                0x000000a2       0x2c CMakeFiles/protothreads_test.dir/C_/Users/matti/Pico/pico-sdk/src/rp2_common/pico_platform/platform.c.obj
 .ARM.attributes
                0x000000ce       0x2c CMakeFiles/protothreads_test.dir/C_/Users/matti/Pico/pico-sdk/src/rp2_common/hardware_claim/claim.c.obj
 .ARM.attributes
                0x000000fa       0x2c CMakeFiles/protothreads_test.dir/C_/Users/matti/Pico/pico-sdk/src/rp2_common/hardware_sync/sync.c.obj
 .ARM.attributes
                0x00000126       0x2c CMakeFiles/protothreads_test.dir/C_/Users/matti/Pico/pico-sdk/src/rp2_common/hardware_irq/irq.c.obj
 .ARM.attributes
                0x00000152       0x22 CMakeFiles/protothreads_test.dir/C_/Users/matti/Pico/pico-sdk/src/rp2_common/hardware_irq/irq_handler_chain.S.obj
 .ARM.attributes