Archive member included to satisfy reference by file (symbol)

c:/progra~2/gnuarm~1/102021~1.10/bin/../lib/gcc/arm-none-eabi/10.3.1/thumb/v6-m/nofp\libgcc.a(_dvmd_tls.o)
                              CMakeFiles/trackpad_test.dir/C_/Users/matti/Pico/pico-sdk/src/rp2_common/pico_divider/divider.S.obj (__aeabi_idiv0)
c:/progra~2/gnuarm~1/102021~1.10/bin/../lib/gcc/arm-none-eabi/10.3.1/../../../../arm-none-eabi/lib/thumb/v6-m/nofp\libc.a(lib_a-calloc.o)
                              CMakeFiles/trackpad_test.dir/C_/Users/matti/Pico/pico-sdk/src/rp2_common/pico_malloc/pico_malloc.c.obj (calloc)
c:/progra~2/gnuarm~1/102021~1.10/bin/../lib/gcc/arm-none-eabi/10.3.1/../../../../arm-none-eabi/lib/thumb/v6-m/nofp\libc.a(lib_a-callocr.o)
                              c:/progra~2/gnuarm~1/102021~1.10/bin/../lib/gcc/arm-none-eabi/10.3.1/../../../../arm-none-eabi/lib/thumb/v6-m/nofp\libc.a(lib_a-calloc.o) (_calloc_r)
c:/progra~2/gnuarm~1/102021~1.10/bin/../lib/gcc/arm-none-eabi/10.3.1/../../../../arm-none-eabi/lib/thumb/v6-m/nofp\libc.a(lib_a-errno.o)
                              c:/progra~2/gnuarm~1/102021~1.10/bin/../lib/gcc/arm-none-eabi/10.3.1/../../../../arm-none-eabi/lib/thumb/v6-m/nofp\libc.a(lib_a-callocr.o) (__errno)
c:/progra~2/gnuarm~1/102021~1.10/bin/../lib/gcc/arm-none-eabi/10.3.1/../../../../arm-none-eabi/lib/thumb/v6-m/nofp\libc.a(lib_a-impure.o)
                              c:/progra~2/gnuarm~1/102021~1.10/bin/../lib/gcc/arm-none-eabi/10.3.1/../../../../arm-none-eabi/lib/thumb/v6-m/nofp\libc.a(lib_a-calloc.o) (_impure_ptr)
c:/progra~2/gnuarm~1/102021~1.10/bin/../lib/gcc/arm-none-eabi/10.3.1/../../../../arm-none-eabi/lib/thumb/v6-m/nofp\libc.a(lib_a-init.o)
                              c:/progra~2/gnuarm~1/102021~1.10/bin/../lib/gcc/arm-none-eabi/10.3.1/../../../../arm-none-eabi/lib/thumb/v6-m/nofp/crt0.o (__libc_init_array)
c:/progra~2/gnuarm~1/102021~1.10/bin/../lib/gcc/arm-none-eabi/10.3.1/../../../../arm-none-eabi/lib/thumb/v6-m/nofp\libc.a(lib_a-malloc.o)
                              CMakeFiles/trackpad_test.dir/C_/Users/matti/Pico/pico-sdk/src/rp2_common/pico_malloc/pico_malloc.c.obj (malloc)
c:/progra~2/gnuarm~1/102021~1.10/bin/../lib/gcc/arm-none-eabi/10.3.1/../../../../arm-none-eabi/lib/thumb/v6-m/nofp\libc.a(lib_a-mallocr.o)
                              c:/progra~2/gnuarm~1/102021~1.10/bin/../lib/gcc/arm-none-eabi/10.3.1/../../../../arm-none-eabi/lib/thumb/v6-m/nofp\libc.a(lib_a-callocr.o) (_malloc_r)
c:/progra~2/gnuarm~1/102021~1.10/bin/../lib/gcc/arm-none-eabi/10.3.1/../../../../arm-none-eabi/lib/thumb/v6-m/nofp\libc.a(lib_a-mlock.o)
                              c:/progra~2/gnuarm~1/102021~1.10/bin/../lib/gcc/arm-none-eabi/10.3.1/../../../../arm-none-eabi/lib/thumb/v6-m/nofp\libc.a(lib_a-mallocr.o) (__malloc_lock)
c:/progra~2/gnuarm~1/102021~1.10/bin/../lib/gcc/arm-none-eabi/10.3.1/../../../../arm-none-eabi/lib/thumb/v6-m/nofp\libc.a(lib_a-realloc.o)
                              CMakeFiles/trackpad_test.dir/C_/Users/matti/Pico/pico-sdk/src/rp2_common/pico_malloc/pico_malloc.c.obj (realloc)
c:/progra~2/gnuarm~1/102021~1.10/bin/../lib/gcc/arm-none-eabi/10.3.1/../../../../arm-none-eabi/lib/thumb/v6-m/nofp\libc.a(lib_a-reallocr.o)
                              c:/progra~2/gnuarm~1/102021~1.10/bin/../lib/gcc/arm-none-eabi/10.3.1/../../../../arm-none-eabi/lib/thumb/v6-m/nofp\libc.a(lib_a-realloc.o) (_realloc_r)
c:/progra~2/gnuarm~1/102021~1.10/bin/../lib/gcc/arm-none-eabi/10.3.1/../../../../arm-none-eabi/lib/thumb/v6-m/nofp\libc.a(lib_a-sbrkr.o)
                              c:/progra~2/gnuarm~1/102021~1.10/bin/../lib/gcc/arm-none-eabi/10.3.1/../../../../arm-none-eabi/lib/thumb/v6-m/nofp\libc.a(lib_a-mallocr.o) (_sbrk_r)
c:/progra~2/gnuarm~1/102021~1.10/bin/../lib/gcc/arm-none-eabi/10.3.1/../../../../arm-none-eabi/lib/thumb/v6-m/nofp\libc.a(lib_a-strlen-stub.o)
                              CMakeFiles/trackpad_test.dir/C_/Users/matti/Pico/pico-sdk/src/rp2_common/pico_stdio/stdio.c.obj (strlen)
c:/progra~2/gnuarm~1/102021~1.10/bin/../lib/gcc/arm-none-eabi/10.3.1/../../../../arm-none-eabi/lib/thumb/v6-m/nofp\libc.a(lib_a-freer.o)
                              c:/progra~2/gnuarm~1/102021~1.10/bin/../lib/gcc/arm-none-eabi/10.3.1/../../../../arm-none-eabi/lib/thumb/v6-m/nofp\libc.a(lib_a-malloc.o) (_free_r)
c:/progra~2/gnuarm~1/102021~1.10/bin/../lib/gcc/arm-none-eabi/10.3.1/../../../../arm-none-eabi/lib/thumb/v6-m/nofp\libc.a(lib_a-lock.o)
                              c:/progra~2/gnuarm~1/102021~1.10/bin/../lib/gcc/arm-none-eabi/10.3.1/../../../../arm-none-eabi/lib/thumb/v6-m/nofp\libc.a(lib_a-mlock.o) (__retarget_lock_acquire_recursive)
c:/progra~2/gnuarm~1/102021~1.10/bin/../lib/gcc/arm-none-eabi/10.3.1/../../../../arm-none-eabi/lib/thumb/v6-m/nofp\libc.a(lib_a-memmove.o)
                              c:/progra~2/gnuarm~1/102021~1.10/bin/../lib/gcc/arm-none-eabi/10.3.1/../../../../arm-none-eabi/lib/thumb/v6-m/nofp\libc.a(lib_a-reallocr.o) (memmove)
[...]
Memory Configuration

Name             Origin             Length             Attributes
FLASH            0x10000000         0x00200000         xr
RAM              0x20000000         0x00040000         xrw
SCRATCH_X        0x20040000         0x00001000         xrw
SCRATCH_Y        0x20041000         0x00001000         xrw
*default*        0x00000000         0xffffffff

Linker script and memory map

LOAD c:/progra~2/gnuarm~1/102021~1.10/bin/../lib/gcc/arm-none-eabi/10.3.1/thumb/v6-m/nofp/crti.o
LOAD c:/progra~2/gnuarm~1/102021~1.10/bin/../lib/gcc/arm-none-eabi/10.3.1/thumb/v6-m/nofp/crtbegin.o
LOAD c:/progra~2/gnuarm~1/102021~1.10/bin/../lib/gcc/arm-none-eabi/10.3.1/../../../../arm-none-eabi/lib/thumb/v6-m/nofp/crt0.o

.flash_begin    0x10000000        0x0
                0x10000000                __flash_binary_start = .

.boot2          0x10000000      0x100
                0x10000000                __boot2_start__ = .
 *(.boot2)
 .boot2         0x10000000      0x100 C:\Users\matti\AppData\Local\Temp\ccGiuc01.o
                0x10000100                __boot2_end__ = .
                0x00000001                ASSERT (((__boot2_end__ - __boot2_start__) == 0x100), ERROR: Pico second stage bootloader must be 256 bytes in size)

.text           0x10000100     0x2d98
                0x10000100                __logical_binary_start = .
 *(.vectors)
 .vectors       0x10000100       0xd4 CMakeFiles/trackpad_test.dir/C_/Users/matti/Pico/pico-sdk/src/rp2_common/pico_standard_link/crt0.S.obj
                0x10000100                __VECTOR_TABLE
                0x10000100                __vectors
                0x100001c0                isr_invalid
                0x100001c0                __default_isrs_start
                0x100001c2                isr_nmi
                0x100001c4                isr_hardfault
                0x100001c6                isr_svcall
                0x100001c8                isr_pendsv
                0x100001ca                isr_systick
                0x100001cc                isr_irq23
                0x100001cc                isr_irq18
                0x100001cc                isr_irq11
                0x100001cc                isr_irq28
                0x100001cc                isr_irq19
                0x100001cc                isr_irq0
                0x100001cc                isr_irq6
                0x100001cc                isr_irq5
                0x100001cc                isr_irq12
                0x100001cc                isr_irq22
                0x100001cc                isr_irq31
                0x100001cc                isr_irq17
                0x100001cc                isr_irq27
                0x100001cc                isr_irq30
                0x100001cc                isr_irq2
                0x100001cc                isr_irq10
                0x100001cc                isr_irq8
                0x100001cc                isr_irq24
                0x100001cc                isr_irq1
                0x100001cc                isr_irq7
                0x100001cc                isr_irq21
                0x100001cc                isr_irq20
                0x100001cc                isr_irq15
                0x100001cc                isr_irq25
                0x100001cc                isr_irq13
                0x100001cc                __unhandled_user_irq
                0x100001cc                isr_irq4
                0x100001cc                isr_irq16
                0x100001cc                isr_irq29
                0x100001cc                isr_irq26
                0x100001cc                __default_isrs_end
                0x100001cc                isr_irq3
                0x100001cc                isr_irq14
                0x100001cc                isr_irq9
                0x100001d2                unhandled_user_irq_num_in_r0
 *(.binary_info_header)
 .binary_info_header
                0x100001d4       0x14 CMakeFiles/trackpad_test.dir/C_/Users/matti/Pico/pico-sdk/src/rp2_common/pico_standard_link/crt0.S.obj
                0x100001e8                __binary_info_header_end = .
 *(.reset)
 .reset         0x100001e8       0xa0 CMakeFiles/trackpad_test.dir/C_/Users/matti/Pico/pico-sdk/src/rp2_common/pico_standard_link/crt0.S.obj
                0x100001e8                _entry_point
 .reset         0x10000288       0x30 CMakeFiles/trackpad_test.dir/C_/Users/matti/Pico/pico-sdk/src/rp2_common/pico_standard_link/binary_info.c.obj
 *(.init)
 .init          0x100002b8        0x4 c:/progra~2/gnuarm~1/102021~1.10/bin/../lib/gcc/arm-none-eabi/10.3.1/thumb/v6-m/nofp/crti.o
                0x100002b8                _init
 *(EXCLUDE_FILE(*libm.a: *libc.a:*lib_a-mem*.o *libgcc.a:) .text*)
 .text          0x100002bc       0x48 c:/progra~2/gnuarm~1/102021~1.10/bin/../lib/gcc/arm-none-eabi/10.3.1/thumb/v6-m/nofp/crtbegin.o
 .text.repeating_timer_callback
                0x10000304      0x414 CMakeFiles/trackpad_test.dir/trackpad.c.obj
                0x10000304                repeating_timer_callback
 .text.adc_gpio_init
                0x10000718       0x20 CMakeFiles/trackpad_test.dir/trackpad.c.obj
 .text.startup.main
                0x10000738       0x58 CMakeFiles/trackpad_test.dir/trackpad.c.obj
                0x10000738                main
 .text.initVGA  0x10000790      0x204 CMakeFiles/trackpad_test.dir/vga_graphics.c.obj
                0x10000790                initVGA
 .text.drawPixel
                0x10000994       0x68 CMakeFiles/trackpad_test.dir/vga_graphics.c.obj
                0x10000994                drawPixel
 .text.gpio_set_function
                0x100009fc       0x30 CMakeFiles/trackpad_test.dir/C_/Users/matti/Pico/pico-sdk/src/rp2_common/hardware_gpio/gpio.c.obj
                0x100009fc                gpio_set_function
 .text.gpio_set_pulls
                0x10000a2c       0x30 CMakeFiles/trackpad_test.dir/C_/Users/matti/Pico/pico-sdk/src/rp2_common/hardware_gpio/gpio.c.obj
                0x10000a2c                gpio_set_pulls
 .text.gpio_set_input_enabled
                0x10000a5c       0x28 CMakeFiles/trackpad_test.dir/C_/Users/matti/Pico/pico-sdk/src/rp2_common/hardware_gpio/gpio.c.obj
                0x10000a5c                gpio_set_input_enabled
 .text.gpio_init
                0x10000a84       0x3c CMakeFiles/trackpad_test.dir/C_/Users/matti/Pico/pico-sdk/src/rp2_common/hardware_gpio/gpio.c.obj
                0x10000a84                gpio_init
 .text.running_on_fpga
                0x10000ac0       0x10 CMakeFiles/trackpad_test.dir/C_/Users/matti/Pico/pico-sdk/src/rp2_common/pico_platform/platform.c.obj
                0x10000ac0                running_on_fpga
 .text.hw_claim_lock
                0x10000ad0       0x18 CMakeFiles/trackpad_test.dir/C_/Users/matti/Pico/pico-sdk/src/rp2_common/hardware_claim/claim.c.obj
                0x10000ad0                hw_claim_lock
 .text.hw_claim_unlock
                0x10000ae8       0x14 CMakeFiles/trackpad_test.dir/C_/Users/matti/Pico/pico-sdk/src/rp2_common/hardware_claim/claim.c.obj
                0x10000ae8                hw_claim_unlock
 .text.hw_claim_or_assert
                0x10000afc       0x44 CMakeFiles/trackpad_test.dir/C_/Users/matti/Pico/pico-sdk/src/rp2_common/hardware_claim/claim.c.obj
                0x10000afc                hw_claim_or_assert
 .text.spin_locks_reset
                0x10000b40       0x1c CMakeFiles/trackpad_test.dir/C_/Users/matti/Pico/pico-sdk/src/rp2_common/hardware_sync/sync.c.obj
                0x10000b40                spin_locks_reset
 .text.next_striped_spin_lock_num
                0x10000b5c       0x18 CMakeFiles/trackpad_test.dir/C_/Users/matti/Pico/pico-sdk/src/rp2_common/hardware_sync/sync.c.obj
                0x10000b5c                next_striped_spin_lock_num
 .text.irq_set_enabled
                0x10000b74       0x24 CMakeFiles/trackpad_test.dir/C_/Users/matti/Pico/pico-sdk/src/rp2_common/hardware_irq/irq.c.obj
                0x10000b74                irq_set_enabled
 .text.irq_get_vtable_handler
                0x10000b98       0x10 CMakeFiles/trackpad_test.dir/C_/Users/matti/Pico/pico-sdk/src/rp2_common/hardware_irq/irq.c.obj
                0x10000b98                irq_get_vtable_handler
 .text.irq_set_exclusive_handler
                0x10000ba8       0x54 CMakeFiles/trackpad_test.dir/C_/Users/matti/Pico/pico-sdk/src/rp2_common/hardware_irq/irq.c.obj
                0x10000ba8                irq_set_exclusive_handler
 .text.irq_remove_handler
                0x10000bfc      0x1b0 CMakeFiles/trackpad_test.dir/C_/Users/matti/Pico/pico-sdk/src/rp2_common/hardware_irq/irq.c.obj
                0x10000bfc                irq_remove_handler
 .text.irq_add_tail_to_free_list
                0x10000dac       0xb4 CMakeFiles/trackpad_test.dir/C_/Users/matti/Pico/pico-sdk/src/rp2_common/hardware_irq/irq.c.obj
                0x10000dac                irq_add_tail_to_free_list
 .text.irq_init_priorities
                0x10000e60       0x24 CMakeFiles/trackpad_test.dir/C_/Users/matti/Pico/pico-sdk/src/rp2_common/hardware_irq/irq.c.obj
                0x10000e60                irq_init_priorities
 .text.lock_init
                0x10000e84       0x10 CMakeFiles/trackpad_test.dir/C_/Users/matti/Pico/pico-sdk/src/common/pico_sync/lock_core.c.obj
                0x10000e84                lock_init
 .text.mutex_init
                0x10000e94       0x1c CMakeFiles/trackpad_test.dir/C_/Users/matti/Pico/pico-sdk/src/common/pico_sync/mutex.c.obj
                0x10000e94                mutex_init
 .text.recursive_mutex_init
                0x10000eb0       0x1c CMakeFiles/trackpad_test.dir/C_/Users/matti/Pico/pico-sdk/src/common/pico_sync/mutex.c.obj
                0x10000eb0                recursive_mutex_init
 .text.timer_pool_entry_comparator
                0x10000ecc       0x34 CMakeFiles/trackpad_test.dir/C_/Users/matti/Pico/pico-sdk/src/common/pico_time/time.c.obj
                0x10000ecc                timer_pool_entry_comparator
 .text.repeating_timer_callback
                0x10000f00       0x1c CMakeFiles/trackpad_test.dir/C_/Users/matti/Pico/pico-sdk/src/common/pico_time/time.c.obj
 .text.sleep_until_callback
                0x10000f1c       0x30 CMakeFiles/trackpad_test.dir/C_/Users/matti/Pico/pico-sdk/src/common/pico_time/time.c.obj
 .text.add_alarm_under_lock.isra.0
                0x10000f4c      0x100 CMakeFiles/trackpad_test.dir/C_/Users/matti/Pico/pico-sdk/src/common/pico_time/time.c.obj
 .text.alarm_pool_alarm_callback
                0x1000104c      0x1bc CMakeFiles/trackpad_test.dir/C_/Users/matti/Pico/pico-sdk/src/common/pico_time/time.c.obj
 .text.alarm_pool_init_default
                0x10001208       0x6c CMakeFiles/trackpad_test.dir/C_/Users/matti/Pico/pico-sdk/src/common/pico_time/time.c.obj
                0x10001208                alarm_pool_init_default
 .text.alarm_pool_get_default
                0x10001274        0x8 CMakeFiles/trackpad_test.dir/C_/Users/matti/Pico/pico-sdk/src/common/pico_time/time.c.obj
                0x10001274                alarm_pool_get_default
 .text.alarm_pool_add_alarm_at
                0x1000127c      0x178 CMakeFiles/trackpad_test.dir/C_/Users/matti/Pico/pico-sdk/src/common/pico_time/time.c.obj
                0x1000127c                alarm_pool_add_alarm_at
 .text.alarm_pool_add_repeating_timer_us
                0x100013f4      0x208 CMakeFiles/trackpad_test.dir/C_/Users/matti/Pico/pico-sdk/src/common/pico_time/time.c.obj
                0x100013f4                alarm_pool_add_repeating_timer_us
 .text.best_effort_wfe_or_timeout
                0x100015fc       0xd4 CMakeFiles/trackpad_test.dir/C_/Users/matti/Pico/pico-sdk/src/common/pico_time/time.c.obj
                0x100015fc                best_effort_wfe_or_timeout
 .text.hardware_alarm_irq_handler
                0x100016d0       0xbc CMakeFiles/trackpad_test.dir/C_/Users/matti/Pico/pico-sdk/src/rp2_common/hardware_timer/timer.c.obj
 .text.hardware_alarm_claim
                0x1000178c       0x18 CMakeFiles/trackpad_test.dir/C_/Users/matti/Pico/pico-sdk/src/rp2_common/hardware_timer/timer.c.obj
                0x1000178c                hardware_alarm_claim
 .text.time_us_64
                0x100017a4       0x14 CMakeFiles/trackpad_test.dir/C_/Users/matti/Pico/pico-sdk/src/rp2_common/hardware_timer/timer.c.obj
                0x100017a4                time_us_64
 .text.busy_wait_us
                0x100017b8       0x54 CMakeFiles/trackpad_test.dir/C_/Users/matti/Pico/pico-sdk/src/rp2_common/hardware_timer/timer.c.obj
                0x100017b8                busy_wait_us
 .text.hardware_alarm_set_callback
                0x1000180c       0x8c CMakeFiles/trackpad_test.dir/C_/Users/matti/Pico/pico-sdk/src/rp2_common/hardware_timer/timer.c.obj
                0x1000180c                hardware_alarm_set_callback
 .text.hardware_alarm_set_target
                0x10001898       0xd4 CMakeFiles/trackpad_test.dir/C_/Users/matti/Pico/pico-sdk/src/rp2_common/hardware_timer/timer.c.obj
                0x10001898                hardware_alarm_set_target
 .text.hardware_alarm_cancel
                0x1000196c       0x3c CMakeFiles/trackpad_test.dir/C_/Users/matti/Pico/pico-sdk/src/rp2_common/hardware_timer/timer.c.obj
                0x1000196c                hardware_alarm_cancel
 .text.ph_merge_nodes
                0x100019a8       0x68 CMakeFiles/trackpad_test.dir/C_/Users/matti/Pico/pico-sdk/src/common/pico_util/pheap.c.obj
 .text.ph_post_alloc_init
                0x10001a10       0x3c CMakeFiles/trackpad_test.dir/C_/Users/matti/Pico/pico-sdk/src/common/pico_util/pheap.c.obj
                0x10001a10                ph_post_alloc_init
 .text.ph_merge_two_pass
                0x10001a4c       0x90 CMakeFiles/trackpad_test.dir/C_/Users/matti/Pico/pico-sdk/src/common/pico_util/pheap.c.obj
                0x10001a4c                ph_merge_two_pass
 .text.ph_remove_any_head
                0x10001adc      0x100 CMakeFiles/trackpad_test.dir/C_/Users/matti/Pico/pico-sdk/src/common/pico_util/pheap.c.obj
 .text.ph_remove_head
                0x10001bdc      0x104 CMakeFiles/trackpad_test.dir/C_/Users/matti/Pico/pico-sdk/src/common/pico_util/pheap.c.obj
                0x10001bdc                ph_remove_head
 .text.ph_remove_and_free_node
                0x10001ce0       0x7c CMakeFiles/trackpad_test.dir/C_/Users/matti/Pico/pico-sdk/src/common/pico_util/pheap.c.obj
                0x10001ce0                ph_remove_and_free_node
 .text.uart_init
                0x10001d5c      0x188 CMakeFiles/trackpad_test.dir/C_/Users/matti/Pico/pico-sdk/src/rp2_common/hardware_uart/uart.c.obj
                0x10001d5c                uart_init
 .text.clocks_init
                0x10001ee4      0x2d0 CMakeFiles/trackpad_test.dir/C_/Users/matti/Pico/pico-sdk/src/rp2_common/hardware_clocks/clocks.c.obj
                0x10001ee4                clocks_init
 .text.clock_get_hz
                0x100021b4        0xc CMakeFiles/trackpad_test.dir/C_/Users/matti/Pico/pico-sdk/src/rp2_common/hardware_clocks/clocks.c.obj
                0x100021b4                clock_get_hz
 .text.pll_init
                0x100021c0       0xa0 CMakeFiles/trackpad_test.dir/C_/Users/matti/Pico/pico-sdk/src/rp2_common/hardware_pll/pll.c.obj
                0x100021c0                pll_init
 .text.watchdog_start_tick
                0x10002260       0x10 CMakeFiles/trackpad_test.dir/C_/Users/matti/Pico/pico-sdk/src/rp2_common/hardware_watchdog/watchdog.c.obj
                0x10002260                watchdog_start_tick
 .text.xosc_init
                0x10002270       0x28 CMakeFiles/trackpad_test.dir/C_/Users/matti/Pico/pico-sdk/src/rp2_common/hardware_xosc/xosc.c.obj
                0x10002270                xosc_init
 .text.runtime_init
                0x10002298       0xf0 CMakeFiles/trackpad_test.dir/C_/Users/matti/Pico/pico-sdk/src/rp2_common/pico_runtime/runtime.c.obj
                0x10002298                runtime_init
 .text._exit    0x10002388        0x4 CMakeFiles/trackpad_test.dir/C_/Users/matti/Pico/pico-sdk/src/rp2_common/pico_runtime/runtime.c.obj
                0x10002388                _exit
 .text.exit     0x1000238c        0x8 CMakeFiles/trackpad_test.dir/C_/Users/matti/Pico/pico-sdk/src/rp2_common/pico_runtime/runtime.c.obj
                0x1000238c                exit
 .text.panic    0x10002394       0x30 CMakeFiles/trackpad_test.dir/C_/Users/matti/Pico/pico-sdk/src/rp2_common/pico_runtime/runtime.c.obj
                0x10002394                panic
 .text.hard_assertion_failure
                0x100023c4        0xc CMakeFiles/trackpad_test.dir/C_/Users/matti/Pico/pico-sdk/src/rp2_common/pico_runtime/runtime.c.obj
                0x100023c4                hard_assertion_failure
 .text._out_char
                0x100023d0       0x10 CMakeFiles/trackpad_test.dir/C_/Users/matti/Pico/pico-sdk/src/rp2_common/pico_printf/printf.c.obj
 .text.weak_raw_vprintf
                0x100023e0       0x30 CMakeFiles/trackpad_test.dir/C_/Users/matti/Pico/pico-sdk/src/rp2_common/pico_printf/printf.c.obj
                0x100023e0                weak_raw_vprintf
 .text          0x10002410       0x10 CMakeFiles/trackpad_test.dir/C_/Users/matti/Pico/pico-sdk/src/rp2_common/pico_bit_ops/bit_ops_aeabi.S.obj
 .text.rom_func_lookup
                0x10002420       0x10 CMakeFiles/trackpad_test.dir/C_/Users/matti/Pico/pico-sdk/src/rp2_common/pico_bootrom/bootrom.c.obj
                0x10002420                rom_func_lookup
 .text.rom_data_lookup
                0x10002430       0x10 CMakeFiles/trackpad_test.dir/C_/Users/matti/Pico/pico-sdk/src/rp2_common/pico_bootrom/bootrom.c.obj
                0x10002430                rom_data_lookup
 .text.rom_funcs_lookup
                0x10002440       0x44 CMakeFiles/trackpad_test.dir/C_/Users/matti/Pico/pico-sdk/src/rp2_common/pico_bootrom/bootrom.c.obj
                0x10002440                rom_funcs_lookup
 .text.__wrap___aeabi_idiv
                0x10002484       0x50 CMakeFiles/trackpad_test.dir/C_/Users/matti/Pico/pico-sdk/src/rp2_common/pico_divider/divider.S.obj
                0x10002484                __wrap___aeabi_idivmod
                0x10002484                divmod_s32s32
                0x10002484                div_s32s32
                0x10002484                __wrap___aeabi_idiv
                0x1000248c                divmod_s32s32_unsafe
                0x100024b8                divmod_s32s32_savestate
 .text.__wrap___aeabi_uidiv
                0x100024d4       0x4c CMakeFiles/trackpad_test.dir/C_/Users/matti/Pico/pico-sdk/src/rp2_common/pico_divider/divider.S.obj
                0x100024d4                __wrap___aeabi_uidiv
                0x100024d4                __wrap___aeabi_uidivmod
                0x100024d4                div_u32u32
                0x100024d4                divmod_u32u32
                0x100024dc                divmod_u32u32_unsafe
                0x10002504                divmod_u32u32_savestate
 .text.__aeabi_double_init
                0x10002520       0x94 CMakeFiles/trackpad_test.dir/C_/Users/matti/Pico/pico-sdk/src/rp2_common/pico_double/double_init_rom.c.obj
                0x10002520                __aeabi_double_init
 .text.double_table_shim_on_use_helper
                0x100025b4       0x2c CMakeFiles/trackpad_test.dir/C_/Users/matti/Pico/pico-sdk/src/rp2_common/pico_double/double_v1_rom_shim.S.obj
                0x100025b4                double_table_shim_on_use_helper
 .text.__wrap___aeabi_farithmetic
                0x100025e0       0x48 CMakeFiles/trackpad_test.dir/C_/Users/matti/Pico/pico-sdk/src/rp2_common/pico_float/float_aeabi.S.obj
                0x100025e0                __wrap___aeabi_frsub
                0x100025e6                __wrap___aeabi_fsub
                0x100025ec                __wrap___aeabi_fadd
                0x100025f2                __wrap___aeabi_fdiv
                0x1000261a                __wrap___aeabi_fmul
 .text.__wrap___aeabi_ui2f
                0x10002628        0xa CMakeFiles/trackpad_test.dir/C_/Users/matti/Pico/pico-sdk/src/rp2_common/pico_float/float_aeabi.S.obj
                0x10002628                __wrap___aeabi_ui2f
 *fill*         0x10002632        0x2 
 .text.__wrap___aeabi_i2f
                0x10002634       0x44 CMakeFiles/trackpad_test.dir/C_/Users/matti/Pico/pico-sdk/src/rp2_common/pico_float/float_aeabi.S.obj
                0x10002634                __wrap___aeabi_i2f
 .text.__wrap___aeabi_f2uiz
                0x10002678        0xc CMakeFiles/trackpad_test.dir/C_/Users/matti/Pico/pico-sdk/src/rp2_common/pico_float/float_aeabi.S.obj
                0x10002678                __wrap___aeabi_f2uiz
 .text.__aeabi_float_init
                0x10002684       0x64 CMakeFiles/trackpad_test.dir/C_/Users/matti/Pico/pico-sdk/src/rp2_common/pico_float/float_init_rom.c.obj
                0x10002684                __aeabi_float_init
 .text.float_table_shim_on_use_helper
                0x100026e8       0x2c CMakeFiles/trackpad_test.dir/C_/Users/matti/Pico/pico-sdk/src/rp2_common/pico_float/float_v1_rom_shim.S.obj
                0x100026e8                float_table_shim_on_use_helper
 .text          0x10002714       0x10 CMakeFiles/trackpad_test.dir/C_/Users/matti/Pico/pico-sdk/src/rp2_common/pico_mem_ops/mem_ops_aeabi.S.obj
                0x10002714                __aeabi_mem_init
 .text.memcpy   0x10002724        0xc CMakeFiles/trackpad_test.dir/C_/Users/matti/Pico/pico-sdk/src/rp2_common/pico_mem_ops/mem_ops_aeabi.S.obj
                0x10002724                __wrap_memcpy
                0x10002724                __wrap___aeabi_memcpy
 .text.stdio_out_chars_no_crlf
                0x10002730       0x10 CMakeFiles/trackpad_test.dir/C_/Users/matti/Pico/pico-sdk/src/rp2_common/pico_stdio/stdio.c.obj
 .text.stdio_out_chars_crlf
                0x10002740       0xb4 CMakeFiles/trackpad_test.dir/C_/Users/matti/Pico/pico-sdk/src/rp2_common/pico_stdio/stdio.c.obj
 .text.stdio_put_string.isra.0
                0x100027f4       0xfc CMakeFiles/trackpad_test.dir/C_/Users/matti/Pico/pico-sdk/src/rp2_common/pico_stdio/stdio.c.obj
 .text.__wrap_putchar
                0x100028f0       0x98 CMakeFiles/trackpad_test.dir/C_/Users/matti/Pico/pico-sdk/src/rp2_common/pico_stdio/stdio.c.obj
                0x100028f0                __wrap_putchar
 .text.__wrap_puts
                0x10002988       0x3c CMakeFiles/trackpad_test.dir/C_/Users/matti/Pico/pico-sdk/src/rp2_common/pico_stdio/stdio.c.obj
                0x10002988                __wrap_puts
 .text.stdio_set_driver_enabled
                0x100029c4       0x30 CMakeFiles/trackpad_test.dir/C_/Users/matti/Pico/pico-sdk/src/rp2_common/pico_stdio/stdio.c.obj
                0x100029c4                stdio_set_driver_enabled
 .text.stdio_init_all
                0x100029f4        0xc CMakeFiles/trackpad_test.dir/C_/Users/matti/Pico/pico-sdk/src/rp2_common/pico_stdio/stdio.c.obj
                0x100029f4                stdio_init_all
 .text.stdio_uart_out_chars
                0x10002a00       0x4c CMakeFiles/trackpad_test.dir/C_/Users/matti/Pico/pico-sdk/src/rp2_common/pico_stdio_uart/stdio_uart.c.obj
 .text.stdio_uart_in_chars
                0x10002a4c       0x84 CMakeFiles/trackpad_test.dir/C_/Users/matti/Pico/pico-sdk/src/rp2_common/pico_stdio_uart/stdio_uart.c.obj
                0x10002a4c                stdio_uart_in_chars
 .text.on_uart_rx
                0x10002ad0       0x28 CMakeFiles/trackpad_test.dir/C_/Users/matti/Pico/pico-sdk/src/rp2_common/pico_stdio_uart/stdio_uart.c.obj
 .text.stdio_uart_set_chars_available_callback
                0x10002af8       0x8c CMakeFiles/trackpad_test.dir/C_/Users/matti/Pico/pico-sdk/src/rp2_common/pico_stdio_uart/stdio_uart.c.obj
 .text.stdio_uart_init
                0x10002b84       0x48 CMakeFiles/trackpad_test.dir/C_/Users/matti/Pico/pico-sdk/src/rp2_common/pico_stdio_uart/stdio_uart.c.obj
                0x10002b84                stdio_uart_init
 .text.pio_add_program
                0x10002bcc       0xc8 CMakeFiles/trackpad_test.dir/C_/Users/matti/Pico/pico-sdk/src/rp2_common/hardware_pio/pio.c.obj
                0x10002bcc                pio_add_program
 .text.pio_sm_set_consecutive_pindirs
                0x10002c94       0xb0 CMakeFiles/trackpad_test.dir/C_/Users/matti/Pico/pico-sdk/src/rp2_common/hardware_pio/pio.c.obj
                0x10002c94                pio_sm_set_consecutive_pindirs
 .text.pio_sm_init
                0x10002d44       0x8c CMakeFiles/trackpad_test.dir/C_/Users/matti/Pico/pico-sdk/src/rp2_common/hardware_pio/pio.c.obj
                0x10002d44                pio_sm_init
 .text.adc_init
                0x10002dd0       0x38 CMakeFiles/trackpad_test.dir/C_/Users/matti/Pico/pico-sdk/src/rp2_common/hardware_adc/adc.c.obj
                0x10002dd0                adc_init
 .text.strlen   0x10002e08       0x5c c:/progra~2/gnuarm~1/102021~1.10/bin/../lib/gcc/arm-none-eabi/10.3.1/../../../../arm-none-eabi/lib/thumb/v6-m/nofp\libc.a(lib_a-strlen-stub.o)
                0x10002e08                strlen
 *(.fini)
 .fini          0x10002e64        0x4 c:/progra~2/gnuarm~1/102021~1.10/bin/../lib/gcc/arm-none-eabi/10.3.1/thumb/v6-m/nofp/crti.o
                0x10002e64                _fini
 .fini.__stub   0x10002e68       0x30 linker stubs
 *crtbegin.o(.ctors)
 *crtbegin?.o(.ctors)
 *(EXCLUDE_FILE(*crtend.o *crtend?.o) .ctors)
 *(SORT_BY_NAME(.ctors.*))
 *(.ctors)
 *crtbegin.o(.dtors)
 *crtbegin?.o(.dtors)
 *(EXCLUDE_FILE(*crtend.o *crtend?.o) .dtors)
 *(SORT_BY_NAME(.dtors.*))
 *(.dtors)
 *(.eh_frame*)
 .eh_frame      0x10002e98        0x0 c:/progra~2/gnuarm~1/102021~1.10/bin/../lib/gcc/arm-none-eabi/10.3.1/thumb/v6-m/nofp/crtbegin.o
                0x10002e98                . = ALIGN (0x4)

.glue_7         0x10002e98        0x0
 .glue_7        0x10002e98        0x0 linker stubs

.glue_7t        0x10002e98        0x0
 .glue_7t       0x10002e98        0x0 linker stubs

.vfp11_veneer   0x10002e98        0x0
 .vfp11_veneer  0x10002e98        0x0 linker stubs

.v4_bx          0x10002e98        0x0
 .v4_bx         0x10002e98        0x0 linker stubs

.iplt           0x10002e98        0x0
 .iplt          0x10002e98        0x0 c:/progra~2/gnuarm~1/102021~1.10/bin/../lib/gcc/arm-none-eabi/10.3.1/thumb/v6-m/nofp/crtbegin.o

.rodata         0x10002e98      0x160
 *(EXCLUDE_FILE(*libm.a: *libc.a:*lib_a-mem*.o *libgcc.a:) .rodata*)
 .rodata.hsync_program
                0x10002e98        0x6 CMakeFiles/trackpad_test.dir/vga_graphics.c.obj
 *fill*         0x10002e9e        0x2 
 .rodata.hsync_program_instructions
                0x10002ea0       0x12 CMakeFiles/trackpad_test.dir/vga_graphics.c.obj
 *fill*         0x10002eb2        0x2 
 .rodata.rgb_program
                0x10002eb4        0x6 CMakeFiles/trackpad_test.dir/vga_graphics.c.obj
 *fill*         0x10002eba        0x2 
 .rodata.rgb_program_instructions
                0x10002ebc       0x12 CMakeFiles/trackpad_test.dir/vga_graphics.c.obj
 *fill*         0x10002ece        0x2 
 .rodata.vsync_program
                0x10002ed0        0x6 CMakeFiles/trackpad_test.dir/vga_graphics.c.obj
 *fill*         0x10002ed6        0x2 
 .rodata.vsync_program_instructions
                0x10002ed8       0x1c CMakeFiles/trackpad_test.dir/vga_graphics.c.obj
 .rodata.hardware_alarm_claim.str1.4
                0x10002ef4       0x22 CMakeFiles/trackpad_test.dir/C_/Users/matti/Pico/pico-sdk/src/rp2_common/hardware_timer/timer.c.obj
 *fill*         0x10002f16        0x2 
 .rodata.panic.str1.4
                0x10002f18       0x12 CMakeFiles/trackpad_test.dir/C_/Users/matti/Pico/pico-sdk/src/rp2_common/pico_runtime/runtime.c.obj
 *fill*         0x10002f2a        0x2 
 .rodata.hard_assertion_failure.str1.4
                0x10002f2c        0xc CMakeFiles/trackpad_test.dir/C_/Users/matti/Pico/pico-sdk/src/rp2_common/pico_runtime/runtime.c.obj
 .rodata.str1.4
                0x10002f38       0x44 CMakeFiles/trackpad_test.dir/C_/Users/matti/Pico/pico-sdk/src/rp2_common/pico_standard_link/binary_info.c.obj
 .rodata.__bi_44
                0x10002f7c        0xc CMakeFiles/trackpad_test.dir/C_/Users/matti/Pico/pico-sdk/src/rp2_common/pico_standard_link/binary_info.c.obj
 .rodata.__bi_75
                0x10002f88        0xc CMakeFiles/trackpad_test.dir/C_/Users/matti/Pico/pico-sdk/src/rp2_common/pico_standard_link/binary_info.c.obj
 .rodata.__bi_81
                0x10002f94        0xc CMakeFiles/trackpad_test.dir/C_/Users/matti/Pico/pico-sdk/src/rp2_common/pico_standard_link/binary_info.c.obj
 .rodata.crlf_str.0
                0x10002fa0        0x2 CMakeFiles/trackpad_test.dir/C_/Users/matti/Pico/pico-sdk/src/rp2_common/pico_stdio/stdio.c.obj
 *fill*         0x10002fa2        0x2 
 .rodata.str1.4
                0x10002fa4       0x2c CMakeFiles/trackpad_test.dir/C_/Users/matti/Pico/pico-sdk/src/rp2_common/pico_stdio_uart/stdio_uart.c.obj
 .rodata.__bi_33.4
                0x10002fd0        0xc CMakeFiles/trackpad_test.dir/C_/Users/matti/Pico/pico-sdk/src/rp2_common/pico_stdio_uart/stdio_uart.c.obj
 .rodata.__bi_34.5
                0x10002fdc        0x8 CMakeFiles/trackpad_test.dir/C_/Users/matti/Pico/pico-sdk/src/rp2_common/pico_stdio_uart/stdio_uart.c.obj
 .rodata.pio_add_program.str1.4
                0x10002fe4       0x11 CMakeFiles/trackpad_test.dir/C_/Users/matti/Pico/pico-sdk/src/rp2_common/hardware_pio/pio.c.obj
                0x10002ff8                . = ALIGN (0x4)
 *fill*         0x10002ff5        0x3 
 *(SORT_BY_ALIGNMENT(SORT_BY_NAME(.flashdata*)))
                0x10002ff8                . = ALIGN (0x4)

.ARM.extab
 *(.ARM.extab* .gnu.linkonce.armextab.*)
                0x10002ff8                __exidx_start = .

.ARM.exidx
 *(.ARM.exidx* .gnu.linkonce.armexidx.*)
                0x10002ff8                __exidx_end = .
                0x10002ff8                . = ALIGN (0x4)
                0x10002ff8                __binary_info_start = .

.binary_info    0x10002ff8       0x24
 *(.binary_info.keep.*)
 .binary_info.keep.__bi_ptr22
                0x10002ff8        0x4 CMakeFiles/trackpad_test.dir/C_/Users/matti/Pico/pico-sdk/src/rp2_common/pico_standard_link/binary_info.c.obj
 .binary_info.keep.__bi_ptr30
                0x10002ffc        0x4 CMakeFiles/trackpad_test.dir/C_/Users/matti/Pico/pico-sdk/src/rp2_common/pico_standard_link/binary_info.c.obj
 .binary_info.keep.__bi_ptr38
                0x10003000        0x4 CMakeFiles/trackpad_test.dir/C_/Users/matti/Pico/pico-sdk/src/rp2_common/pico_standard_link/binary_info.c.obj
 .binary_info.keep.__bi_ptr44
                0x10003004        0x4 CMakeFiles/trackpad_test.dir/C_/Users/matti/Pico/pico-sdk/src/rp2_common/pico_standard_link/binary_info.c.obj
 .binary_info.keep.__bi_ptr50
                0x10003008        0x4 CMakeFiles/trackpad_test.dir/C_/Users/matti/Pico/pico-sdk/src/rp2_common/pico_standard_link/binary_info.c.obj
 .binary_info.keep.__bi_ptr75
                0x1000300c        0x4 CMakeFiles/trackpad_test.dir/C_/Users/matti/Pico/pico-sdk/src/rp2_common/pico_standard_link/binary_info.c.obj
 .binary_info.keep.__bi_ptr81
                0x10003010        0x4 CMakeFiles/trackpad_test.dir/C_/Users/matti/Pico/pico-sdk/src/rp2_common/pico_standard_link/binary_info.c.obj
 *(.binary_info.*)
 .binary_info.__bi_ptr33
                0x10003014        0x4 CMakeFiles/trackpad_test.dir/C_/Users/matti/Pico/pico-sdk/src/rp2_common/pico_stdio_uart/stdio_uart.c.obj
 .binary_info.__bi_ptr34
                0x10003018        0x4 CMakeFiles/trackpad_test.dir/C_/Users/matti/Pico/pico-sdk/src/rp2_common/pico_stdio_uart/stdio_uart.c.obj
                0x1000301c                __binary_info_end = .

.rel.dyn        0x1000301c        0x0
 .rel.iplt      0x1000301c        0x0 c:/progra~2/gnuarm~1/102021~1.10/bin/../lib/gcc/arm-none-eabi/10.3.1/thumb/v6-m/nofp/crtbegin.o
                0x1000301c                . = ALIGN (0x4)

.ram_vector_table
                0x20000000       0xc0
 *(.ram_vector_table)
 .ram_vector_table
                0x20000000       0xc0 CMakeFiles/trackpad_test.dir/C_/Users/matti/Pico/pico-sdk/src/rp2_common/pico_runtime/runtime.c.obj
                0x20000000                ram_vector_table

.data           0x200000c0      0x1a4 load address 0x1000301c
                0x200000c0                __data_start__ = .
 *(vtable)
 *(.time_critical*)
 .time_critical.mutex_try_enter_block_until
                0x200000c0       0x9c CMakeFiles/trackpad_test.dir/C_/Users/matti/Pico/pico-sdk/src/common/pico_sync/mutex.c.obj
                0x200000c0                mutex_try_enter_block_until
 .time_critical.mutex_exit
                0x2000015c       0x28 CMakeFiles/trackpad_test.dir/C_/Users/matti/Pico/pico-sdk/src/common/pico_sync/mutex.c.obj
                0x2000015c                mutex_exit
 *(.text*)
 .text          0x20000184        0x4 c:/progra~2/gnuarm~1/102021~1.10/bin/../lib/gcc/arm-none-eabi/10.3.1/thumb/v6-m/nofp\libgcc.a(_dvmd_tls.o)
                0x20000184                __aeabi_idiv0
                0x20000184                __aeabi_ldiv0
 .text.__stub   0x20000188       0x10 linker stubs
                0x20000198                . = ALIGN (0x4)
 *(.rodata*)
                0x20000198                . = ALIGN (0x4)
 *(.data*)
 .data.address_pointer
                0x20000198        0x4 CMakeFiles/trackpad_test.dir/vga_graphics.c.obj
                0x20000198                address_pointer
 .data.striped_spin_lock_num
                0x2000019c        0x1 CMakeFiles/trackpad_test.dir/C_/Users/matti/Pico/pico-sdk/src/rp2_common/hardware_sync/sync.c.obj
 *fill*         0x2000019d        0x3 
 .data          0x200001a0       0x48 CMakeFiles/trackpad_test.dir/C_/Users/matti/Pico/pico-sdk/src/rp2_common/hardware_irq/irq_handler_chain.S.obj
                0x200001a0                irq_handler_chain_slots
                0x200001d0                irq_handler_chain_first_slot
                0x200001da                irq_handler_chain_remove_tail
 .data.default_alarm_pool
                0x200001e8       0x18 CMakeFiles/trackpad_test.dir/C_/Users/matti/Pico/pico-sdk/src/common/pico_time/time.c.obj
 .data.default_alarm_pool_heap
                0x20000200       0x10 CMakeFiles/trackpad_test.dir/C_/Users/matti/Pico/pico-sdk/src/common/pico_time/time.c.obj
 .data.aeabi_bits_funcs
                0x20000210       0x10 CMakeFiles/trackpad_test.dir/C_/Users/matti/Pico/pico-sdk/src/rp2_common/pico_bit_ops/bit_ops_aeabi.S.obj
                0x20000210                aeabi_bits_funcs
                0x20000220                aeabi_bits_funcs_end
 .data.aeabi_mem_funcs
                0x20000220       0x10 CMakeFiles/trackpad_test.dir/C_/Users/matti/Pico/pico-sdk/src/rp2_common/pico_mem_ops/mem_ops_aeabi.S.obj
                0x20000220                aeabi_mem_funcs
                0x20000230                aeabi_mem_funcs_end
 .data.stdio_uart
                0x20000230       0x18 CMakeFiles/trackpad_test.dir/C_/Users/matti/Pico/pico-sdk/src/rp2_common/pico_stdio_uart/stdio_uart.c.obj
                0x20000230                stdio_uart
                0x20000248                . = ALIGN (0x4)
 *(.after_data.*)
                0x20000248                . = ALIGN (0x4)
                0x20000248                PROVIDE (__mutex_array_start = .)
 *(SORT_BY_NAME(.mutex_array.*))
 *(.mutex_array)
 .mutex_array   0x20000248        0x8 CMakeFiles/trackpad_test.dir/C_/Users/matti/Pico/pico-sdk/src/rp2_common/pico_stdio/stdio.c.obj
                0x20000250                PROVIDE (__mutex_array_end = .)
                0x20000250                . = ALIGN (0x4)
                0x20000250                PROVIDE (__preinit_array_start = .)
 *(SORT_BY_NAME(.preinit_array.*))
 .preinit_array.00001
                0x20000250        0x4 CMakeFiles/trackpad_test.dir/C_/Users/matti/Pico/pico-sdk/src/rp2_common/pico_mem_ops/mem_ops_aeabi.S.obj
 .preinit_array.00010
                0x20000254        0x4 CMakeFiles/trackpad_test.dir/C_/Users/matti/Pico/pico-sdk/src/rp2_common/pico_bit_ops/bit_ops_aeabi.S.obj
 .preinit_array.00020
                0x20000258        0x4 CMakeFiles/trackpad_test.dir/C_/Users/matti/Pico/pico-sdk/src/rp2_common/pico_double/double_aeabi.S.obj
 .preinit_array.00020
                0x2000025c        0x4 CMakeFiles/trackpad_test.dir/C_/Users/matti/Pico/pico-sdk/src/rp2_common/pico_float/float_aeabi.S.obj
 *(.preinit_array)
                0x20000260                PROVIDE (__preinit_array_end = .)
                0x20000260                . = ALIGN (0x4)
                0x20000260                PROVIDE (__init_array_start = .)
 *(SORT_BY_NAME(.init_array.*))
 *(.init_array)
 .init_array    0x20000260        0x4 c:/progra~2/gnuarm~1/102021~1.10/bin/../lib/gcc/arm-none-eabi/10.3.1/thumb/v6-m/nofp/crtbegin.o
                0x20000264                PROVIDE (__init_array_end = .)
                0x20000264                . = ALIGN (0x4)
                [!provide]                PROVIDE (__fini_array_start = .)
 *(SORT_BY_NAME(.fini_array.*))
 *(.fini_array)
                [!provide]                PROVIDE (__fini_array_end = .)
 *(.jcr)
                0x20000264                . = ALIGN (0x4)
                0x20000264                __data_end__ = .
                0x1000301c                __etext = LOADADDR (.data)

.igot.plt       0x20000264        0x0 load address 0x100031c0
 .igot.plt      0x20000264        0x0 c:/progra~2/gnuarm~1/102021~1.10/bin/../lib/gcc/arm-none-eabi/10.3.1/thumb/v6-m/nofp/crtbegin.o

.uninitialized_data
                0x20000264        0x0 load address 0x100031c0
                0x20000264                . = ALIGN (0x4)
 *(.uninitialized_data*)

.scratch_x      0x20040000        0x0 load address 0x100031c0
                0x20040000                __scratch_x_start__ = .
 *(.scratch_x.*)
                0x20040000                . = ALIGN (0x4)
                0x20040000                __scratch_x_end__ = .
                0x100031c0                __scratch_x_source__ = LOADADDR (.scratch_x)

.scratch_y      0x20041000        0x0 load address 0x100031c0
                0x20041000                __scratch_y_start__ = .
 *(.scratch_y.*)
                0x20041000                . = ALIGN (0x4)
                0x20041000                __scratch_y_end__ = .
                0x100031c0                __scratch_y_source__ = LOADADDR (.scratch_y)

.bss            0x20000268    0x25c84
                0x20000268                . = ALIGN (0x4)
                0x20000268                __bss_start__ = .
 *(SORT_BY_ALIGNMENT(SORT_BY_NAME(.bss*)))
 .bss.default_alarm_pool_entries
                0x20000268      0x100 CMakeFiles/trackpad_test.dir/C_/Users/matti/Pico/pico-sdk/src/common/pico_time/time.c.obj
 .bss.sd_table  0x20000368      0x100 CMakeFiles/trackpad_test.dir/C_/Users/matti/Pico/pico-sdk/src/rp2_common/pico_double/double_init_rom.c.obj
                0x20000368                sd_table
 .bss.sf_table  0x20000468      0x100 CMakeFiles/trackpad_test.dir/C_/Users/matti/Pico/pico-sdk/src/rp2_common/pico_float/float_init_rom.c.obj
                0x20000468                sf_table
 .bss           0x20000568       0x1c c:/progra~2/gnuarm~1/102021~1.10/bin/../lib/gcc/arm-none-eabi/10.3.1/thumb/v6-m/nofp/crtbegin.o
 .bss._used_instruction_space
                0x20000584        0x8 CMakeFiles/trackpad_test.dir/C_/Users/matti/Pico/pico-sdk/src/rp2_common/hardware_pio/pio.c.obj
 .bss.adc_x_raw
                0x2000058c        0x4 CMakeFiles/trackpad_test.dir/trackpad.c.obj
                0x2000058c                adc_x_raw
 .bss.adc_y_raw
                0x20000590        0x4 CMakeFiles/trackpad_test.dir/trackpad.c.obj
                0x20000590                adc_y_raw
 .bss.alarm_callbacks
                0x20000594       0x10 CMakeFiles/trackpad_test.dir/C_/Users/matti/Pico/pico-sdk/src/rp2_common/hardware_timer/timer.c.obj
 .bss.chars_available_callback
                0x200005a4        0x4 CMakeFiles/trackpad_test.dir/C_/Users/matti/Pico/pico-sdk/src/rp2_common/pico_stdio_uart/stdio_uart.c.obj
 .bss.chars_available_param
                0x200005a8        0x4 CMakeFiles/trackpad_test.dir/C_/Users/matti/Pico/pico-sdk/src/rp2_common/pico_stdio_uart/stdio_uart.c.obj
 .bss.chooser   0x200005ac        0x4 CMakeFiles/trackpad_test.dir/trackpad.c.obj
                0x200005ac                chooser
 .bss.configured_freq
                0x200005b0       0x28 CMakeFiles/trackpad_test.dir/C_/Users/matti/Pico/pico-sdk/src/rp2_common/hardware_clocks/clocks.c.obj
 .bss.default_alarm_pool_entry_ids_high
                0x200005d8       0x10 CMakeFiles/trackpad_test.dir/C_/Users/matti/Pico/pico-sdk/src/common/pico_time/time.c.obj
 .bss.default_alarm_pool_heap_nodes
                0x200005e8       0x30 CMakeFiles/trackpad_test.dir/C_/Users/matti/Pico/pico-sdk/src/common/pico_time/time.c.obj
 .bss.drivers   0x20000618        0x4 CMakeFiles/trackpad_test.dir/C_/Users/matti/Pico/pico-sdk/src/rp2_common/pico_stdio/stdio.c.obj
 .bss.filter    0x2000061c        0x4 CMakeFiles/trackpad_test.dir/C_/Users/matti/Pico/pico-sdk/src/rp2_common/pico_stdio/stdio.c.obj
 .bss.lazy_vsnprintf
                0x20000620        0x4 CMakeFiles/trackpad_test.dir/C_/Users/matti/Pico/pico-sdk/src/rp2_common/pico_printf/printf.c.obj
 .bss.pools     0x20000624       0x10 CMakeFiles/trackpad_test.dir/C_/Users/matti/Pico/pico-sdk/src/common/pico_time/time.c.obj
 .bss.sf_clz_func
                0x20000634        0x4 CMakeFiles/trackpad_test.dir/C_/Users/matti/Pico/pico-sdk/src/rp2_common/pico_double/double_init_rom.c.obj
                0x20000634                sf_clz_func
 .bss.sleep_notifier
                0x20000638        0x4 CMakeFiles/trackpad_test.dir/C_/Users/matti/Pico/pico-sdk/src/common/pico_time/time.c.obj
 .bss.target_hi
                0x2000063c       0x10 CMakeFiles/trackpad_test.dir/C_/Users/matti/Pico/pico-sdk/src/rp2_common/hardware_timer/timer.c.obj
 .bss.uart_char_to_line_feed
                0x2000064c        0x4 CMakeFiles/trackpad_test.dir/C_/Users/matti/Pico/pico-sdk/src/rp2_common/hardware_uart/uart.c.obj
                0x2000064c                uart_char_to_line_feed
 .bss.uart_instance
                0x20000650        0x4 CMakeFiles/trackpad_test.dir/C_/Users/matti/Pico/pico-sdk/src/rp2_common/pico_stdio_uart/stdio_uart.c.obj
 .bss.vga_data_array
                0x20000654    0x25800 CMakeFiles/trackpad_test.dir/vga_graphics.c.obj
                0x20000654                vga_data_array
 .bss.xarray    0x20025e54       0x40 CMakeFiles/trackpad_test.dir/trackpad.c.obj
                0x20025e54                xarray
 .bss.xout      0x20025e94        0x4 CMakeFiles/trackpad_test.dir/trackpad.c.obj
                0x20025e94                xout
 .bss.xret      0x20025e98        0x4 CMakeFiles/trackpad_test.dir/trackpad.c.obj
                0x20025e98                xret
 .bss.yarray    0x20025e9c       0x40 CMakeFiles/trackpad_test.dir/trackpad.c.obj
                0x20025e9c                yarray
 .bss.yout      0x20025edc        0x4 CMakeFiles/trackpad_test.dir/trackpad.c.obj
                0x20025edc                yout
 .bss.yret      0x20025ee0        0x4 CMakeFiles/trackpad_test.dir/trackpad.c.obj
                0x20025ee0                yret
 .bss.claimed   0x20025ee4        0x1 CMakeFiles/trackpad_test.dir/C_/Users/matti/Pico/pico-sdk/src/rp2_common/hardware_timer/timer.c.obj
 .bss.irq_hander_chain_free_slot_head
                0x20025ee5        0x1 CMakeFiles/trackpad_test.dir/C_/Users/matti/Pico/pico-sdk/src/rp2_common/hardware_irq/irq.c.obj
 .bss.timer_callbacks_pending
                0x20025ee6        0x1 CMakeFiles/trackpad_test.dir/C_/Users/matti/Pico/pico-sdk/src/rp2_common/hardware_timer/timer.c.obj
 .bss.xpointer  0x20025ee7        0x1 CMakeFiles/trackpad_test.dir/trackpad.c.obj
                0x20025ee7                xpointer
 .bss.ypointer  0x20025ee8        0x1 CMakeFiles/trackpad_test.dir/trackpad.c.obj
                0x20025ee8                ypointer
 *(COMMON)
                0x20025eec                . = ALIGN (0x4)
 *fill*         0x20025ee9        0x3 
                0x20025eec                __bss_end__ = .

.heap           0x20025eec      0x800
                0x20025eec                __end__ = .
                0x20025eec                end = __end__
 *(.heap*)
 .heap          0x20025eec      0x800 CMakeFiles/trackpad_test.dir/C_/Users/matti/Pico/pico-sdk/src/rp2_common/pico_standard_link/crt0.S.obj
                0x200266ec                __HeapLimit = .

.stack1_dummy   0x20040000        0x0
 *(.stack1*)

.stack_dummy    0x20041000      0x800
 *(.stack*)
 .stack         0x20041000      0x800 CMakeFiles/trackpad_test.dir/C_/Users/matti/Pico/pico-sdk/src/rp2_common/pico_standard_link/crt0.S.obj

.flash_end      0x100031c0        0x0
                0x100031c0                PROVIDE (__flash_binary_end = .)
                0x20040000                __StackLimit = (ORIGIN (RAM) + LENGTH (RAM))
                0x20041000                __StackOneTop = (ORIGIN (SCRATCH_X) + LENGTH (SCRATCH_X))
                0x20042000                __StackTop = (ORIGIN (SCRATCH_Y) + LENGTH (SCRATCH_Y))
                0x20041000                __StackOneBottom = (__StackOneTop - SIZEOF (.stack1_dummy))
                0x20041800                __StackBottom = (__StackTop - SIZEOF (.stack_dummy))
                0x20042000                PROVIDE (__stack = __StackTop)
                0x00000001                ASSERT ((__StackLimit >= __HeapLimit), region RAM overflowed)
                0x00000001                ASSERT (((__binary_info_header_end - __logical_binary_start) <= 0x100), Binary info must be in first 256 bytes of the binary)
LOAD CMakeFiles/trackpad_test.dir/trackpad.c.obj
LOAD CMakeFiles/trackpad_test.dir/vga_graphics.c.obj
LOAD CMakeFiles/trackpad_test.dir/C_/Users/matti/Pico/pico-sdk/src/rp2_common/pico_stdlib/stdlib.c.obj
LOAD CMakeFiles/trackpad_test.dir/C_/Users/matti/Pico/pico-sdk/src/rp2_common/hardware_gpio/gpio.c.obj
LOAD CMakeFiles/trackpad_test.dir/C_/Users/matti/Pico/pico-sdk/src/rp2_common/pico_platform/platform.c.obj
LOAD CMakeFiles/trackpad_test.dir/C_/Users/matti/Pico/pico-sdk/src/rp2_common/hardware_claim/claim.c.obj
LOAD CMakeFiles/trackpad_test.dir/C_/Users/matti/Pico/pico-sdk/src/rp2_common/hardware_sync/sync.c.obj
LOAD CMakeFiles/trackpad_test.dir/C_/Users/matti/Pico/pico-sdk/src/rp2_common/hardware_irq/irq.c.obj
LOAD CMakeFiles/trackpad_test.dir/C_/Users/matti/Pico/pico-sdk/src/rp2_common/hardware_irq/irq_handler_chain.S.obj
LOAD CMakeFiles/trackpad_test.dir/C_/Users/matti/Pico/pico-sdk/src/common/pico_sync/sem.c.obj
LOAD CMakeFiles/trackpad_test.dir/C_/Users/matti/Pico/pico-sdk/src/common/pico_sync/lock_core.c.obj
LOAD CMakeFiles/trackpad_test.dir/C_/Users/matti/Pico/pico-sdk/src/common/pico_sync/mutex.c.obj
LOAD CMakeFiles/trackpad_test.dir/C_/Users/matti/Pico/pico-sdk/src/common/pico_sync/critical_section.c.obj
LOAD CMakeFiles/trackpad_test.dir/C_/Users/matti/Pico/pico-sdk/src/common/pico_time/time.c.obj
LOAD CMakeFiles/trackpad_test.dir/C_/Users/matti/Pico/pico-sdk/src/common/pico_time/timeout_helper.c.obj
LOAD CMakeFiles/trackpad_test.dir/C_/Users/matti/Pico/pico-sdk/src/rp2_common/hardware_timer/timer.c.obj
LOAD CMakeFiles/trackpad_test.dir/C_/Users/matti/Pico/pico-sdk/src/common/pico_util/datetime.c.obj
LOAD CMakeFiles/trackpad_test.dir/C_/Users/matti/Pico/pico-sdk/src/common/pico_util/pheap.c.obj
LOAD CMakeFiles/trackpad_test.dir/C_/Users/matti/Pico/pico-sdk/src/common/pico_util/queue.c.obj
LOAD CMakeFiles/trackpad_test.dir/C_/Users/matti/Pico/pico-sdk/src/rp2_common/hardware_uart/uart.c.obj
LOAD CMakeFiles/trackpad_test.dir/C_/Users/matti/Pico/pico-sdk/src/rp2_common/hardware_clocks/clocks.c.obj
LOAD CMakeFiles/trackpad_test.dir/C_/Users/matti/Pico/pico-sdk/src/rp2_common/hardware_pll/pll.c.obj
LOAD CMakeFiles/trackpad_test.dir/C_/Users/matti/Pico/pico-sdk/src/rp2_common/hardware_vreg/vreg.c.obj
LOAD CMakeFiles/trackpad_test.dir/C_/Users/matti/Pico/pico-sdk/src/rp2_common/hardware_watchdog/watchdog.c.obj
LOAD CMakeFiles/trackpad_test.dir/C_/Users/matti/Pico/pico-sdk/src/rp2_common/hardware_xosc/xosc.c.obj
LOAD CMakeFiles/trackpad_test.dir/C_/Users/matti/Pico/pico-sdk/src/rp2_common/hardware_divider/divider.S.obj
LOAD CMakeFiles/trackpad_test.dir/C_/Users/matti/Pico/pico-sdk/src/rp2_common/pico_runtime/runtime.c.obj
LOAD CMakeFiles/trackpad_test.dir/C_/Users/matti/Pico/pico-sdk/src/rp2_common/pico_printf/printf.c.obj
LOAD CMakeFiles/trackpad_test.dir/C_/Users/matti/Pico/pico-sdk/src/rp2_common/pico_bit_ops/bit_ops_aeabi.S.obj
LOAD CMakeFiles/trackpad_test.dir/C_/Users/matti/Pico/pico-sdk/src/rp2_common/pico_bootrom/bootrom.c.obj
LOAD CMakeFiles/trackpad_test.dir/C_/Users/matti/Pico/pico-sdk/src/rp2_common/pico_divider/divider.S.obj
LOAD CMakeFiles/trackpad_test.dir/C_/Users/matti/Pico/pico-sdk/src/rp2_common/pico_double/double_aeabi.S.obj
LOAD CMakeFiles/trackpad_test.dir/C_/Users/matti/Pico/pico-sdk/src/rp2_common/pico_double/double_init_rom.c.obj
LOAD CMakeFiles/trackpad_test.dir/C_/Users/matti/Pico/pico-sdk/src/rp2_common/pico_double/double_math.c.obj
LOAD CMakeFiles/trackpad_test.dir/C_/Users/matti/Pico/pico-sdk/src/rp2_common/pico_double/double_v1_rom_shim.S.obj
LOAD CMakeFiles/trackpad_test.dir/C_/Users/matti/Pico/pico-sdk/src/rp2_common/pico_int64_ops/pico_int64_ops_aeabi.S.obj
LOAD CMakeFiles/trackpad_test.dir/C_/Users/matti/Pico/pico-sdk/src/rp2_common/pico_float/float_aeabi.S.obj
LOAD CMakeFiles/trackpad_test.dir/C_/Users/matti/Pico/pico-sdk/src/rp2_common/pico_float/float_init_rom.c.obj
LOAD CMakeFiles/trackpad_test.dir/C_/Users/matti/Pico/pico-sdk/src/rp2_common/pico_float/float_math.c.obj
LOAD CMakeFiles/trackpad_test.dir/C_/Users/matti/Pico/pico-sdk/src/rp2_common/pico_float/float_v1_rom_shim.S.obj
LOAD CMakeFiles/trackpad_test.dir/C_/Users/matti/Pico/pico-sdk/src/rp2_common/pico_malloc/pico_malloc.c.obj
LOAD CMakeFiles/trackpad_test.dir/C_/Users/matti/Pico/pico-sdk/src/rp2_common/pico_mem_ops/mem_ops_aeabi.S.obj
LOAD CMakeFiles/trackpad_test.dir/C_/Users/matti/Pico/pico-sdk/src/rp2_common/pico_standard_link/crt0.S.obj
LOAD CMakeFiles/trackpad_test.dir/C_/Users/matti/Pico/pico-sdk/src/rp2_common/pico_standard_link/new_delete.cpp.obj
LOAD CMakeFiles/trackpad_test.dir/C_/Users/matti/Pico/pico-sdk/src/rp2_common/pico_standard_link/binary_info.c.obj
LOAD CMakeFiles/trackpad_test.dir/C_/Users/matti/Pico/pico-sdk/src/rp2_common/pico_stdio/stdio.c.obj
LOAD CMakeFiles/trackpad_test.dir/C_/Users/matti/Pico/pico-sdk/src/rp2_common/pico_stdio_uart/stdio_uart.c.obj
LOAD CMakeFiles/trackpad_test.dir/C_/Users/matti/Pico/pico-sdk/src/rp2_common/hardware_pio/pio.c.obj
LOAD CMakeFiles/trackpad_test.dir/C_/Users/matti/Pico/pico-sdk/src/rp2_common/hardware_dma/dma.c.obj
LOAD CMakeFiles/trackpad_test.dir/C_/Users/matti/Pico/pico-sdk/src/rp2_common/hardware_adc/adc.c.obj
LOAD C:\Users\matti\AppData\Local\Temp\ccGiuc01.o
LOAD c:/progra~2/gnuarm~1/102021~1.10/bin/../lib/gcc/arm-none-eabi/10.3.1/../../../../arm-none-eabi/lib/thumb/v6-m/nofp\libstdc++.a
LOAD c:/progra~2/gnuarm~1/102021~1.10/bin/../lib/gcc/arm-none-eabi/10.3.1/../../../../arm-none-eabi/lib/thumb/v6-m/nofp\libm.a
START GROUP
LOAD c:/progra~2/gnuarm~1/102021~1.10/bin/../lib/gcc/arm-none-eabi/10.3.1/thumb/v6-m/nofp\libgcc.a
LOAD c:/progra~2/gnuarm~1/102021~1.10/bin/../lib/gcc/arm-none-eabi/10.3.1/../../../../arm-none-eabi/lib/thumb/v6-m/nofp\libc.a
END GROUP
START GROUP
LOAD c:/progra~2/gnuarm~1/102021~1.10/bin/../lib/gcc/arm-none-eabi/10.3.1/thumb/v6-m/nofp\libgcc.a
LOAD c:/progra~2/gnuarm~1/102021~1.10/bin/../lib/gcc/arm-none-eabi/10.3.1/../../../../arm-none-eabi/lib/thumb/v6-m/nofp\libc.a
LOAD c:/progra~2/gnuarm~1/102021~1.10/bin/../lib/gcc/arm-none-eabi/10.3.1/../../../../arm-none-eabi/lib/thumb/v6-m/nofp\libnosys.a
END GROUP
LOAD c:/progra~2/gnuarm~1/102021~1.10/bin/../lib/gcc/arm-none-eabi/10.3.1/thumb/v6-m/nofp/crtend.o
LOAD c:/progra~2/gnuarm~1/102021~1.10/bin/../lib/gcc/arm-none-eabi/10.3.1/thumb/v6-m/nofp/crtn.o
OUTPUT(trackpad_test.elf elf32-littlearm)
LOAD linker stubs

.ARM.attributes
                0x00000000       0x28
 .ARM.attributes
                0x00000000       0x1e c:/progra~2/gnuarm~1/102021~1.10/bin/../lib/gcc/arm-none-eabi/10.3.1/thumb/v6-m/nofp/crti.o
 .ARM.attributes
                0x0000001e       0x2c c:/progra~2/gnuarm~1/102021~1.10/bin/../lib/gcc/arm-none-eabi/10.3.1/thumb/v6-m/nofp/crtbegin.o
 .ARM.attributes
                0x0000004a       0x2c CMakeFiles/trackpad_test.dir/trackpad.c.obj
 .ARM.attributes
                0x00000076       0x2c CMakeFiles/trackpad_test.dir/vga_graphics.c.obj
 .ARM.attributes
                0x000000a2       0x2c CMakeFiles/trackpad_test.dir/C_/Users/matti/Pico/pico-sdk/src/rp2_common/hardware_gpio/gpio.c.obj
 .ARM.attributes
                0x000000ce       0x2c CMakeFiles/trackpad_test.dir/C_/Users/matti/Pico/pico-sdk/src/rp2_common/pico_platform/platform.c.obj
 .ARM.attributes
                0x000000fa       0x2c CMakeFiles/trackpad_test.dir/C_/Users/matti/Pico/pico-sdk/src/rp2_common/hardware_claim/claim.c.obj
 .ARM.attributes
                0x00000126       0x2c CMakeFiles/trackpad_test.dir/C_/Users/matti/Pico/pico-sdk/src/rp2_common/hardware_sync/sync.c.obj
 .ARM.attributes
                0x00000152       0x2c CMakeFiles/trackpad_test.dir/C_/Users/matti/Pico/pico-sdk/src/rp2_common/hardware_irq/irq.c.obj
 .ARM.attributes
                0x0000017e       0x22 CMakeFiles/trackpad_test.dir/C_/Users/matti/Pico/pico-sdk/src/rp2_common/hardware_irq/irq_handler_chain.S.obj
 .ARM.attributes
                0x000001a0       0x2c CMakeFiles/trackpad_test.dir/C_/Users/matti/Pico/pico-sdk/src/common/pico_sync/lock_core.c.obj
 .ARM.attributes
                0x000001cc       0x2c CMakeFiles/trackpad_test.dir/C_/Users/matti/Pico/pico-sdk/src/common/pico_sync/mutex.c.obj
 .ARM.attributes
                0x000001f8       0x2c CMakeFiles/trackpad_test.dir/C_/Users/matti/Pico/pico-sdk/src/common/pico_time/time.c.obj
 .ARM.attributes
                0x00000224       0x2c CMakeFiles/trackpad_test.dir/C_/Users/matti/Pico/pico-sdk/src/rp2_common/hardware_timer/timer.c.obj
 .ARM.attributes
                0x00000250       0x2c CMakeFiles/trackpad_test.dir/C_/Users/matti/Pico/pico-sdk/src/common/pico_util/pheap.c.obj
 .ARM.attributes
                0x0000027c       0x2c CMakeFiles/trackpad_test.dir/C_/Users/matti/Pico/pico-sdk/src/rp2_common/hardware_uart/uart.c.obj
 .ARM.attributes
                0x000002a8       0x2c CMakeFiles/trackpad_test.dir/C_/Users/matti/Pico/pico-sdk/src/rp2_common/hardware_clocks/clocks.c.obj
 .ARM.attributes
                0x000002d4       0x2c CMakeFiles/trackpad_test.dir/C_/Users/matti/Pico/pico-sdk/src/rp2_common/hardware_pll/pll.c.obj
 .ARM.attributes
                0x00000300       0x2c CMakeFiles/trackpad_test.dir/C_/Users/matti/Pico/pico-sdk/src/rp2_common/hardware_watchdog/watchdog.c.obj
 .ARM.attributes
                0x0000032c       0x2c CMakeFiles/trackpad_test.dir/C_/Users/matti/Pico/pico-sdk/src/rp2_common/hardware_xosc/xosc.c.obj
 .ARM.attributes
                0x00000358       0x2c CMakeFiles/trackpad_test.dir/C_/Users/matti/Pico/pico-sdk/src/rp2_common/pico_runtime/runtime.c.obj
 .ARM.attributes
                0x00000384       0x2c CMakeFiles/trackpad_test.dir/C_/Users/matti/Pico/pico-sdk/src/rp2_common/pico_printf/printf.c.obj
 .ARM.attributes
                0x000003b0       0x22 CMakeFiles/trackpad_test.dir/C_/Users/matti/Pico/pico-sdk/src/rp2_common/pico_bit_ops/bit_ops_aeabi.S.obj
 .ARM.attributes
                0x000003d2       0x2c CMakeFiles/trackpad_test.dir/C_/Users/matti/Pico/pico-sdk/src/rp2_common/pico_bootrom/bootrom.c.obj
 .ARM.attributes
                0x000003fe       0x22 CMakeFiles/trackpad_test.dir/C_/Users/matti/Pico/pico-sdk/src/rp2_common/pico_divider/divider.S.obj
 .ARM.attributes
                0x00000420       0x22 CMakeFiles/trackpad_test.dir/C_/Users/matti/Pico/pico-sdk/src/rp2_common/pico_double/double_aeabi.S.obj
 .ARM.attributes
                0x00000442       0x2c CMakeFiles/trackpad_test.dir/C_/Users/matti/Pico/pico-sdk/src/rp2_common/pico_double/double_init_rom.c.obj
 .ARM.attributes
                0x0000046e       0x22 CMakeFiles/trackpad_test.dir/C_/Users/matti/Pico/pico-sdk/src/rp2_common/pico_double/double_v1_rom_shim.S.obj
 .ARM.attributes
                0x00000490       0x22 CMakeFiles/trackpad_test.dir/C_/Users/matti/Pico/pico-sdk/src/rp2_common/pico_float/float_aeabi.S.obj
 .ARM.attributes
                0x000004b2       0x2c CMakeFiles/trackpad_test.dir/C_/Users/matti/Pico/pico-sdk/src/rp2_common/pico_float/float_init_rom.c.obj
 .ARM.attributes
                0x000004de       0x22 CMakeFiles/trackpad_test.dir/C_/Users/matti/Pico/pico-sdk/src/rp2_common/pico_float/float_v1_rom_shim.S.obj
 .ARM.attributes
                0x00000500       0x22 CMakeFiles/trackpad_test.dir/C_/Users/matti/Pico/pico-sdk/src/rp2_common/pico_mem_ops/mem_ops_aeabi.S.obj
 .ARM.attributes
                0x00000522       0x22 CMakeFiles/trackpad_test.dir/C_/Users/matti/Pico/pico-sdk/src/rp2_common/pico_standard_link/crt0.S.obj
 .ARM.attributes
                0x00000544       0x2c CMakeFiles/trackpad_test.dir/C_/Users/matti/Pico/pico-sdk/src/rp2_common/pico_standard_link/binary_info.c.obj
 .ARM.attributes
                0x00000570       0x2c CMakeFiles/trackpad_test.dir/C_/Users/matti/Pico/pico-sdk/src/rp2_common/pico_stdio/stdio.c.obj
 .ARM.attributes
                0x0000059c       0x2c CMakeFiles/trackpad_test.dir/C_/Users/matti/Pico/pico-sdk/src/rp2_common/pico_stdio_uart/stdio_uart.c.obj
 .ARM.attributes
                0x000005c8       0x2c CMakeFiles/trackpad_test.dir/C_/Users/matti/Pico/pico-sdk/src/rp2_common/hardware_pio/pio.c.obj
 .ARM.attributes
                0x000005f4       0x2c CMakeFiles/trackpad_test.dir/C_/Users/matti/Pico/pico-sdk/src/rp2_common/hardware_adc/adc.c.obj
 .ARM.attributes
                0x00000620       0x22 C:\Users\matti\AppData\Local\Temp\ccGiuc01.o
 .ARM.attributes
                0x00000642       0x1e c:/progra~2/gnuarm~1/102021~1.10/bin/../lib/gcc/arm-none-eabi/10.3.1/thumb/v6-m/nofp\libgcc.a(_dvmd_tls.o)
 .ARM.attributes
                0x00000660       0x2c c:/progra~2/gnuarm~1/102021~1.10/bin/../lib/gcc/arm-none-eabi/10.3.1/../../../../arm-none-eabi/lib/thumb/v6-m/nofp\libc.a(lib_a-strlen-stub.o)

.comment        0x00000000       0x49
 .comment       0x00000000       0x49 CMakeFiles/trackpad_test.dir/trackpad.c.obj
                                 0x4a (size before relaxing)
 .comment       0x00000049       0x4a CMakeFiles/trackpad_test.dir/vga_graphics.c.obj
 .comment       0x00000049       0x4a CMakeFiles/trackpad_test.dir/C_/Users/matti/Pico/pico-sdk/src/rp2_common/hardware_gpio/gpio.c.obj
 .comment       0x00000049       0x4a CMakeFiles/trackpad_test.dir/C_/Users/matti/Pico/pico-sdk/src/rp2_common/pico_platform/platform.c.obj
 .comment       0x00000049       0x4a CMakeFiles/trackpad_test.dir/C_/Users/matti/Pico/pico-sdk/src/rp2_common/hardware_claim/claim.c.obj
 .comment       0x00000049       0x4a CMakeFiles/trackpad_test.dir/C_/Users/matti/Pico/pico-sdk/src/rp2_common/hardware_sync/sync.c.obj
 .comment       0x00000049       0x4a CMakeFiles/trackpad_test.dir/C_/Users/matti/Pico/pico-sdk/src/rp2_common/hardware_irq/irq.c.obj
 .comment       0x00000049       0x4a CMakeFiles/trackpad_test.dir/C_/Users/matti/Pico/pico-sdk/src/common/pico_sync/lock_core.c.obj
 .comment       0x00000049       0x4a CMakeFiles/trackpad_test.dir/C_/Users/matti/Pico/pico-sdk/src/common/pico_sync/mutex.c.obj
 .comment       0x00000049       0x4a CMakeFiles/trackpad_test.dir/C_/Users/matti/Pico/pico-sdk/src/common/pico_time/time.c.obj
 .comment       0x00000049       0x4a CMakeFiles/trackpad_test.dir/C_/Users/matti/Pico/pico-sdk/src/rp2_common/hardware_timer/timer.c.obj
 .comment       0x00000049       0x4a CMakeFiles/trackpad_test.dir/C_/Users/matti/Pico/pico-sdk/src/common/pico_util/pheap.c.obj
 .comment       0x00000049       0x4a CMakeFiles/trackpad_test.dir/C_/Users/matti/Pico/pico-sdk/src/rp2_common/hardware_uart/uart.c.obj
 .comment       0x00000049       0x4a CMakeFiles/trackpad_test.dir/C_/Users/matti/Pico/pico-sdk/src/rp2_common/hardware_clocks/clocks.c.obj
 .comment       0x00000049       0x4a CMakeFiles/trackpad_test.dir/C_/Users/matti/Pico/pico-sdk/src/rp2_common/hardware_pll/pll.c.obj
 .comment       0x00000049       0x4a CMakeFiles/trackpad_test.dir/C_/Users/matti/Pico/pico-sdk/src/rp2_common/hardware_watchdog/watchdog.c.obj
 .comment       0x00000049       0x4a CMakeFiles/trackpad_test.dir/C_/Users/matti/Pico/pico-sdk/src/rp2_common/hardware_xosc/xosc.c.obj
 .comment       0x00000049       0x4a CMakeFiles/trackpad_test.dir/C_/Users/matti/Pico/pico-sdk/src/rp2_common/pico_runtime/runtime.c.obj
 .comment       0x00000049       0x4a CMakeFiles/trackpad_test.dir/C_/Users/matti/Pico/pico-sdk/src/rp2_common/pico_printf/printf.c.obj
 .comment       0x00000049       0x4a CMakeFiles/trackpad_test.dir/C_/Users/matti/Pico/pico-sdk/src/rp2_common/pico_bootrom/bootrom.c.obj
 .comment       0x00000049       0x4a CMakeFiles/trackpad_test.dir/C_/Users/matti/Pico/pico-sdk/src/rp2_common/pico_double/double_init_rom.c.obj
 .comment       0x00000049       0x4a CMakeFiles/trackpad_test.dir/C_/Users/matti/Pico/pico-sdk/src/rp2_common/pico_float/float_init_rom.c.obj
 .comment       0x00000049       0x4a CMakeFiles/trackpad_test.dir/C_/Users/matti/Pico/pico-sdk/src/rp2_common/pico_standard_link/binary_info.c.obj
 .comment       0x00000049       0x4a CMakeFiles/trackpad_test.dir/C_/Users/matti/Pico/pico-sdk/src/rp2_common/pico_stdio/stdio.c.obj
 .comment       0x00000049       0x4a CMakeFiles/trackpad_test.dir/C_/Users/matti/Pico/pico-sdk/src/rp2_common/pico_stdio_uart/stdio_uart.c.obj
 .comment       0x00000049       0x4a CMakeFiles/trackpad_test.dir/C_/Users/matti/Pico/pico-sdk/src/rp2_common/hardware_pio/pio.c.obj
 .comment       0x00000049       0x4a CMakeFiles/trackpad_test.dir/C_/Users/matti/Pico/pico-sdk/src/rp2_common/hardware_adc/adc.c.obj

.debug_frame    0x00000000       0x28
 .debug_frame   0x00000000       0x28 c:/progra~2/gnuarm~1/102021~1.10/bin/../lib/gcc/arm-none-eabi/10.3.1/../../../../arm-none-eabi/lib/thumb/v6-m/nofp\libc.a(lib_a-strlen-stub.o)
